[INFO] Scanning for projects...
[INFO] 
[INFO] ------------------------< com.jpmc:midas-core >-------------------------
[INFO] Building midas-core 1.0.0
[INFO] --------------------------------[ jar ]---------------------------------
[INFO] 
[INFO] --- maven-resources-plugin:3.3.1:resources (default-resources) @ midas-core ---
[INFO] skip non existing resourceDirectory /Users/anshpanchal/.gemini/antigravity/scratch/forage-midas/src/main/resources
[INFO] skip non existing resourceDirectory /Users/anshpanchal/.gemini/antigravity/scratch/forage-midas/src/main/resources
[INFO] 
[INFO] --- maven-compiler-plugin:3.11.0:compile (default-compile) @ midas-core ---
[INFO] Nothing to compile - all classes are up to date
[INFO] 
[INFO] --- maven-resources-plugin:3.3.1:testResources (default-testResources) @ midas-core ---
[INFO] Copying 5 resources from src/test/resources to target/test-classes
[INFO] 
[INFO] --- maven-compiler-plugin:3.11.0:testCompile (default-testCompile) @ midas-core ---
[INFO] Nothing to compile - all classes are up to date
[INFO] 
[INFO] --- maven-surefire-plugin:3.1.2:test (default-test) @ midas-core ---
[INFO] Using auto detected provider org.apache.maven.surefire.junitplatform.JUnitPlatformProvider
[INFO] 
[INFO] -------------------------------------------------------
[INFO]  T E S T S
[INFO] -------------------------------------------------------
[INFO] Running com.jpmc.midascore.TaskFiveTests
16:20:26.462 [main] INFO org.springframework.test.context.support.AnnotationConfigContextLoaderUtils -- Could not detect default configuration classes for test class [com.jpmc.midascore.TaskFiveTests]: TaskFiveTests does not declare any static, non-private, non-final, nested classes annotated with @Configuration.
16:20:26.495 [main] INFO org.springframework.boot.test.context.SpringBootTestContextBootstrapper -- Found @SpringBootConfiguration com.jpmc.midascore.MidasCoreApplication for test class com.jpmc.midascore.TaskFiveTests

  .   ____          _            __ _ _
 /\\ / ___'_ __ _ _(_)_ __  __ _ \ \ \ \
( ( )\___ | '_ | '_| | '_ \/ _` | \ \ \ \
 \\/  ___)| |_)| | | | | || (_| |  ) ) ) )
  '  |____| .__|_| |_|_| |_\__, | / / / /
 =========|_|==============|___/=/_/_/_/
 :: Spring Boot ::                (v3.2.5)

2026-01-23T16:20:26.725Z  INFO 7318 --- [           main] k.utils.Log4jControllerRegistration$     : Registered kafka:type=kafka.Log4jController MBean
2026-01-23T16:20:26.733Z  INFO 7318 --- [           main] org.apache.zookeeper.common.X509Util     : Setting -D jdk.tls.rejectClientInitiatedRenegotiation=true to disable client-initiated TLS renegotiation
2026-01-23T16:20:26.778Z  INFO 7318 --- [-kit-executor-1] kafka.server.ControllerServer            : Formatting /var/folders/5y/drkgp24s4953fcp75wvzd9_h0000gn/T/kafka-16999910623255496955/controller_0 with metadata.version 3.3-IV0.
2026-01-23T16:20:26.779Z  INFO 7318 --- [-kit-executor-2] kafka.server.ControllerServer            : [ControllerServer id=0] Starting controller
2026-01-23T16:20:26.779Z  INFO 7318 --- [-kit-executor-3] kafka.server.BrokerServer                : [BrokerServer id=0] Transition from SHUTDOWN to STARTING
2026-01-23T16:20:26.779Z  INFO 7318 --- [-kit-executor-3] kafka.server.SharedServer                : [SharedServer id=0] Starting SharedServer
2026-01-23T16:20:26.787Z  INFO 7318 --- [-kit-executor-2] o.a.k.s.network.EndpointReadyFutures     : authorizerStart completed for endpoint CONTROLLER. Endpoint is now READY.
2026-01-23T16:20:26.814Z  INFO 7318 --- [-kit-executor-3] kafka.log.UnifiedLog$                    : [LogLoader partition=__cluster_metadata-0, dir=/var/folders/5y/drkgp24s4953fcp75wvzd9_h0000gn/T/kafka-16999910623255496955/controller_0] Loading producer state till offset 0 with message format version 2
2026-01-23T16:20:26.815Z  INFO 7318 --- [-kit-executor-3] kafka.log.UnifiedLog$                    : [LogLoader partition=__cluster_metadata-0, dir=/var/folders/5y/drkgp24s4953fcp75wvzd9_h0000gn/T/kafka-16999910623255496955/controller_0] Reloading from producer snapshot and rebuilding producer state from offset 0
2026-01-23T16:20:26.815Z  INFO 7318 --- [-kit-executor-3] kafka.log.UnifiedLog$                    : [LogLoader partition=__cluster_metadata-0, dir=/var/folders/5y/drkgp24s4953fcp75wvzd9_h0000gn/T/kafka-16999910623255496955/controller_0] Producer state recovery took 0ms for snapshot load and 0ms for segment recovery from offset 0
2026-01-23T16:20:26.826Z  INFO 7318 --- [-kit-executor-3] kafka.raft.KafkaMetadataLog$             : Initialized snapshots with IDs SortedSet() from /var/folders/5y/drkgp24s4953fcp75wvzd9_h0000gn/T/kafka-16999910623255496955/controller_0/__cluster_metadata-0
2026-01-23T16:20:26.839Z  INFO 7318 --- [piration-reaper] ExpirationService$ExpiredOperationReaper : [raft-expiration-reaper]: Starting
2026-01-23T16:20:26.857Z  INFO 7318 --- [-kit-executor-3] org.apache.kafka.raft.QuorumState        : [RaftManager id=0] Completed transition to Unattached(epoch=0, voters=[0], electionTimeoutMs=1654) from null
2026-01-23T16:20:26.863Z  INFO 7318 --- [-kit-executor-3] org.apache.kafka.raft.QuorumState        : [RaftManager id=0] Completed transition to CandidateState(localId=0, epoch=1, retries=1, voteStates={0=GRANTED}, highWatermark=Optional.empty, electionTimeoutMs=1121) from Unattached(epoch=0, voters=[0], electionTimeoutMs=1654)
2026-01-23T16:20:26.868Z  INFO 7318 --- [-kit-executor-3] org.apache.kafka.raft.QuorumState        : [RaftManager id=0] Completed transition to Leader(localId=0, epoch=1, epochStartOffset=0, highWatermark=Optional.empty, voterStates={0=ReplicaState(nodeId=0, endOffset=Optional.empty, lastFetchTimestamp=-1, lastCaughtUpTimestamp=-1, hasAcknowledgedLeader=true)}) from CandidateState(localId=0, epoch=1, retries=1, voteStates={0=GRANTED}, highWatermark=Optional.empty, electionTimeoutMs=1121)
2026-01-23T16:20:26.883Z  INFO 7318 --- [-kit-executor-2] kafka.network.ConnectionQuotas           : Updated connection-accept-rate max connection creation rate to 2147483647
2026-01-23T16:20:26.890Z  INFO 7318 --- [-kit-executor-2] kafka.network.DataPlaneAcceptor          : Awaiting socket connections on localhost:50552.
2026-01-23T16:20:26.890Z  INFO 7318 --- [-kit-executor-2] kafka.network.DataPlaneAcceptor          : Opened wildcard endpoint localhost:50552
2026-01-23T16:20:26.895Z  INFO 7318 --- [-kit-executor-2] kafka.network.SocketServer               : [SocketServer listenerType=CONTROLLER, nodeId=0] Created data-plane acceptor and processors for endpoint : ListenerName(CONTROLLER)
2026-01-23T16:20:26.896Z  INFO 7318 --- [-request-thread] kafka.raft.RaftSendThread                : [kafka-0-raft-outbound-request-thread]: Starting
2026-01-23T16:20:26.896Z  INFO 7318 --- [-raft-io-thread] k.raft.KafkaRaftManager$RaftIoThread     : [kafka-0-raft-io-thread]: Starting
2026-01-23T16:20:26.901Z  INFO 7318 --- [-raft-io-thread] org.apache.kafka.raft.LeaderState        : [RaftManager id=0] High watermark set to LogOffsetMetadata(offset=1, metadata=Optional[(segmentBaseOffset=0,relativePositionInSegment=91)]) for the first time for epoch 1 based on indexOfHw 0 and voters [ReplicaState(nodeId=0, endOffset=Optional[LogOffsetMetadata(offset=1, metadata=Optional[(segmentBaseOffset=0,relativePositionInSegment=91)])], lastFetchTimestamp=-1, lastCaughtUpTimestamp=-1, hasAcknowledgedLeader=true)]
2026-01-23T16:20:26.903Z  INFO 7318 --- [r-event-handler] o.a.kafka.image.loader.MetadataLoader    : [MetadataLoader id=0] initializeNewPublishers: The loader is still catching up because we have loaded up to offset -1, but the high water mark is 1
2026-01-23T16:20:26.904Z  INFO 7318 --- [-kit-executor-3] kafka.server.BrokerServer                : [BrokerServer id=0] Starting broker
2026-01-23T16:20:26.904Z  INFO 7318 --- [-kit-executor-2] kafka.server.ControllerServer            : [ControllerServer id=0] Waiting for controller quorum voters future
2026-01-23T16:20:26.904Z  INFO 7318 --- [-kit-executor-2] kafka.server.ControllerServer            : [ControllerServer id=0] Finished waiting for controller quorum voters future
2026-01-23T16:20:26.908Z  INFO 7318 --- [nelReaper-Fetch] lientQuotaManager$ThrottledChannelReaper : [broker-0-ThrottledChannelReaper-Fetch]: Starting
2026-01-23T16:20:26.908Z  INFO 7318 --- [lReaper-Produce] lientQuotaManager$ThrottledChannelReaper : [broker-0-ThrottledChannelReaper-Produce]: Starting
2026-01-23T16:20:26.908Z  INFO 7318 --- [-raft-io-thread] org.apache.kafka.raft.KafkaRaftClient    : [RaftManager id=0] Registered the listener org.apache.kafka.image.loader.MetadataLoader@1390127128
2026-01-23T16:20:26.909Z  INFO 7318 --- [lReaper-Request] lientQuotaManager$ThrottledChannelReaper : [broker-0-ThrottledChannelReaper-Request]: Starting
2026-01-23T16:20:26.909Z  INFO 7318 --- [trollerMutation] lientQuotaManager$ThrottledChannelReaper : [broker-0-ThrottledChannelReaper-ControllerMutation]: Starting
2026-01-23T16:20:26.911Z  INFO 7318 --- [r-event-handler] o.a.kafka.image.loader.MetadataLoader    : [MetadataLoader id=0] maybePublishMetadata(LOG_DELTA): The loader is still catching up because we have not loaded a controller record as of offset 0 and high water mark is 1
2026-01-23T16:20:26.913Z  INFO 7318 --- [-kit-executor-2] o.a.kafka.controller.QuorumController    : [QuorumController id=0] Creating new QuorumController with clusterId GjD-lLKQRGGPlFrq8rA30A.
2026-01-23T16:20:26.913Z  INFO 7318 --- [-raft-io-thread] org.apache.kafka.raft.KafkaRaftClient    : [RaftManager id=0] Registered the listener org.apache.kafka.controller.QuorumController$QuorumMetaLogListener@1256718391
2026-01-23T16:20:26.913Z  INFO 7318 --- [nelReaper-Fetch] lientQuotaManager$ThrottledChannelReaper : [controller-0-ThrottledChannelReaper-Fetch]: Starting
2026-01-23T16:20:26.913Z  INFO 7318 --- [lReaper-Produce] lientQuotaManager$ThrottledChannelReaper : [controller-0-ThrottledChannelReaper-Produce]: Starting
2026-01-23T16:20:26.913Z  INFO 7318 --- [lReaper-Request] lientQuotaManager$ThrottledChannelReaper : [controller-0-ThrottledChannelReaper-Request]: Starting
2026-01-23T16:20:26.913Z  INFO 7318 --- [trollerMutation] lientQuotaManager$ThrottledChannelReaper : [controller-0-ThrottledChannelReaper-ControllerMutation]: Starting
2026-01-23T16:20:26.914Z  INFO 7318 --- [-kit-executor-3] kafka.log.LogManager                     : Log directory /var/folders/5y/drkgp24s4953fcp75wvzd9_h0000gn/T/kafka-16999910623255496955/broker_0_data0 not found, creating it.
2026-01-23T16:20:26.914Z  INFO 7318 --- [0-event-handler] o.a.kafka.controller.QuorumController    : [QuorumController id=0] Becoming the active controller at epoch 1, next write offset 1.
2026-01-23T16:20:26.915Z  WARN 7318 --- [0-event-handler] o.a.kafka.controller.QuorumController    : [QuorumController id=0] Performing controller activation. The metadata log appears to be empty. Appending 1 bootstrap record(s) in metadata transaction at metadata.version 3.6-IV2 from bootstrap source 'testkit'. Setting the ZK migration state to NONE since this is a de-novo KRaft cluster.
2026-01-23T16:20:26.915Z  INFO 7318 --- [0-event-handler] o.a.k.controller.OffsetControlManager    : [QuorumController id=0] Replayed BeginTransactionRecord(name='Bootstrap records') at offset 1.
2026-01-23T16:20:26.916Z  INFO 7318 --- [0-event-handler] o.a.k.controller.FeatureControlManager   : [QuorumController id=0] Replayed a FeatureLevelRecord setting metadata version to 3.6-IV2
2026-01-23T16:20:26.916Z  INFO 7318 --- [0-event-handler] o.a.k.controller.OffsetControlManager    : [QuorumController id=0] Replayed EndTransactionRecord() at offset 4.
2026-01-23T16:20:26.918Z  INFO 7318 --- [per-0-AlterAcls] perationPurgatory$ExpiredOperationReaper : [ExpirationReaper-0-AlterAcls]: Starting
2026-01-23T16:20:26.920Z  INFO 7318 --- [-kit-executor-3] kafka.server.BrokerServer                : [BrokerServer id=0] Waiting for controller quorum voters future
2026-01-23T16:20:26.920Z  INFO 7318 --- [-kit-executor-3] kafka.server.BrokerServer                : [BrokerServer id=0] Finished waiting for controller quorum voters future
2026-01-23T16:20:26.920Z  INFO 7318 --- [-kit-executor-2] kafka.server.ControllerServer            : [ControllerServer id=0] Waiting for the controller metadata publishers to be installed
2026-01-23T16:20:26.920Z  INFO 7318 --- [-kit-executor-2] kafka.server.ControllerServer            : [ControllerServer id=0] Finished waiting for the controller metadata publishers to be installed
2026-01-23T16:20:26.920Z  INFO 7318 --- [r-event-handler] o.a.kafka.image.loader.MetadataLoader    : [MetadataLoader id=0] initializeNewPublishers: The loader finished catching up to the current high water mark of 1
2026-01-23T16:20:26.920Z  INFO 7318 --- [-kit-executor-2] kafka.network.SocketServer               : [SocketServer listenerType=CONTROLLER, nodeId=0] Enabling request processing.
2026-01-23T16:20:26.921Z  INFO 7318 --- [-kit-executor-2] kafka.server.ControllerServer            : [ControllerServer id=0] Waiting for all of the authorizer futures to be completed
2026-01-23T16:20:26.921Z  INFO 7318 --- [-kit-executor-2] kafka.server.ControllerServer            : [ControllerServer id=0] Finished waiting for all of the authorizer futures to be completed
2026-01-23T16:20:26.921Z  INFO 7318 --- [-kit-executor-2] kafka.server.ControllerServer            : [ControllerServer id=0] Waiting for all of the SocketServer Acceptors to be started
2026-01-23T16:20:26.921Z  INFO 7318 --- [-kit-executor-2] kafka.server.ControllerServer            : [ControllerServer id=0] Finished waiting for all of the SocketServer Acceptors to be started
2026-01-23T16:20:26.922Z  INFO 7318 --- [channel-manager] k.s.BrokerToControllerRequestThread      : [broker-0-to-controller-forwarding-channel-manager]: Starting
2026-01-23T16:20:26.922Z  INFO 7318 --- [channel-manager] k.s.BrokerToControllerRequestThread      : [broker-0-to-controller-forwarding-channel-manager]: Recorded new controller, from now on will use node localhost:50552 (id: 0 rack: null)
2026-01-23T16:20:26.922Z  INFO 7318 --- [r-event-handler] o.a.kafka.image.loader.MetadataLoader    : [MetadataLoader id=0] InitializeNewPublishers: initializing SnapshotGenerator with a snapshot at offset 0
2026-01-23T16:20:26.922Z  INFO 7318 --- [r-event-handler] o.a.kafka.image.loader.MetadataLoader    : [MetadataLoader id=0] InitializeNewPublishers: initializing FeaturesPublisher with a snapshot at offset 0
2026-01-23T16:20:26.922Z  INFO 7318 --- [r-event-handler] o.a.kafka.image.loader.MetadataLoader    : [MetadataLoader id=0] InitializeNewPublishers: initializing DynamicConfigPublisher controller id=0 with a snapshot at offset 0
2026-01-23T16:20:26.922Z  INFO 7318 --- [r-event-handler] o.a.kafka.image.loader.MetadataLoader    : [MetadataLoader id=0] InitializeNewPublishers: initializing DynamicClientQuotaPublisher controller id=0 with a snapshot at offset 0
2026-01-23T16:20:26.923Z  INFO 7318 --- [r-event-handler] o.a.kafka.image.loader.MetadataLoader    : [MetadataLoader id=0] InitializeNewPublishers: initializing ScramPublisher controller id=0 with a snapshot at offset 0
2026-01-23T16:20:26.923Z  INFO 7318 --- [r-event-handler] o.a.kafka.image.loader.MetadataLoader    : [MetadataLoader id=0] InitializeNewPublishers: initializing DelegationTokenPublisher controller id=0 with a snapshot at offset 0
2026-01-23T16:20:26.923Z  INFO 7318 --- [r-event-handler] o.a.kafka.image.loader.MetadataLoader    : [MetadataLoader id=0] InitializeNewPublishers: initializing ControllerMetadataMetricsPublisher with a snapshot at offset 0
2026-01-23T16:20:26.923Z  INFO 7318 --- [r-event-handler] o.a.kafka.image.loader.MetadataLoader    : [MetadataLoader id=0] InitializeNewPublishers: initializing AclPublisher controller id=0 with a snapshot at offset 0
2026-01-23T16:20:26.928Z  INFO 7318 --- [-kit-executor-3] kafka.network.ConnectionQuotas           : Updated connection-accept-rate max connection creation rate to 2147483647
2026-01-23T16:20:26.928Z  INFO 7318 --- [-kit-executor-3] kafka.network.DataPlaneAcceptor          : Awaiting socket connections on localhost:50553.
2026-01-23T16:20:26.928Z  INFO 7318 --- [-kit-executor-3] kafka.network.DataPlaneAcceptor          : Opened wildcard endpoint localhost:50553
2026-01-23T16:20:26.929Z  INFO 7318 --- [-kit-executor-3] kafka.network.SocketServer               : [SocketServer listenerType=BROKER, nodeId=0] Created data-plane acceptor and processors for endpoint : ListenerName(EXTERNAL)
2026-01-23T16:20:26.930Z  INFO 7318 --- [channel-manager] k.s.BrokerToControllerRequestThread      : [broker-0-to-controller-alter-partition-channel-manager]: Starting
2026-01-23T16:20:26.930Z  INFO 7318 --- [channel-manager] k.s.BrokerToControllerRequestThread      : [broker-0-to-controller-alter-partition-channel-manager]: Recorded new controller, from now on will use node localhost:50552 (id: 0 rack: null)
2026-01-23T16:20:26.936Z  INFO 7318 --- [eaper-0-Produce] perationPurgatory$ExpiredOperationReaper : [ExpirationReaper-0-Produce]: Starting
2026-01-23T16:20:26.936Z  INFO 7318 --- [nReaper-0-Fetch] perationPurgatory$ExpiredOperationReaper : [ExpirationReaper-0-Fetch]: Starting
2026-01-23T16:20:26.937Z  INFO 7318 --- [0-DeleteRecords] perationPurgatory$ExpiredOperationReaper : [ExpirationReaper-0-DeleteRecords]: Starting
2026-01-23T16:20:26.937Z  INFO 7318 --- [r-0-ElectLeader] perationPurgatory$ExpiredOperationReaper : [ExpirationReaper-0-ElectLeader]: Starting
2026-01-23T16:20:26.937Z  INFO 7318 --- [r-0-RemoteFetch] perationPurgatory$ExpiredOperationReaper : [ExpirationReaper-0-RemoteFetch]: Starting
2026-01-23T16:20:26.942Z  INFO 7318 --- [per-0-Heartbeat] perationPurgatory$ExpiredOperationReaper : [ExpirationReaper-0-Heartbeat]: Starting
2026-01-23T16:20:26.942Z  INFO 7318 --- [per-0-Rebalance] perationPurgatory$ExpiredOperationReaper : [ExpirationReaper-0-Rebalance]: Starting
2026-01-23T16:20:26.951Z  INFO 7318 --- [channel-manager] k.s.BrokerToControllerRequestThread      : [broker-0-to-controller-heartbeat-channel-manager]: Starting
2026-01-23T16:20:26.951Z  INFO 7318 --- [channel-manager] k.s.BrokerToControllerRequestThread      : [broker-0-to-controller-heartbeat-channel-manager]: Recorded new controller, from now on will use node localhost:50552 (id: 0 rack: null)
2026-01-23T16:20:26.952Z  INFO 7318 --- [r-event-handler] kafka.server.BrokerLifecycleManager      : [BrokerLifecycleManager id=0] Incarnation cR4CKDZgREenyb5eWuX3vA of broker 0 in cluster GjD-lLKQRGGPlFrq8rA30A is now STARTING.
2026-01-23T16:20:26.960Z  INFO 7318 --- [per-0-AlterAcls] perationPurgatory$ExpiredOperationReaper : [ExpirationReaper-0-AlterAcls]: Starting
2026-01-23T16:20:26.966Z  INFO 7318 --- [-kit-executor-3] kafka.server.BrokerServer                : [BrokerServer id=0] Waiting for the broker metadata publishers to be installed
2026-01-23T16:20:26.966Z  INFO 7318 --- [-kit-executor-3] kafka.server.BrokerServer                : [BrokerServer id=0] Finished waiting for the broker metadata publishers to be installed
2026-01-23T16:20:26.966Z  INFO 7318 --- [r-event-handler] o.a.kafka.image.loader.MetadataLoader    : [MetadataLoader id=0] InitializeNewPublishers: initializing BrokerMetadataPublisher with a snapshot at offset 4
2026-01-23T16:20:26.966Z  INFO 7318 --- [-kit-executor-3] kafka.server.BrokerServer                : [BrokerServer id=0] Waiting for the controller to acknowledge that we are caught up
2026-01-23T16:20:26.966Z  INFO 7318 --- [r-event-handler] k.s.metadata.BrokerMetadataPublisher     : [BrokerMetadataPublisher id=0] Publishing initial metadata at offset OffsetAndEpoch(offset=4, epoch=1) with metadata.version 3.6-IV2.
2026-01-23T16:20:26.967Z  INFO 7318 --- [r-event-handler] kafka.log.LogManager                     : Loading logs from log dirs ArraySeq(/var/folders/5y/drkgp24s4953fcp75wvzd9_h0000gn/T/kafka-16999910623255496955/broker_0_data0)
2026-01-23T16:20:26.968Z  INFO 7318 --- [r-event-handler] kafka.log.LogManager                     : No logs found to be loaded in /var/folders/5y/drkgp24s4953fcp75wvzd9_h0000gn/T/kafka-16999910623255496955/broker_0_data0
2026-01-23T16:20:26.970Z  INFO 7318 --- [r-event-handler] kafka.log.LogManager                     : Loaded 0 logs in 3ms
2026-01-23T16:20:26.970Z  INFO 7318 --- [r-event-handler] kafka.log.LogManager                     : Starting log cleanup with a period of 300000 ms.
2026-01-23T16:20:26.970Z  INFO 7318 --- [r-event-handler] kafka.log.LogManager                     : Starting log flusher with a default period of 9223372036854775807 ms.
2026-01-23T16:20:26.972Z  INFO 7318 --- [0-event-handler] o.a.k.controller.ClusterControlManager   : [QuorumController id=0] Replayed initial RegisterBrokerRecord for broker 0: RegisterBrokerRecord(brokerId=0, isMigratingZkBroker=false, incarnationId=cR4CKDZgREenyb5eWuX3vA, brokerEpoch=5, endPoints=[BrokerEndpoint(name='EXTERNAL', host='localhost', port=50553, securityProtocol=0)], features=[BrokerFeature(name='metadata.version', minSupportedVersion=1, maxSupportedVersion=14)], rack=null, fenced=true, inControlledShutdown=false)
2026-01-23T16:20:26.973Z  INFO 7318 --- [r-event-handler] kafka.log.LogCleaner                     : Starting the log cleaner
2026-01-23T16:20:26.974Z  INFO 7318 --- [leaner-thread-0] kafka.log.LogCleaner$CleanerThread       : [kafka-log-cleaner-thread-0]: Starting
2026-01-23T16:20:26.975Z  INFO 7318 --- [rFailureHandler] k.s.ReplicaManager$LogDirFailureHandler  : [LogDirFailureHandler]: Starting
2026-01-23T16:20:26.975Z  INFO 7318 --- [nSenderThread-0] kafka.server.AddPartitionsToTxnManager   : [AddPartitionsToTxnSenderThread-0]: Starting
2026-01-23T16:20:26.975Z  INFO 7318 --- [r-event-handler] k.coordinator.group.GroupCoordinator     : [GroupCoordinator 0]: Starting up.
2026-01-23T16:20:26.975Z  INFO 7318 --- [r-event-handler] k.coordinator.group.GroupCoordinator     : [GroupCoordinator 0]: Startup complete.
2026-01-23T16:20:26.975Z  INFO 7318 --- [r-event-handler] k.c.transaction.TransactionCoordinator   : [TransactionCoordinator id=0] Starting up.
2026-01-23T16:20:26.976Z  INFO 7318 --- [rSenderThread-0] k.c.t.TransactionMarkerChannelManager    : [TxnMarkerSenderThread-0]: Starting
2026-01-23T16:20:26.976Z  INFO 7318 --- [r-event-handler] k.c.transaction.TransactionCoordinator   : [TransactionCoordinator id=0] Startup complete.
2026-01-23T16:20:26.976Z  INFO 7318 --- [r-event-handler] k.s.metadata.BrokerMetadataPublisher     : [BrokerMetadataPublisher id=0] Updating metadata.version to 14 at offset OffsetAndEpoch(offset=4, epoch=1).
2026-01-23T16:20:27.002Z  INFO 7318 --- [channel-manager] kafka.server.BrokerLifecycleManager      : [BrokerLifecycleManager id=0] Successfully registered broker 0 with broker epoch 5
2026-01-23T16:20:27.004Z  INFO 7318 --- [channel-manager] kafka.server.BrokerLifecycleManager      : [BrokerLifecycleManager id=0] The broker has caught up. Transitioning from STARTING to RECOVERY.
2026-01-23T16:20:27.004Z  INFO 7318 --- [-kit-executor-3] kafka.server.BrokerServer                : [BrokerServer id=0] Finished waiting for the controller to acknowledge that we are caught up
2026-01-23T16:20:27.004Z  INFO 7318 --- [-kit-executor-3] kafka.server.BrokerServer                : [BrokerServer id=0] Waiting for the initial broker metadata update to be published
2026-01-23T16:20:27.004Z  INFO 7318 --- [-kit-executor-3] kafka.server.BrokerServer                : [BrokerServer id=0] Finished waiting for the initial broker metadata update to be published
2026-01-23T16:20:27.005Z  INFO 7318 --- [-kit-executor-3] kafka.server.KafkaConfig                 : KafkaConfig values: 
	advertised.listeners = null
	alter.config.policy.class.name = null
	alter.log.dirs.replication.quota.window.num = 11
	alter.log.dirs.replication.quota.window.size.seconds = 1
	authorizer.class.name = 
	auto.create.topics.enable = true
	auto.include.jmx.reporter = true
	auto.leader.rebalance.enable = true
	background.threads = 10
	broker.heartbeat.interval.ms = 2000
	broker.id = 0
	broker.id.generation.enable = true
	broker.rack = null
	broker.session.timeout.ms = 9000
	client.quota.callback.class = null
	compression.type = producer
	connection.failed.authentication.delay.ms = 100
	connections.max.idle.ms = 600000
	connections.max.reauth.ms = 0
	control.plane.listener.name = null
	controlled.shutdown.enable = true
	controlled.shutdown.max.retries = 3
	controlled.shutdown.retry.backoff.ms = 5000
	controller.listener.names = CONTROLLER
	controller.quorum.append.linger.ms = 25
	controller.quorum.election.backoff.max.ms = 1000
	controller.quorum.election.timeout.ms = 1000
	controller.quorum.fetch.timeout.ms = 2000
	controller.quorum.request.timeout.ms = 2000
	controller.quorum.retry.backoff.ms = 20
	controller.quorum.voters = [0@0.0.0.0:0]
	controller.quota.window.num = 11
	controller.quota.window.size.seconds = 1
	controller.socket.timeout.ms = 30000
	create.topic.policy.class.name = null
	default.replication.factor = 1
	delegation.token.expiry.check.interval.ms = 3600000
	delegation.token.expiry.time.ms = 86400000
	delegation.token.master.key = null
	delegation.token.max.lifetime.ms = 604800000
	delegation.token.secret.key = null
	delete.records.purgatory.purge.interval.requests = 1
	delete.topic.enable = true
	early.start.listeners = null
	fetch.max.bytes = 57671680
	fetch.purgatory.purge.interval.requests = 1000
	group.consumer.assignors = [org.apache.kafka.coordinator.group.assignor.RangeAssignor]
	group.consumer.heartbeat.interval.ms = 5000
	group.consumer.max.heartbeat.interval.ms = 15000
	group.consumer.max.session.timeout.ms = 60000
	group.consumer.max.size = 2147483647
	group.consumer.min.heartbeat.interval.ms = 5000
	group.consumer.min.session.timeout.ms = 45000
	group.consumer.session.timeout.ms = 45000
	group.coordinator.new.enable = false
	group.coordinator.threads = 1
	group.initial.rebalance.delay.ms = 0
	group.max.session.timeout.ms = 1800000
	group.max.size = 2147483647
	group.min.session.timeout.ms = 6000
	initial.broker.registration.timeout.ms = 60000
	inter.broker.listener.name = EXTERNAL
	inter.broker.protocol.version = 3.6-IV2
	kafka.metrics.polling.interval.secs = 10
	kafka.metrics.reporters = []
	leader.imbalance.check.interval.seconds = 300
	leader.imbalance.per.broker.percentage = 10
	listener.security.protocol.map = EXTERNAL:PLAINTEXT,CONTROLLER:PLAINTEXT
	listeners = EXTERNAL://localhost:0,CONTROLLER://localhost:0
	log.cleaner.backoff.ms = 15000
	log.cleaner.dedupe.buffer.size = 2097152
	log.cleaner.delete.retention.ms = 86400000
	log.cleaner.enable = true
	log.cleaner.io.buffer.load.factor = 0.9
	log.cleaner.io.buffer.size = 524288
	log.cleaner.io.max.bytes.per.second = 1.7976931348623157E308
	log.cleaner.max.compaction.lag.ms = 9223372036854775807
	log.cleaner.min.cleanable.ratio = 0.5
	log.cleaner.min.compaction.lag.ms = 0
	log.cleaner.threads = 1
	log.cleanup.policy = [delete]
	log.dir = /tmp/kafka-logs
	log.dirs = /var/folders/5y/drkgp24s4953fcp75wvzd9_h0000gn/T/kafka-16999910623255496955/broker_0_data0
	log.flush.interval.messages = 9223372036854775807
	log.flush.interval.ms = null
	log.flush.offset.checkpoint.interval.ms = 60000
	log.flush.scheduler.interval.ms = 9223372036854775807
	log.flush.start.offset.checkpoint.interval.ms = 60000
	log.index.interval.bytes = 4096
	log.index.size.max.bytes = 10485760
	log.local.retention.bytes = -2
	log.local.retention.ms = -2
	log.message.downconversion.enable = true
	log.message.format.version = 3.0-IV1
	log.message.timestamp.after.max.ms = 9223372036854775807
	log.message.timestamp.before.max.ms = 9223372036854775807
	log.message.timestamp.difference.max.ms = 9223372036854775807
	log.message.timestamp.type = CreateTime
	log.preallocate = false
	log.retention.bytes = -1
	log.retention.check.interval.ms = 300000
	log.retention.hours = 168
	log.retention.minutes = null
	log.retention.ms = null
	log.roll.hours = 168
	log.roll.jitter.hours = 0
	log.roll.jitter.ms = null
	log.roll.ms = null
	log.segment.bytes = 1073741824
	log.segment.delete.delay.ms = 60000
	max.connection.creation.rate = 2147483647
	max.connections = 2147483647
	max.connections.per.ip = 2147483647
	max.connections.per.ip.overrides = 
	max.incremental.fetch.session.cache.slots = 1000
	message.max.bytes = 1048588
	metadata.log.dir = /var/folders/5y/drkgp24s4953fcp75wvzd9_h0000gn/T/kafka-16999910623255496955/controller_0
	metadata.log.max.record.bytes.between.snapshots = 20971520
	metadata.log.max.snapshot.interval.ms = 3600000
	metadata.log.segment.bytes = 1073741824
	metadata.log.segment.min.bytes = 8388608
	metadata.log.segment.ms = 604800000
	metadata.max.idle.interval.ms = 500
	metadata.max.retention.bytes = 104857600
	metadata.max.retention.ms = 604800000
	metric.reporters = []
	metrics.num.samples = 2
	metrics.recording.level = INFO
	metrics.sample.window.ms = 30000
	min.insync.replicas = 1
	node.id = 0
	num.io.threads = 8
	num.network.threads = 3
	num.partitions = 1
	num.recovery.threads.per.data.dir = 1
	num.replica.alter.log.dirs.threads = null
	num.replica.fetchers = 1
	offset.metadata.max.bytes = 4096
	offsets.commit.required.acks = -1
	offsets.commit.timeout.ms = 5000
	offsets.load.buffer.size = 5242880
	offsets.retention.check.interval.ms = 600000
	offsets.retention.minutes = 10080
	offsets.topic.compression.codec = 0
	offsets.topic.num.partitions = 50
	offsets.topic.replication.factor = 1
	offsets.topic.segment.bytes = 104857600
	password.encoder.cipher.algorithm = AES/CBC/PKCS5Padding
	password.encoder.iterations = 4096
	password.encoder.key.length = 128
	password.encoder.keyfactory.algorithm = null
	password.encoder.old.secret = null
	password.encoder.secret = null
	principal.builder.class = class org.apache.kafka.common.security.authenticator.DefaultKafkaPrincipalBuilder
	process.roles = [broker, controller]
	producer.id.expiration.check.interval.ms = 600000
	producer.id.expiration.ms = 86400000
	producer.purgatory.purge.interval.requests = 1000
	queued.max.request.bytes = -1
	queued.max.requests = 500
	quota.window.num = 11
	quota.window.size.seconds = 1
	remote.log.index.file.cache.total.size.bytes = 1073741824
	remote.log.manager.task.interval.ms = 30000
	remote.log.manager.task.retry.backoff.max.ms = 30000
	remote.log.manager.task.retry.backoff.ms = 500
	remote.log.manager.task.retry.jitter = 0.2
	remote.log.manager.thread.pool.size = 10
	remote.log.metadata.custom.metadata.max.bytes = 128
	remote.log.metadata.manager.class.name = org.apache.kafka.server.log.remote.metadata.storage.TopicBasedRemoteLogMetadataManager
	remote.log.metadata.manager.class.path = null
	remote.log.metadata.manager.impl.prefix = rlmm.config.
	remote.log.metadata.manager.listener.name = null
	remote.log.reader.max.pending.tasks = 100
	remote.log.reader.threads = 10
	remote.log.storage.manager.class.name = null
	remote.log.storage.manager.class.path = null
	remote.log.storage.manager.impl.prefix = rsm.config.
	remote.log.storage.system.enable = false
	replica.fetch.backoff.ms = 1000
	replica.fetch.max.bytes = 1048576
	replica.fetch.min.bytes = 1
	replica.fetch.response.max.bytes = 10485760
	replica.fetch.wait.max.ms = 500
	replica.high.watermark.checkpoint.interval.ms = 5000
	replica.lag.time.max.ms = 30000
	replica.selector.class = null
	replica.socket.receive.buffer.bytes = 65536
	replica.socket.timeout.ms = 30000
	replication.quota.window.num = 11
	replication.quota.window.size.seconds = 1
	request.timeout.ms = 30000
	reserved.broker.max.id = 1000
	sasl.client.callback.handler.class = null
	sasl.enabled.mechanisms = [GSSAPI]
	sasl.jaas.config = null
	sasl.kerberos.kinit.cmd = /usr/bin/kinit
	sasl.kerberos.min.time.before.relogin = 60000
	sasl.kerberos.principal.to.local.rules = [DEFAULT]
	sasl.kerberos.service.name = null
	sasl.kerberos.ticket.renew.jitter = 0.05
	sasl.kerberos.ticket.renew.window.factor = 0.8
	sasl.login.callback.handler.class = null
	sasl.login.class = null
	sasl.login.connect.timeout.ms = null
	sasl.login.read.timeout.ms = null
	sasl.login.refresh.buffer.seconds = 300
	sasl.login.refresh.min.period.seconds = 60
	sasl.login.refresh.window.factor = 0.8
	sasl.login.refresh.window.jitter = 0.05
	sasl.login.retry.backoff.max.ms = 10000
	sasl.login.retry.backoff.ms = 100
	sasl.mechanism.controller.protocol = GSSAPI
	sasl.mechanism.inter.broker.protocol = GSSAPI
	sasl.oauthbearer.clock.skew.seconds = 30
	sasl.oauthbearer.expected.audience = null
	sasl.oauthbearer.expected.issuer = null
	sasl.oauthbearer.jwks.endpoint.refresh.ms = 3600000
	sasl.oauthbearer.jwks.endpoint.retry.backoff.max.ms = 10000
	sasl.oauthbearer.jwks.endpoint.retry.backoff.ms = 100
	sasl.oauthbearer.jwks.endpoint.url = null
	sasl.oauthbearer.scope.claim.name = scope
	sasl.oauthbearer.sub.claim.name = sub
	sasl.oauthbearer.token.endpoint.url = null
	sasl.server.callback.handler.class = null
	sasl.server.max.receive.size = 524288
	security.inter.broker.protocol = PLAINTEXT
	security.providers = null
	server.max.startup.time.ms = 600000
	socket.connection.setup.timeout.max.ms = 30000
	socket.connection.setup.timeout.ms = 10000
	socket.listen.backlog.size = 50
	socket.receive.buffer.bytes = 102400
	socket.request.max.bytes = 104857600
	socket.send.buffer.bytes = 102400
	ssl.cipher.suites = []
	ssl.client.auth = none
	ssl.enabled.protocols = [TLSv1.2, TLSv1.3]
	ssl.endpoint.identification.algorithm = https
	ssl.engine.factory.class = null
	ssl.key.password = null
	ssl.keymanager.algorithm = SunX509
	ssl.keystore.certificate.chain = null
	ssl.keystore.key = null
	ssl.keystore.location = null
	ssl.keystore.password = null
	ssl.keystore.type = JKS
	ssl.principal.mapping.rules = DEFAULT
	ssl.protocol = TLSv1.3
	ssl.provider = null
	ssl.secure.random.implementation = null
	ssl.trustmanager.algorithm = PKIX
	ssl.truststore.certificates = null
	ssl.truststore.location = null
	ssl.truststore.password = null
	ssl.truststore.type = JKS
	transaction.abort.timed.out.transaction.cleanup.interval.ms = 10000
	transaction.max.timeout.ms = 900000
	transaction.partition.verification.enable = true
	transaction.remove.expired.transaction.cleanup.interval.ms = 3600000
	transaction.state.log.load.buffer.size = 5242880
	transaction.state.log.min.isr = 2
	transaction.state.log.num.partitions = 50
	transaction.state.log.replication.factor = 3
	transaction.state.log.segment.bytes = 104857600
	transactional.id.expiration.ms = 604800000
	unclean.leader.election.enable = false
	unstable.api.versions.enable = false
	zookeeper.clientCnxnSocket = null
	zookeeper.connect = null
	zookeeper.connection.timeout.ms = null
	zookeeper.max.in.flight.requests = 10
	zookeeper.metadata.migration.enable = false
	zookeeper.metadata.migration.min.batch.size = 200
	zookeeper.session.timeout.ms = 18000
	zookeeper.set.acl = false
	zookeeper.ssl.cipher.suites = null
	zookeeper.ssl.client.enable = false
	zookeeper.ssl.crl.enable = false
	zookeeper.ssl.enabled.protocols = null
	zookeeper.ssl.endpoint.identification.algorithm = HTTPS
	zookeeper.ssl.keystore.location = null
	zookeeper.ssl.keystore.password = null
	zookeeper.ssl.keystore.type = null
	zookeeper.ssl.ocsp.enable = false
	zookeeper.ssl.protocol = TLSv1.2
	zookeeper.ssl.truststore.location = null
	zookeeper.ssl.truststore.password = null
	zookeeper.ssl.truststore.type = null

2026-01-23T16:20:27.006Z  INFO 7318 --- [-kit-executor-3] kafka.server.BrokerServer                : [BrokerServer id=0] Waiting for the broker to be unfenced
2026-01-23T16:20:27.007Z  INFO 7318 --- [0-event-handler] o.a.k.controller.BrokerHeartbeatManager  : [QuorumController id=0] The request from broker 0 to unfence has been granted because it has caught up with the offset of its register broker record 5.
2026-01-23T16:20:27.008Z  INFO 7318 --- [0-event-handler] o.a.k.controller.ClusterControlManager   : [QuorumController id=0] Replayed BrokerRegistrationChangeRecord modifying the registration for broker 0: BrokerRegistrationChangeRecord(brokerId=0, brokerEpoch=5, fenced=-1, inControlledShutdown=0)
2026-01-23T16:20:27.035Z  INFO 7318 --- [channel-manager] kafka.server.BrokerLifecycleManager      : [BrokerLifecycleManager id=0] The broker has been unfenced. Transitioning from RECOVERY to RUNNING.
2026-01-23T16:20:27.035Z  INFO 7318 --- [-kit-executor-3] kafka.server.BrokerServer                : [BrokerServer id=0] Finished waiting for the broker to be unfenced
2026-01-23T16:20:27.035Z  INFO 7318 --- [-kit-executor-3] o.a.k.s.network.EndpointReadyFutures     : authorizerStart completed for endpoint EXTERNAL. Endpoint is now READY.
2026-01-23T16:20:27.035Z  INFO 7318 --- [-kit-executor-3] kafka.network.SocketServer               : [SocketServer listenerType=BROKER, nodeId=0] Enabling request processing.
2026-01-23T16:20:27.036Z  INFO 7318 --- [-kit-executor-3] kafka.server.BrokerServer                : [BrokerServer id=0] Waiting for all of the authorizer futures to be completed
2026-01-23T16:20:27.036Z  INFO 7318 --- [-kit-executor-3] kafka.server.BrokerServer                : [BrokerServer id=0] Finished waiting for all of the authorizer futures to be completed
2026-01-23T16:20:27.036Z  INFO 7318 --- [-kit-executor-3] kafka.server.BrokerServer                : [BrokerServer id=0] Waiting for all of the SocketServer Acceptors to be started
2026-01-23T16:20:27.036Z  INFO 7318 --- [-kit-executor-3] kafka.server.BrokerServer                : [BrokerServer id=0] Finished waiting for all of the SocketServer Acceptors to be started
2026-01-23T16:20:27.036Z  INFO 7318 --- [-kit-executor-3] kafka.server.BrokerServer                : [BrokerServer id=0] Transition from STARTING to STARTED
2026-01-23T16:20:27.039Z  INFO 7318 --- [           main] o.a.k.clients.admin.AdminClientConfig    : AdminClientConfig values: 
	auto.include.jmx.reporter = true
	bootstrap.servers = [localhost:50553]
	client.dns.lookup = use_all_dns_ips
	client.id = 
	connections.max.idle.ms = 300000
	default.api.timeout.ms = 60000
	metadata.max.age.ms = 300000
	metric.reporters = []
	metrics.num.samples = 2
	metrics.recording.level = INFO
	metrics.sample.window.ms = 30000
	receive.buffer.bytes = 65536
	reconnect.backoff.max.ms = 1000
	reconnect.backoff.ms = 50
	request.timeout.ms = 30000
	retries = 2147483647
	retry.backoff.ms = 100
	sasl.client.callback.handler.class = null
	sasl.jaas.config = null
	sasl.kerberos.kinit.cmd = /usr/bin/kinit
	sasl.kerberos.min.time.before.relogin = 60000
	sasl.kerberos.service.name = null
	sasl.kerberos.ticket.renew.jitter = 0.05
	sasl.kerberos.ticket.renew.window.factor = 0.8
	sasl.login.callback.handler.class = null
	sasl.login.class = null
	sasl.login.connect.timeout.ms = null
	sasl.login.read.timeout.ms = null
	sasl.login.refresh.buffer.seconds = 300
	sasl.login.refresh.min.period.seconds = 60
	sasl.login.refresh.window.factor = 0.8
	sasl.login.refresh.window.jitter = 0.05
	sasl.login.retry.backoff.max.ms = 10000
	sasl.login.retry.backoff.ms = 100
	sasl.mechanism = GSSAPI
	sasl.oauthbearer.clock.skew.seconds = 30
	sasl.oauthbearer.expected.audience = null
	sasl.oauthbearer.expected.issuer = null
	sasl.oauthbearer.jwks.endpoint.refresh.ms = 3600000
	sasl.oauthbearer.jwks.endpoint.retry.backoff.max.ms = 10000
	sasl.oauthbearer.jwks.endpoint.retry.backoff.ms = 100
	sasl.oauthbearer.jwks.endpoint.url = null
	sasl.oauthbearer.scope.claim.name = scope
	sasl.oauthbearer.sub.claim.name = sub
	sasl.oauthbearer.token.endpoint.url = null
	security.protocol = PLAINTEXT
	security.providers = null
	send.buffer.bytes = 131072
	socket.connection.setup.timeout.max.ms = 30000
	socket.connection.setup.timeout.ms = 10000
	ssl.cipher.suites = null
	ssl.enabled.protocols = [TLSv1.2, TLSv1.3]
	ssl.endpoint.identification.algorithm = https
	ssl.engine.factory.class = null
	ssl.key.password = null
	ssl.keymanager.algorithm = SunX509
	ssl.keystore.certificate.chain = null
	ssl.keystore.key = null
	ssl.keystore.location = null
	ssl.keystore.password = null
	ssl.keystore.type = JKS
	ssl.protocol = TLSv1.3
	ssl.provider = null
	ssl.secure.random.implementation = null
	ssl.trustmanager.algorithm = PKIX
	ssl.truststore.certificates = null
	ssl.truststore.location = null
	ssl.truststore.password = null
	ssl.truststore.type = JKS

2026-01-23T16:20:27.046Z  INFO 7318 --- [           main] o.a.kafka.common.utils.AppInfoParser     : Kafka version: 3.6.2
2026-01-23T16:20:27.046Z  INFO 7318 --- [           main] o.a.kafka.common.utils.AppInfoParser     : Kafka commitId: c4deed513057c94e
2026-01-23T16:20:27.046Z  INFO 7318 --- [           main] o.a.kafka.common.utils.AppInfoParser     : Kafka startTimeMs: 1769185227046
2026-01-23T16:20:27.047Z  INFO 7318 --- [| adminclient-1] o.a.kafka.common.utils.AppInfoParser     : App info kafka.admin.client for adminclient-1 unregistered
2026-01-23T16:20:27.048Z  INFO 7318 --- [| adminclient-1] o.a.k.c.a.i.AdminMetadataManager         : [AdminClient clientId=adminclient-1] Metadata update failed

org.apache.kafka.common.errors.TimeoutException: Timed out waiting to send the call. Call: fetchMetadata

2026-01-23T16:20:27.048Z  INFO 7318 --- [| adminclient-1] o.a.k.clients.admin.KafkaAdminClient     : [AdminClient clientId=adminclient-1] Timed out 1 remaining operation(s) during close.
2026-01-23T16:20:27.049Z  INFO 7318 --- [| adminclient-1] o.apache.kafka.common.metrics.Metrics    : Metrics scheduler closed
2026-01-23T16:20:27.050Z  INFO 7318 --- [| adminclient-1] o.apache.kafka.common.metrics.Metrics    : Closing reporter org.apache.kafka.common.metrics.JmxReporter
2026-01-23T16:20:27.050Z  INFO 7318 --- [| adminclient-1] o.apache.kafka.common.metrics.Metrics    : Metrics reporters closed
2026-01-23T16:20:27.052Z  INFO 7318 --- [           main] com.jpmc.midascore.TaskFiveTests         : Starting TaskFiveTests using Java 25.0.1 with PID 7318 (started by anshpanchal in /Users/anshpanchal/.gemini/antigravity/scratch/forage-midas)
2026-01-23T16:20:27.052Z  INFO 7318 --- [           main] com.jpmc.midascore.TaskFiveTests         : No active profile set, falling back to 1 default profile: "default"
2026-01-23T16:20:27.202Z  INFO 7318 --- [           main] .s.d.r.c.RepositoryConfigurationDelegate : Bootstrapping Spring Data JPA repositories in DEFAULT mode.
2026-01-23T16:20:27.218Z  INFO 7318 --- [           main] .s.d.r.c.RepositoryConfigurationDelegate : Finished Spring Data repository scanning in 13 ms. Found 2 JPA repository interfaces.
2026-01-23T16:20:27.381Z  INFO 7318 --- [           main] o.s.b.w.embedded.tomcat.TomcatWebServer  : Tomcat initialized with port 33400 (http)
2026-01-23T16:20:27.385Z  INFO 7318 --- [           main] o.apache.catalina.core.StandardService   : Starting service [Tomcat]
2026-01-23T16:20:27.385Z  INFO 7318 --- [           main] o.apache.catalina.core.StandardEngine    : Starting Servlet engine: [Apache Tomcat/10.1.20]
2026-01-23T16:20:27.403Z  INFO 7318 --- [           main] o.a.c.c.C.[Tomcat].[localhost].[/]       : Initializing Spring embedded WebApplicationContext
2026-01-23T16:20:27.403Z  INFO 7318 --- [           main] w.s.c.ServletWebServerApplicationContext : Root WebApplicationContext: initialization completed in 346 ms
2026-01-23T16:20:27.444Z  INFO 7318 --- [           main] com.zaxxer.hikari.HikariDataSource       : HikariPool-1 - Starting...
2026-01-23T16:20:27.502Z  INFO 7318 --- [           main] com.zaxxer.hikari.pool.HikariPool        : HikariPool-1 - Added connection conn0: url=jdbc:h2:mem:b44f94ae-58d9-4c14-9683-c58040469468 user=SA
2026-01-23T16:20:27.502Z  INFO 7318 --- [           main] com.zaxxer.hikari.HikariDataSource       : HikariPool-1 - Start completed.
2026-01-23T16:20:27.518Z  INFO 7318 --- [           main] o.hibernate.jpa.internal.util.LogHelper  : HHH000204: Processing PersistenceUnitInfo [name: default]
2026-01-23T16:20:27.533Z  INFO 7318 --- [           main] org.hibernate.Version                    : HHH000412: Hibernate ORM core version 6.4.4.Final
2026-01-23T16:20:27.542Z  INFO 7318 --- [           main] o.h.c.internal.RegionFactoryInitiator    : HHH000026: Second-level cache disabled
2026-01-23T16:20:27.600Z  INFO 7318 --- [           main] o.s.o.j.p.SpringPersistenceUnitInfo      : No LoadTimeWeaver setup: ignoring JPA class transformer
2026-01-23T16:20:27.878Z  INFO 7318 --- [           main] o.h.e.t.j.p.i.JtaPlatformInitiator       : HHH000489: No JTA platform available (set 'hibernate.transaction.jta.platform' to enable JTA platform integration)
2026-01-23T16:20:27.889Z  INFO 7318 --- [           main] j.LocalContainerEntityManagerFactoryBean : Initialized JPA EntityManagerFactory for persistence unit 'default'
2026-01-23T16:20:28.016Z  WARN 7318 --- [           main] JpaBaseConfiguration$JpaWebConfiguration : spring.jpa.open-in-view is enabled by default. Therefore, database queries may be performed during view rendering. Explicitly configure spring.jpa.open-in-view to disable this warning
2026-01-23T16:20:28.129Z  INFO 7318 --- [           main] o.s.b.w.embedded.tomcat.TomcatWebServer  : Tomcat started on port 33400 (http) with context path ''
2026-01-23T16:20:28.138Z  INFO 7318 --- [           main] o.a.k.clients.consumer.ConsumerConfig    : ConsumerConfig values: 
	allow.auto.create.topics = true
	auto.commit.interval.ms = 5000
	auto.include.jmx.reporter = true
	auto.offset.reset = earliest
	bootstrap.servers = [localhost:50553]
	check.crcs = true
	client.dns.lookup = use_all_dns_ips
	client.id = consumer-midas-group-1
	client.rack = 
	connections.max.idle.ms = 540000
	default.api.timeout.ms = 60000
	enable.auto.commit = false
	exclude.internal.topics = true
	fetch.max.bytes = 52428800
	fetch.max.wait.ms = 500
	fetch.min.bytes = 1
	group.id = midas-group
	group.instance.id = null
	heartbeat.interval.ms = 3000
	interceptor.classes = []
	internal.leave.group.on.close = true
	internal.throw.on.fetch.stable.offset.unsupported = false
	isolation.level = read_uncommitted
	key.deserializer = class org.apache.kafka.common.serialization.StringDeserializer
	max.partition.fetch.bytes = 1048576
	max.poll.interval.ms = 300000
	max.poll.records = 500
	metadata.max.age.ms = 300000
	metric.reporters = []
	metrics.num.samples = 2
	metrics.recording.level = INFO
	metrics.sample.window.ms = 30000
	partition.assignment.strategy = [class org.apache.kafka.clients.consumer.RangeAssignor, class org.apache.kafka.clients.consumer.CooperativeStickyAssignor]
	receive.buffer.bytes = 65536
	reconnect.backoff.max.ms = 1000
	reconnect.backoff.ms = 50
	request.timeout.ms = 30000
	retry.backoff.ms = 100
	sasl.client.callback.handler.class = null
	sasl.jaas.config = null
	sasl.kerberos.kinit.cmd = /usr/bin/kinit
	sasl.kerberos.min.time.before.relogin = 60000
	sasl.kerberos.service.name = null
	sasl.kerberos.ticket.renew.jitter = 0.05
	sasl.kerberos.ticket.renew.window.factor = 0.8
	sasl.login.callback.handler.class = null
	sasl.login.class = null
	sasl.login.connect.timeout.ms = null
	sasl.login.read.timeout.ms = null
	sasl.login.refresh.buffer.seconds = 300
	sasl.login.refresh.min.period.seconds = 60
	sasl.login.refresh.window.factor = 0.8
	sasl.login.refresh.window.jitter = 0.05
	sasl.login.retry.backoff.max.ms = 10000
	sasl.login.retry.backoff.ms = 100
	sasl.mechanism = GSSAPI
	sasl.oauthbearer.clock.skew.seconds = 30
	sasl.oauthbearer.expected.audience = null
	sasl.oauthbearer.expected.issuer = null
	sasl.oauthbearer.jwks.endpoint.refresh.ms = 3600000
	sasl.oauthbearer.jwks.endpoint.retry.backoff.max.ms = 10000
	sasl.oauthbearer.jwks.endpoint.retry.backoff.ms = 100
	sasl.oauthbearer.jwks.endpoint.url = null
	sasl.oauthbearer.scope.claim.name = scope
	sasl.oauthbearer.sub.claim.name = sub
	sasl.oauthbearer.token.endpoint.url = null
	security.protocol = PLAINTEXT
	security.providers = null
	send.buffer.bytes = 131072
	session.timeout.ms = 45000
	socket.connection.setup.timeout.max.ms = 30000
	socket.connection.setup.timeout.ms = 10000
	ssl.cipher.suites = null
	ssl.enabled.protocols = [TLSv1.2, TLSv1.3]
	ssl.endpoint.identification.algorithm = https
	ssl.engine.factory.class = null
	ssl.key.password = null
	ssl.keymanager.algorithm = SunX509
	ssl.keystore.certificate.chain = null
	ssl.keystore.key = null
	ssl.keystore.location = null
	ssl.keystore.password = null
	ssl.keystore.type = JKS
	ssl.protocol = TLSv1.3
	ssl.provider = null
	ssl.secure.random.implementation = null
	ssl.trustmanager.algorithm = PKIX
	ssl.truststore.certificates = null
	ssl.truststore.location = null
	ssl.truststore.password = null
	ssl.truststore.type = JKS
	value.deserializer = class org.springframework.kafka.support.serializer.JsonDeserializer

2026-01-23T16:20:28.151Z  INFO 7318 --- [           main] o.a.kafka.common.utils.AppInfoParser     : Kafka version: 3.6.2
2026-01-23T16:20:28.151Z  INFO 7318 --- [           main] o.a.kafka.common.utils.AppInfoParser     : Kafka commitId: c4deed513057c94e
2026-01-23T16:20:28.151Z  INFO 7318 --- [           main] o.a.kafka.common.utils.AppInfoParser     : Kafka startTimeMs: 1769185228151
2026-01-23T16:20:28.151Z  INFO 7318 --- [           main] fkaConsumerFactory$ExtendedKafkaConsumer : [Consumer clientId=consumer-midas-group-1, groupId=midas-group] Subscribed to topic(s): trader-updates
2026-01-23T16:20:28.156Z  INFO 7318 --- [           main] com.jpmc.midascore.TaskFiveTests         : Started TaskFiveTests in 1.627 seconds (process running for 1.9)
2026-01-23T16:20:28.161Z  INFO 7318 --- [quest-handler-2] k.s.DefaultAutoTopicCreationManager      : Sent auto-creation request for Set(trader-updates) to the active controller.
2026-01-23T16:20:28.164Z  INFO 7318 --- [quest-handler-1] k.s.DefaultAutoTopicCreationManager      : Sent auto-creation request for Set(__consumer_offsets) to the active controller.
2026-01-23T16:20:28.164Z  WARN 7318 --- [ntainer#0-0-C-1] org.apache.kafka.clients.NetworkClient   : [Consumer clientId=consumer-midas-group-1, groupId=midas-group] Error while fetching metadata with correlation id 2 : {trader-updates=UNKNOWN_TOPIC_OR_PARTITION}
2026-01-23T16:20:28.164Z  INFO 7318 --- [ntainer#0-0-C-1] org.apache.kafka.clients.Metadata        : [Consumer clientId=consumer-midas-group-1, groupId=midas-group] Cluster ID: GjD-lLKQRGGPlFrq8rA30A
2026-01-23T16:20:28.166Z  INFO 7318 --- [0-event-handler] o.a.k.c.ReplicationControlManager        : [QuorumController id=0] CreateTopics result(s): CreatableTopic(name='trader-updates', numPartitions=1, replicationFactor=1, assignments=[], configs=[]): SUCCESS
2026-01-23T16:20:28.166Z  INFO 7318 --- [0-event-handler] o.a.k.c.ReplicationControlManager        : [QuorumController id=0] Replayed TopicRecord for topic trader-updates with topic ID olipd0c9TYqsZkVZmlg7iw.
2026-01-23T16:20:28.166Z  INFO 7318 --- [0-event-handler] o.a.k.c.ReplicationControlManager        : [QuorumController id=0] Replayed PartitionRecord for new partition trader-updates-0 with topic ID olipd0c9TYqsZkVZmlg7iw and PartitionRegistration(replicas=[0], isr=[0], removingReplicas=[], addingReplicas=[], leader=0, leaderRecoveryState=RECOVERED, leaderEpoch=0, partitionEpoch=0).
2026-01-23T16:20:28.198Z  INFO 7318 --- [r-event-handler] state.change.logger                      : [Broker id=0] Transitioning 1 partition(s) to local leaders.
2026-01-23T16:20:28.199Z  INFO 7318 --- [r-event-handler] kafka.server.ReplicaFetcherManager       : [ReplicaFetcherManager on broker 0] Removed fetcher for partitions Set(trader-updates-0)
2026-01-23T16:20:28.199Z  INFO 7318 --- [r-event-handler] state.change.logger                      : [Broker id=0] Creating new partition trader-updates-0 with topic id olipd0c9TYqsZkVZmlg7iw.
2026-01-23T16:20:28.200Z  INFO 7318 --- [0-event-handler] o.a.k.c.ReplicationControlManager        : [QuorumController id=0] CreateTopics result(s): CreatableTopic(name='__consumer_offsets', numPartitions=50, replicationFactor=1, assignments=[], configs=[CreateableTopicConfig(name='compression.type', value='producer'), CreateableTopicConfig(name='cleanup.policy', value='compact'), CreateableTopicConfig(name='segment.bytes', value='104857600')]): SUCCESS
2026-01-23T16:20:28.200Z  INFO 7318 --- [0-event-handler] o.a.k.c.ReplicationControlManager        : [QuorumController id=0] Replayed TopicRecord for topic __consumer_offsets with topic ID 4IcMkyiASimW3J6FJg-roA.
2026-01-23T16:20:28.200Z  INFO 7318 --- [0-event-handler] o.a.k.c.ConfigurationControlManager      : [QuorumController id=0] Replayed ConfigRecord for ConfigResource(type=TOPIC, name='__consumer_offsets') which set configuration compression.type to producer
2026-01-23T16:20:28.200Z  INFO 7318 --- [0-event-handler] o.a.k.c.ConfigurationControlManager      : [QuorumController id=0] Replayed ConfigRecord for ConfigResource(type=TOPIC, name='__consumer_offsets') which set configuration cleanup.policy to compact
2026-01-23T16:20:28.200Z  INFO 7318 --- [0-event-handler] o.a.k.c.ConfigurationControlManager      : [QuorumController id=0] Replayed ConfigRecord for ConfigResource(type=TOPIC, name='__consumer_offsets') which set configuration segment.bytes to 104857600
2026-01-23T16:20:28.201Z  INFO 7318 --- [0-event-handler] o.a.k.c.ReplicationControlManager        : [QuorumController id=0] Replayed PartitionRecord for new partition __consumer_offsets-0 with topic ID 4IcMkyiASimW3J6FJg-roA and PartitionRegistration(replicas=[0], isr=[0], removingReplicas=[], addingReplicas=[], leader=0, leaderRecoveryState=RECOVERED, leaderEpoch=0, partitionEpoch=0).
2026-01-23T16:20:28.201Z  INFO 7318 --- [0-event-handler] o.a.k.c.ReplicationControlManager        : [QuorumController id=0] Replayed PartitionRecord for new partition __consumer_offsets-1 with topic ID 4IcMkyiASimW3J6FJg-roA and PartitionRegistration(replicas=[0], isr=[0], removingReplicas=[], addingReplicas=[], leader=0, leaderRecoveryState=RECOVERED, leaderEpoch=0, partitionEpoch=0).
2026-01-23T16:20:28.201Z  INFO 7318 --- [0-event-handler] o.a.k.c.ReplicationControlManager        : [QuorumController id=0] Replayed PartitionRecord for new partition __consumer_offsets-2 with topic ID 4IcMkyiASimW3J6FJg-roA and PartitionRegistration(replicas=[0], isr=[0], removingReplicas=[], addingReplicas=[], leader=0, leaderRecoveryState=RECOVERED, leaderEpoch=0, partitionEpoch=0).
2026-01-23T16:20:28.201Z  INFO 7318 --- [0-event-handler] o.a.k.c.ReplicationControlManager        : [QuorumController id=0] Replayed PartitionRecord for new partition __consumer_offsets-3 with topic ID 4IcMkyiASimW3J6FJg-roA and PartitionRegistration(replicas=[0], isr=[0], removingReplicas=[], addingReplicas=[], leader=0, leaderRecoveryState=RECOVERED, leaderEpoch=0, partitionEpoch=0).
2026-01-23T16:20:28.201Z  INFO 7318 --- [0-event-handler] o.a.k.c.ReplicationControlManager        : [QuorumController id=0] Replayed PartitionRecord for new partition __consumer_offsets-4 with topic ID 4IcMkyiASimW3J6FJg-roA and PartitionRegistration(replicas=[0], isr=[0], removingReplicas=[], addingReplicas=[], leader=0, leaderRecoveryState=RECOVERED, leaderEpoch=0, partitionEpoch=0).
2026-01-23T16:20:28.201Z  INFO 7318 --- [0-event-handler] o.a.k.c.ReplicationControlManager        : [QuorumController id=0] Replayed PartitionRecord for new partition __consumer_offsets-5 with topic ID 4IcMkyiASimW3J6FJg-roA and PartitionRegistration(replicas=[0], isr=[0], removingReplicas=[], addingReplicas=[], leader=0, leaderRecoveryState=RECOVERED, leaderEpoch=0, partitionEpoch=0).
2026-01-23T16:20:28.201Z  INFO 7318 --- [0-event-handler] o.a.k.c.ReplicationControlManager        : [QuorumController id=0] Replayed PartitionRecord for new partition __consumer_offsets-6 with topic ID 4IcMkyiASimW3J6FJg-roA and PartitionRegistration(replicas=[0], isr=[0], removingReplicas=[], addingReplicas=[], leader=0, leaderRecoveryState=RECOVERED, leaderEpoch=0, partitionEpoch=0).
2026-01-23T16:20:28.201Z  INFO 7318 --- [0-event-handler] o.a.k.c.ReplicationControlManager        : [QuorumController id=0] Replayed PartitionRecord for new partition __consumer_offsets-7 with topic ID 4IcMkyiASimW3J6FJg-roA and PartitionRegistration(replicas=[0], isr=[0], removingReplicas=[], addingReplicas=[], leader=0, leaderRecoveryState=RECOVERED, leaderEpoch=0, partitionEpoch=0).
2026-01-23T16:20:28.201Z  INFO 7318 --- [0-event-handler] o.a.k.c.ReplicationControlManager        : [QuorumController id=0] Replayed PartitionRecord for new partition __consumer_offsets-8 with topic ID 4IcMkyiASimW3J6FJg-roA and PartitionRegistration(replicas=[0], isr=[0], removingReplicas=[], addingReplicas=[], leader=0, leaderRecoveryState=RECOVERED, leaderEpoch=0, partitionEpoch=0).
2026-01-23T16:20:28.201Z  INFO 7318 --- [0-event-handler] o.a.k.c.ReplicationControlManager        : [QuorumController id=0] Replayed PartitionRecord for new partition __consumer_offsets-9 with topic ID 4IcMkyiASimW3J6FJg-roA and PartitionRegistration(replicas=[0], isr=[0], removingReplicas=[], addingReplicas=[], leader=0, leaderRecoveryState=RECOVERED, leaderEpoch=0, partitionEpoch=0).
2026-01-23T16:20:28.201Z  INFO 7318 --- [0-event-handler] o.a.k.c.ReplicationControlManager        : [QuorumController id=0] Replayed PartitionRecord for new partition __consumer_offsets-10 with topic ID 4IcMkyiASimW3J6FJg-roA and PartitionRegistration(replicas=[0], isr=[0], removingReplicas=[], addingReplicas=[], leader=0, leaderRecoveryState=RECOVERED, leaderEpoch=0, partitionEpoch=0).
2026-01-23T16:20:28.201Z  INFO 7318 --- [0-event-handler] o.a.k.c.ReplicationControlManager        : [QuorumController id=0] Replayed PartitionRecord for new partition __consumer_offsets-11 with topic ID 4IcMkyiASimW3J6FJg-roA and PartitionRegistration(replicas=[0], isr=[0], removingReplicas=[], addingReplicas=[], leader=0, leaderRecoveryState=RECOVERED, leaderEpoch=0, partitionEpoch=0).
2026-01-23T16:20:28.201Z  INFO 7318 --- [0-event-handler] o.a.k.c.ReplicationControlManager        : [QuorumController id=0] Replayed PartitionRecord for new partition __consumer_offsets-12 with topic ID 4IcMkyiASimW3J6FJg-roA and PartitionRegistration(replicas=[0], isr=[0], removingReplicas=[], addingReplicas=[], leader=0, leaderRecoveryState=RECOVERED, leaderEpoch=0, partitionEpoch=0).
2026-01-23T16:20:28.201Z  INFO 7318 --- [0-event-handler] o.a.k.c.ReplicationControlManager        : [QuorumController id=0] Replayed PartitionRecord for new partition __consumer_offsets-13 with topic ID 4IcMkyiASimW3J6FJg-roA and PartitionRegistration(replicas=[0], isr=[0], removingReplicas=[], addingReplicas=[], leader=0, leaderRecoveryState=RECOVERED, leaderEpoch=0, partitionEpoch=0).
2026-01-23T16:20:28.201Z  INFO 7318 --- [0-event-handler] o.a.k.c.ReplicationControlManager        : [QuorumController id=0] Replayed PartitionRecord for new partition __consumer_offsets-14 with topic ID 4IcMkyiASimW3J6FJg-roA and PartitionRegistration(replicas=[0], isr=[0], removingReplicas=[], addingReplicas=[], leader=0, leaderRecoveryState=RECOVERED, leaderEpoch=0, partitionEpoch=0).
2026-01-23T16:20:28.201Z  INFO 7318 --- [0-event-handler] o.a.k.c.ReplicationControlManager        : [QuorumController id=0] Replayed PartitionRecord for new partition __consumer_offsets-15 with topic ID 4IcMkyiASimW3J6FJg-roA and PartitionRegistration(replicas=[0], isr=[0], removingReplicas=[], addingReplicas=[], leader=0, leaderRecoveryState=RECOVERED, leaderEpoch=0, partitionEpoch=0).
2026-01-23T16:20:28.201Z  INFO 7318 --- [0-event-handler] o.a.k.c.ReplicationControlManager        : [QuorumController id=0] Replayed PartitionRecord for new partition __consumer_offsets-16 with topic ID 4IcMkyiASimW3J6FJg-roA and PartitionRegistration(replicas=[0], isr=[0], removingReplicas=[], addingReplicas=[], leader=0, leaderRecoveryState=RECOVERED, leaderEpoch=0, partitionEpoch=0).
2026-01-23T16:20:28.201Z  INFO 7318 --- [0-event-handler] o.a.k.c.ReplicationControlManager        : [QuorumController id=0] Replayed PartitionRecord for new partition __consumer_offsets-17 with topic ID 4IcMkyiASimW3J6FJg-roA and PartitionRegistration(replicas=[0], isr=[0], removingReplicas=[], addingReplicas=[], leader=0, leaderRecoveryState=RECOVERED, leaderEpoch=0, partitionEpoch=0).
2026-01-23T16:20:28.201Z  INFO 7318 --- [0-event-handler] o.a.k.c.ReplicationControlManager        : [QuorumController id=0] Replayed PartitionRecord for new partition __consumer_offsets-18 with topic ID 4IcMkyiASimW3J6FJg-roA and PartitionRegistration(replicas=[0], isr=[0], removingReplicas=[], addingReplicas=[], leader=0, leaderRecoveryState=RECOVERED, leaderEpoch=0, partitionEpoch=0).
2026-01-23T16:20:28.201Z  INFO 7318 --- [0-event-handler] o.a.k.c.ReplicationControlManager        : [QuorumController id=0] Replayed PartitionRecord for new partition __consumer_offsets-19 with topic ID 4IcMkyiASimW3J6FJg-roA and PartitionRegistration(replicas=[0], isr=[0], removingReplicas=[], addingReplicas=[], leader=0, leaderRecoveryState=RECOVERED, leaderEpoch=0, partitionEpoch=0).
2026-01-23T16:20:28.201Z  INFO 7318 --- [0-event-handler] o.a.k.c.ReplicationControlManager        : [QuorumController id=0] Replayed PartitionRecord for new partition __consumer_offsets-20 with topic ID 4IcMkyiASimW3J6FJg-roA and PartitionRegistration(replicas=[0], isr=[0], removingReplicas=[], addingReplicas=[], leader=0, leaderRecoveryState=RECOVERED, leaderEpoch=0, partitionEpoch=0).
2026-01-23T16:20:28.201Z  INFO 7318 --- [0-event-handler] o.a.k.c.ReplicationControlManager        : [QuorumController id=0] Replayed PartitionRecord for new partition __consumer_offsets-21 with topic ID 4IcMkyiASimW3J6FJg-roA and PartitionRegistration(replicas=[0], isr=[0], removingReplicas=[], addingReplicas=[], leader=0, leaderRecoveryState=RECOVERED, leaderEpoch=0, partitionEpoch=0).
2026-01-23T16:20:28.201Z  INFO 7318 --- [0-event-handler] o.a.k.c.ReplicationControlManager        : [QuorumController id=0] Replayed PartitionRecord for new partition __consumer_offsets-22 with topic ID 4IcMkyiASimW3J6FJg-roA and PartitionRegistration(replicas=[0], isr=[0], removingReplicas=[], addingReplicas=[], leader=0, leaderRecoveryState=RECOVERED, leaderEpoch=0, partitionEpoch=0).
2026-01-23T16:20:28.201Z  INFO 7318 --- [0-event-handler] o.a.k.c.ReplicationControlManager        : [QuorumController id=0] Replayed PartitionRecord for new partition __consumer_offsets-23 with topic ID 4IcMkyiASimW3J6FJg-roA and PartitionRegistration(replicas=[0], isr=[0], removingReplicas=[], addingReplicas=[], leader=0, leaderRecoveryState=RECOVERED, leaderEpoch=0, partitionEpoch=0).
2026-01-23T16:20:28.201Z  INFO 7318 --- [0-event-handler] o.a.k.c.ReplicationControlManager        : [QuorumController id=0] Replayed PartitionRecord for new partition __consumer_offsets-24 with topic ID 4IcMkyiASimW3J6FJg-roA and PartitionRegistration(replicas=[0], isr=[0], removingReplicas=[], addingReplicas=[], leader=0, leaderRecoveryState=RECOVERED, leaderEpoch=0, partitionEpoch=0).
2026-01-23T16:20:28.201Z  INFO 7318 --- [0-event-handler] o.a.k.c.ReplicationControlManager        : [QuorumController id=0] Replayed PartitionRecord for new partition __consumer_offsets-25 with topic ID 4IcMkyiASimW3J6FJg-roA and PartitionRegistration(replicas=[0], isr=[0], removingReplicas=[], addingReplicas=[], leader=0, leaderRecoveryState=RECOVERED, leaderEpoch=0, partitionEpoch=0).
2026-01-23T16:20:28.201Z  INFO 7318 --- [0-event-handler] o.a.k.c.ReplicationControlManager        : [QuorumController id=0] Replayed PartitionRecord for new partition __consumer_offsets-26 with topic ID 4IcMkyiASimW3J6FJg-roA and PartitionRegistration(replicas=[0], isr=[0], removingReplicas=[], addingReplicas=[], leader=0, leaderRecoveryState=RECOVERED, leaderEpoch=0, partitionEpoch=0).
2026-01-23T16:20:28.201Z  INFO 7318 --- [0-event-handler] o.a.k.c.ReplicationControlManager        : [QuorumController id=0] Replayed PartitionRecord for new partition __consumer_offsets-27 with topic ID 4IcMkyiASimW3J6FJg-roA and PartitionRegistration(replicas=[0], isr=[0], removingReplicas=[], addingReplicas=[], leader=0, leaderRecoveryState=RECOVERED, leaderEpoch=0, partitionEpoch=0).
2026-01-23T16:20:28.202Z  INFO 7318 --- [0-event-handler] o.a.k.c.ReplicationControlManager        : [QuorumController id=0] Replayed PartitionRecord for new partition __consumer_offsets-28 with topic ID 4IcMkyiASimW3J6FJg-roA and PartitionRegistration(replicas=[0], isr=[0], removingReplicas=[], addingReplicas=[], leader=0, leaderRecoveryState=RECOVERED, leaderEpoch=0, partitionEpoch=0).
2026-01-23T16:20:28.202Z  INFO 7318 --- [0-event-handler] o.a.k.c.ReplicationControlManager        : [QuorumController id=0] Replayed PartitionRecord for new partition __consumer_offsets-29 with topic ID 4IcMkyiASimW3J6FJg-roA and PartitionRegistration(replicas=[0], isr=[0], removingReplicas=[], addingReplicas=[], leader=0, leaderRecoveryState=RECOVERED, leaderEpoch=0, partitionEpoch=0).
2026-01-23T16:20:28.202Z  INFO 7318 --- [0-event-handler] o.a.k.c.ReplicationControlManager        : [QuorumController id=0] Replayed PartitionRecord for new partition __consumer_offsets-30 with topic ID 4IcMkyiASimW3J6FJg-roA and PartitionRegistration(replicas=[0], isr=[0], removingReplicas=[], addingReplicas=[], leader=0, leaderRecoveryState=RECOVERED, leaderEpoch=0, partitionEpoch=0).
2026-01-23T16:20:28.202Z  INFO 7318 --- [0-event-handler] o.a.k.c.ReplicationControlManager        : [QuorumController id=0] Replayed PartitionRecord for new partition __consumer_offsets-31 with topic ID 4IcMkyiASimW3J6FJg-roA and PartitionRegistration(replicas=[0], isr=[0], removingReplicas=[], addingReplicas=[], leader=0, leaderRecoveryState=RECOVERED, leaderEpoch=0, partitionEpoch=0).
2026-01-23T16:20:28.202Z  INFO 7318 --- [0-event-handler] o.a.k.c.ReplicationControlManager        : [QuorumController id=0] Replayed PartitionRecord for new partition __consumer_offsets-32 with topic ID 4IcMkyiASimW3J6FJg-roA and PartitionRegistration(replicas=[0], isr=[0], removingReplicas=[], addingReplicas=[], leader=0, leaderRecoveryState=RECOVERED, leaderEpoch=0, partitionEpoch=0).
2026-01-23T16:20:28.202Z  INFO 7318 --- [0-event-handler] o.a.k.c.ReplicationControlManager        : [QuorumController id=0] Replayed PartitionRecord for new partition __consumer_offsets-33 with topic ID 4IcMkyiASimW3J6FJg-roA and PartitionRegistration(replicas=[0], isr=[0], removingReplicas=[], addingReplicas=[], leader=0, leaderRecoveryState=RECOVERED, leaderEpoch=0, partitionEpoch=0).
2026-01-23T16:20:28.202Z  INFO 7318 --- [0-event-handler] o.a.k.c.ReplicationControlManager        : [QuorumController id=0] Replayed PartitionRecord for new partition __consumer_offsets-34 with topic ID 4IcMkyiASimW3J6FJg-roA and PartitionRegistration(replicas=[0], isr=[0], removingReplicas=[], addingReplicas=[], leader=0, leaderRecoveryState=RECOVERED, leaderEpoch=0, partitionEpoch=0).
2026-01-23T16:20:28.202Z  INFO 7318 --- [0-event-handler] o.a.k.c.ReplicationControlManager        : [QuorumController id=0] Replayed PartitionRecord for new partition __consumer_offsets-35 with topic ID 4IcMkyiASimW3J6FJg-roA and PartitionRegistration(replicas=[0], isr=[0], removingReplicas=[], addingReplicas=[], leader=0, leaderRecoveryState=RECOVERED, leaderEpoch=0, partitionEpoch=0).
2026-01-23T16:20:28.202Z  INFO 7318 --- [0-event-handler] o.a.k.c.ReplicationControlManager        : [QuorumController id=0] Replayed PartitionRecord for new partition __consumer_offsets-36 with topic ID 4IcMkyiASimW3J6FJg-roA and PartitionRegistration(replicas=[0], isr=[0], removingReplicas=[], addingReplicas=[], leader=0, leaderRecoveryState=RECOVERED, leaderEpoch=0, partitionEpoch=0).
2026-01-23T16:20:28.202Z  INFO 7318 --- [0-event-handler] o.a.k.c.ReplicationControlManager        : [QuorumController id=0] Replayed PartitionRecord for new partition __consumer_offsets-37 with topic ID 4IcMkyiASimW3J6FJg-roA and PartitionRegistration(replicas=[0], isr=[0], removingReplicas=[], addingReplicas=[], leader=0, leaderRecoveryState=RECOVERED, leaderEpoch=0, partitionEpoch=0).
2026-01-23T16:20:28.202Z  INFO 7318 --- [0-event-handler] o.a.k.c.ReplicationControlManager        : [QuorumController id=0] Replayed PartitionRecord for new partition __consumer_offsets-38 with topic ID 4IcMkyiASimW3J6FJg-roA and PartitionRegistration(replicas=[0], isr=[0], removingReplicas=[], addingReplicas=[], leader=0, leaderRecoveryState=RECOVERED, leaderEpoch=0, partitionEpoch=0).
2026-01-23T16:20:28.202Z  INFO 7318 --- [0-event-handler] o.a.k.c.ReplicationControlManager        : [QuorumController id=0] Replayed PartitionRecord for new partition __consumer_offsets-39 with topic ID 4IcMkyiASimW3J6FJg-roA and PartitionRegistration(replicas=[0], isr=[0], removingReplicas=[], addingReplicas=[], leader=0, leaderRecoveryState=RECOVERED, leaderEpoch=0, partitionEpoch=0).
2026-01-23T16:20:28.202Z  INFO 7318 --- [0-event-handler] o.a.k.c.ReplicationControlManager        : [QuorumController id=0] Replayed PartitionRecord for new partition __consumer_offsets-40 with topic ID 4IcMkyiASimW3J6FJg-roA and PartitionRegistration(replicas=[0], isr=[0], removingReplicas=[], addingReplicas=[], leader=0, leaderRecoveryState=RECOVERED, leaderEpoch=0, partitionEpoch=0).
2026-01-23T16:20:28.202Z  INFO 7318 --- [0-event-handler] o.a.k.c.ReplicationControlManager        : [QuorumController id=0] Replayed PartitionRecord for new partition __consumer_offsets-41 with topic ID 4IcMkyiASimW3J6FJg-roA and PartitionRegistration(replicas=[0], isr=[0], removingReplicas=[], addingReplicas=[], leader=0, leaderRecoveryState=RECOVERED, leaderEpoch=0, partitionEpoch=0).
2026-01-23T16:20:28.202Z  INFO 7318 --- [0-event-handler] o.a.k.c.ReplicationControlManager        : [QuorumController id=0] Replayed PartitionRecord for new partition __consumer_offsets-42 with topic ID 4IcMkyiASimW3J6FJg-roA and PartitionRegistration(replicas=[0], isr=[0], removingReplicas=[], addingReplicas=[], leader=0, leaderRecoveryState=RECOVERED, leaderEpoch=0, partitionEpoch=0).
2026-01-23T16:20:28.202Z  INFO 7318 --- [0-event-handler] o.a.k.c.ReplicationControlManager        : [QuorumController id=0] Replayed PartitionRecord for new partition __consumer_offsets-43 with topic ID 4IcMkyiASimW3J6FJg-roA and PartitionRegistration(replicas=[0], isr=[0], removingReplicas=[], addingReplicas=[], leader=0, leaderRecoveryState=RECOVERED, leaderEpoch=0, partitionEpoch=0).
2026-01-23T16:20:28.202Z  INFO 7318 --- [0-event-handler] o.a.k.c.ReplicationControlManager        : [QuorumController id=0] Replayed PartitionRecord for new partition __consumer_offsets-44 with topic ID 4IcMkyiASimW3J6FJg-roA and PartitionRegistration(replicas=[0], isr=[0], removingReplicas=[], addingReplicas=[], leader=0, leaderRecoveryState=RECOVERED, leaderEpoch=0, partitionEpoch=0).
2026-01-23T16:20:28.202Z  INFO 7318 --- [0-event-handler] o.a.k.c.ReplicationControlManager        : [QuorumController id=0] Replayed PartitionRecord for new partition __consumer_offsets-45 with topic ID 4IcMkyiASimW3J6FJg-roA and PartitionRegistration(replicas=[0], isr=[0], removingReplicas=[], addingReplicas=[], leader=0, leaderRecoveryState=RECOVERED, leaderEpoch=0, partitionEpoch=0).
2026-01-23T16:20:28.202Z  INFO 7318 --- [0-event-handler] o.a.k.c.ReplicationControlManager        : [QuorumController id=0] Replayed PartitionRecord for new partition __consumer_offsets-46 with topic ID 4IcMkyiASimW3J6FJg-roA and PartitionRegistration(replicas=[0], isr=[0], removingReplicas=[], addingReplicas=[], leader=0, leaderRecoveryState=RECOVERED, leaderEpoch=0, partitionEpoch=0).
2026-01-23T16:20:28.202Z  INFO 7318 --- [0-event-handler] o.a.k.c.ReplicationControlManager        : [QuorumController id=0] Replayed PartitionRecord for new partition __consumer_offsets-47 with topic ID 4IcMkyiASimW3J6FJg-roA and PartitionRegistration(replicas=[0], isr=[0], removingReplicas=[], addingReplicas=[], leader=0, leaderRecoveryState=RECOVERED, leaderEpoch=0, partitionEpoch=0).
2026-01-23T16:20:28.202Z  INFO 7318 --- [0-event-handler] o.a.k.c.ReplicationControlManager        : [QuorumController id=0] Replayed PartitionRecord for new partition __consumer_offsets-48 with topic ID 4IcMkyiASimW3J6FJg-roA and PartitionRegistration(replicas=[0], isr=[0], removingReplicas=[], addingReplicas=[], leader=0, leaderRecoveryState=RECOVERED, leaderEpoch=0, partitionEpoch=0).
2026-01-23T16:20:28.202Z  INFO 7318 --- [0-event-handler] o.a.k.c.ReplicationControlManager        : [QuorumController id=0] Replayed PartitionRecord for new partition __consumer_offsets-49 with topic ID 4IcMkyiASimW3J6FJg-roA and PartitionRegistration(replicas=[0], isr=[0], removingReplicas=[], addingReplicas=[], leader=0, leaderRecoveryState=RECOVERED, leaderEpoch=0, partitionEpoch=0).
2026-01-23T16:20:28.204Z  INFO 7318 --- [r-event-handler] kafka.log.UnifiedLog$                    : [LogLoader partition=trader-updates-0, dir=/var/folders/5y/drkgp24s4953fcp75wvzd9_h0000gn/T/kafka-16999910623255496955/broker_0_data0] Loading producer state till offset 0 with message format version 2
2026-01-23T16:20:28.205Z  INFO 7318 --- [r-event-handler] kafka.log.LogManager                     : Created log for partition trader-updates-0 in /var/folders/5y/drkgp24s4953fcp75wvzd9_h0000gn/T/kafka-16999910623255496955/broker_0_data0/trader-updates-0 with properties {}
2026-01-23T16:20:28.206Z  INFO 7318 --- [r-event-handler] kafka.cluster.Partition                  : [Partition trader-updates-0 broker=0] No checkpointed highwatermark is found for partition trader-updates-0
2026-01-23T16:20:28.206Z  INFO 7318 --- [r-event-handler] kafka.cluster.Partition                  : [Partition trader-updates-0 broker=0] Log loaded for partition trader-updates-0 with initial high watermark 0
2026-01-23T16:20:28.207Z  INFO 7318 --- [r-event-handler] state.change.logger                      : [Broker id=0] Leader trader-updates-0 with topic id Some(olipd0c9TYqsZkVZmlg7iw) starts at leader epoch 0 from offset 0 with partition epoch 0, high watermark 0, ISR [0], adding replicas [] and removing replicas [] . Previous leader None and previous leader epoch was -1.
2026-01-23T16:20:28.232Z  INFO 7318 --- [r-event-handler] state.change.logger                      : [Broker id=0] Transitioning 50 partition(s) to local leaders.
2026-01-23T16:20:28.233Z  INFO 7318 --- [r-event-handler] kafka.server.ReplicaFetcherManager       : [ReplicaFetcherManager on broker 0] Removed fetcher for partitions Set(__consumer_offsets-13, __consumer_offsets-46, __consumer_offsets-9, __consumer_offsets-42, __consumer_offsets-21, __consumer_offsets-17, __consumer_offsets-30, __consumer_offsets-26, __consumer_offsets-5, __consumer_offsets-38, __consumer_offsets-1, __consumer_offsets-34, __consumer_offsets-16, __consumer_offsets-45, __consumer_offsets-12, __consumer_offsets-41, __consumer_offsets-24, __consumer_offsets-20, __consumer_offsets-49, __consumer_offsets-0, __consumer_offsets-29, __consumer_offsets-25, __consumer_offsets-8, __consumer_offsets-37, __consumer_offsets-4, __consumer_offsets-33, __consumer_offsets-15, __consumer_offsets-48, __consumer_offsets-11, __consumer_offsets-44, __consumer_offsets-23, __consumer_offsets-19, __consumer_offsets-32, __consumer_offsets-28, __consumer_offsets-7, __consumer_offsets-40, __consumer_offsets-3, __consumer_offsets-36, __consumer_offsets-47, __consumer_offsets-14, __consumer_offsets-43, __consumer_offsets-10, __consumer_offsets-22, __consumer_offsets-18, __consumer_offsets-31, __consumer_offsets-27, __consumer_offsets-39, __consumer_offsets-6, __consumer_offsets-35, __consumer_offsets-2)
2026-01-23T16:20:28.233Z  INFO 7318 --- [r-event-handler] state.change.logger                      : [Broker id=0] Creating new partition __consumer_offsets-13 with topic id 4IcMkyiASimW3J6FJg-roA.
2026-01-23T16:20:28.237Z  INFO 7318 --- [r-event-handler] kafka.log.UnifiedLog$                    : [LogLoader partition=__consumer_offsets-13, dir=/var/folders/5y/drkgp24s4953fcp75wvzd9_h0000gn/T/kafka-16999910623255496955/broker_0_data0] Loading producer state till offset 0 with message format version 2
2026-01-23T16:20:28.237Z  INFO 7318 --- [r-event-handler] kafka.log.LogManager                     : Created log for partition __consumer_offsets-13 in /var/folders/5y/drkgp24s4953fcp75wvzd9_h0000gn/T/kafka-16999910623255496955/broker_0_data0/__consumer_offsets-13 with properties {cleanup.policy=compact, compression.type="producer", segment.bytes=104857600}
2026-01-23T16:20:28.237Z  INFO 7318 --- [r-event-handler] kafka.cluster.Partition                  : [Partition __consumer_offsets-13 broker=0] No checkpointed highwatermark is found for partition __consumer_offsets-13
2026-01-23T16:20:28.237Z  INFO 7318 --- [r-event-handler] kafka.cluster.Partition                  : [Partition __consumer_offsets-13 broker=0] Log loaded for partition __consumer_offsets-13 with initial high watermark 0
2026-01-23T16:20:28.237Z  INFO 7318 --- [r-event-handler] state.change.logger                      : [Broker id=0] Leader __consumer_offsets-13 with topic id Some(4IcMkyiASimW3J6FJg-roA) starts at leader epoch 0 from offset 0 with partition epoch 0, high watermark 0, ISR [0], adding replicas [] and removing replicas [] . Previous leader None and previous leader epoch was -1.
2026-01-23T16:20:28.244Z  INFO 7318 --- [r-event-handler] state.change.logger                      : [Broker id=0] Creating new partition __consumer_offsets-46 with topic id 4IcMkyiASimW3J6FJg-roA.
2026-01-23T16:20:28.245Z  INFO 7318 --- [r-event-handler] kafka.log.UnifiedLog$                    : [LogLoader partition=__consumer_offsets-46, dir=/var/folders/5y/drkgp24s4953fcp75wvzd9_h0000gn/T/kafka-16999910623255496955/broker_0_data0] Loading producer state till offset 0 with message format version 2
2026-01-23T16:20:28.246Z  INFO 7318 --- [r-event-handler] kafka.log.LogManager                     : Created log for partition __consumer_offsets-46 in /var/folders/5y/drkgp24s4953fcp75wvzd9_h0000gn/T/kafka-16999910623255496955/broker_0_data0/__consumer_offsets-46 with properties {cleanup.policy=compact, compression.type="producer", segment.bytes=104857600}
2026-01-23T16:20:28.246Z  INFO 7318 --- [r-event-handler] kafka.cluster.Partition                  : [Partition __consumer_offsets-46 broker=0] No checkpointed highwatermark is found for partition __consumer_offsets-46
2026-01-23T16:20:28.246Z  INFO 7318 --- [r-event-handler] kafka.cluster.Partition                  : [Partition __consumer_offsets-46 broker=0] Log loaded for partition __consumer_offsets-46 with initial high watermark 0
2026-01-23T16:20:28.246Z  INFO 7318 --- [r-event-handler] state.change.logger                      : [Broker id=0] Leader __consumer_offsets-46 with topic id Some(4IcMkyiASimW3J6FJg-roA) starts at leader epoch 0 from offset 0 with partition epoch 0, high watermark 0, ISR [0], adding replicas [] and removing replicas [] . Previous leader None and previous leader epoch was -1.
2026-01-23T16:20:28.253Z  INFO 7318 --- [r-event-handler] state.change.logger                      : [Broker id=0] Creating new partition __consumer_offsets-9 with topic id 4IcMkyiASimW3J6FJg-roA.
2026-01-23T16:20:28.254Z  INFO 7318 --- [r-event-handler] kafka.log.UnifiedLog$                    : [LogLoader partition=__consumer_offsets-9, dir=/var/folders/5y/drkgp24s4953fcp75wvzd9_h0000gn/T/kafka-16999910623255496955/broker_0_data0] Loading producer state till offset 0 with message format version 2
2026-01-23T16:20:28.255Z  INFO 7318 --- [r-event-handler] kafka.log.LogManager                     : Created log for partition __consumer_offsets-9 in /var/folders/5y/drkgp24s4953fcp75wvzd9_h0000gn/T/kafka-16999910623255496955/broker_0_data0/__consumer_offsets-9 with properties {cleanup.policy=compact, compression.type="producer", segment.bytes=104857600}
2026-01-23T16:20:28.255Z  INFO 7318 --- [r-event-handler] kafka.cluster.Partition                  : [Partition __consumer_offsets-9 broker=0] No checkpointed highwatermark is found for partition __consumer_offsets-9
2026-01-23T16:20:28.255Z  INFO 7318 --- [r-event-handler] kafka.cluster.Partition                  : [Partition __consumer_offsets-9 broker=0] Log loaded for partition __consumer_offsets-9 with initial high watermark 0
2026-01-23T16:20:28.255Z  INFO 7318 --- [r-event-handler] state.change.logger                      : [Broker id=0] Leader __consumer_offsets-9 with topic id Some(4IcMkyiASimW3J6FJg-roA) starts at leader epoch 0 from offset 0 with partition epoch 0, high watermark 0, ISR [0], adding replicas [] and removing replicas [] . Previous leader None and previous leader epoch was -1.
2026-01-23T16:20:28.262Z  INFO 7318 --- [r-event-handler] state.change.logger                      : [Broker id=0] Creating new partition __consumer_offsets-42 with topic id 4IcMkyiASimW3J6FJg-roA.
2026-01-23T16:20:28.263Z  INFO 7318 --- [r-event-handler] kafka.log.UnifiedLog$                    : [LogLoader partition=__consumer_offsets-42, dir=/var/folders/5y/drkgp24s4953fcp75wvzd9_h0000gn/T/kafka-16999910623255496955/broker_0_data0] Loading producer state till offset 0 with message format version 2
2026-01-23T16:20:28.264Z  INFO 7318 --- [r-event-handler] kafka.log.LogManager                     : Created log for partition __consumer_offsets-42 in /var/folders/5y/drkgp24s4953fcp75wvzd9_h0000gn/T/kafka-16999910623255496955/broker_0_data0/__consumer_offsets-42 with properties {cleanup.policy=compact, compression.type="producer", segment.bytes=104857600}
2026-01-23T16:20:28.264Z  INFO 7318 --- [r-event-handler] kafka.cluster.Partition                  : [Partition __consumer_offsets-42 broker=0] No checkpointed highwatermark is found for partition __consumer_offsets-42
2026-01-23T16:20:28.264Z  INFO 7318 --- [r-event-handler] kafka.cluster.Partition                  : [Partition __consumer_offsets-42 broker=0] Log loaded for partition __consumer_offsets-42 with initial high watermark 0
2026-01-23T16:20:28.264Z  INFO 7318 --- [r-event-handler] state.change.logger                      : [Broker id=0] Leader __consumer_offsets-42 with topic id Some(4IcMkyiASimW3J6FJg-roA) starts at leader epoch 0 from offset 0 with partition epoch 0, high watermark 0, ISR [0], adding replicas [] and removing replicas [] . Previous leader None and previous leader epoch was -1.
2026-01-23T16:20:28.268Z  INFO 7318 --- [ntainer#0-0-C-1] o.a.k.c.c.internals.ConsumerCoordinator  : [Consumer clientId=consumer-midas-group-1, groupId=midas-group] Discovered group coordinator localhost:50553 (id: 2147483647 rack: null)
2026-01-23T16:20:28.269Z  INFO 7318 --- [ntainer#0-0-C-1] o.a.k.c.c.internals.ConsumerCoordinator  : [Consumer clientId=consumer-midas-group-1, groupId=midas-group] (Re-)joining group
2026-01-23T16:20:28.271Z  INFO 7318 --- [r-event-handler] state.change.logger                      : [Broker id=0] Creating new partition __consumer_offsets-21 with topic id 4IcMkyiASimW3J6FJg-roA.
2026-01-23T16:20:28.272Z  INFO 7318 --- [r-event-handler] kafka.log.UnifiedLog$                    : [LogLoader partition=__consumer_offsets-21, dir=/var/folders/5y/drkgp24s4953fcp75wvzd9_h0000gn/T/kafka-16999910623255496955/broker_0_data0] Loading producer state till offset 0 with message format version 2
2026-01-23T16:20:28.273Z  INFO 7318 --- [r-event-handler] kafka.log.LogManager                     : Created log for partition __consumer_offsets-21 in /var/folders/5y/drkgp24s4953fcp75wvzd9_h0000gn/T/kafka-16999910623255496955/broker_0_data0/__consumer_offsets-21 with properties {cleanup.policy=compact, compression.type="producer", segment.bytes=104857600}
2026-01-23T16:20:28.273Z  INFO 7318 --- [r-event-handler] kafka.cluster.Partition                  : [Partition __consumer_offsets-21 broker=0] No checkpointed highwatermark is found for partition __consumer_offsets-21
2026-01-23T16:20:28.273Z  INFO 7318 --- [r-event-handler] kafka.cluster.Partition                  : [Partition __consumer_offsets-21 broker=0] Log loaded for partition __consumer_offsets-21 with initial high watermark 0
2026-01-23T16:20:28.273Z  INFO 7318 --- [r-event-handler] state.change.logger                      : [Broker id=0] Leader __consumer_offsets-21 with topic id Some(4IcMkyiASimW3J6FJg-roA) starts at leader epoch 0 from offset 0 with partition epoch 0, high watermark 0, ISR [0], adding replicas [] and removing replicas [] . Previous leader None and previous leader epoch was -1.
2026-01-23T16:20:28.274Z  INFO 7318 --- [ntainer#0-0-C-1] o.a.k.c.c.internals.ConsumerCoordinator  : [Consumer clientId=consumer-midas-group-1, groupId=midas-group] Group coordinator localhost:50553 (id: 2147483647 rack: null) is unavailable or invalid due to cause: error response NOT_COORDINATOR. isDisconnected: false. Rediscovery will be attempted.
2026-01-23T16:20:28.274Z  INFO 7318 --- [ntainer#0-0-C-1] o.a.k.c.c.internals.ConsumerCoordinator  : [Consumer clientId=consumer-midas-group-1, groupId=midas-group] Requesting disconnect from last known coordinator localhost:50553 (id: 2147483647 rack: null)
2026-01-23T16:20:28.274Z  INFO 7318 --- [ntainer#0-0-C-1] o.a.k.c.c.internals.ConsumerCoordinator  : [Consumer clientId=consumer-midas-group-1, groupId=midas-group] JoinGroup failed: This is not the correct coordinator. Marking coordinator unknown. Sent generation was Generation{generationId=-1, memberId='', protocol='null'}
2026-01-23T16:20:28.274Z  INFO 7318 --- [ntainer#0-0-C-1] org.apache.kafka.clients.NetworkClient   : [Consumer clientId=consumer-midas-group-1, groupId=midas-group] Client requested disconnect from node 2147483647
2026-01-23T16:20:28.275Z  INFO 7318 --- [ntainer#0-0-C-1] o.a.k.c.c.internals.ConsumerCoordinator  : [Consumer clientId=consumer-midas-group-1, groupId=midas-group] Discovered group coordinator localhost:50553 (id: 2147483647 rack: null)
2026-01-23T16:20:28.275Z  INFO 7318 --- [ntainer#0-0-C-1] o.a.k.c.c.internals.ConsumerCoordinator  : [Consumer clientId=consumer-midas-group-1, groupId=midas-group] Group coordinator localhost:50553 (id: 2147483647 rack: null) is unavailable or invalid due to cause: coordinator unavailable. isDisconnected: false. Rediscovery will be attempted.
2026-01-23T16:20:28.275Z  INFO 7318 --- [ntainer#0-0-C-1] o.a.k.c.c.internals.ConsumerCoordinator  : [Consumer clientId=consumer-midas-group-1, groupId=midas-group] Requesting disconnect from last known coordinator localhost:50553 (id: 2147483647 rack: null)
2026-01-23T16:20:28.281Z  INFO 7318 --- [r-event-handler] state.change.logger                      : [Broker id=0] Creating new partition __consumer_offsets-17 with topic id 4IcMkyiASimW3J6FJg-roA.
2026-01-23T16:20:28.282Z  INFO 7318 --- [r-event-handler] kafka.log.UnifiedLog$                    : [LogLoader partition=__consumer_offsets-17, dir=/var/folders/5y/drkgp24s4953fcp75wvzd9_h0000gn/T/kafka-16999910623255496955/broker_0_data0] Loading producer state till offset 0 with message format version 2
2026-01-23T16:20:28.282Z  INFO 7318 --- [r-event-handler] kafka.log.LogManager                     : Created log for partition __consumer_offsets-17 in /var/folders/5y/drkgp24s4953fcp75wvzd9_h0000gn/T/kafka-16999910623255496955/broker_0_data0/__consumer_offsets-17 with properties {cleanup.policy=compact, compression.type="producer", segment.bytes=104857600}
2026-01-23T16:20:28.282Z  INFO 7318 --- [r-event-handler] kafka.cluster.Partition                  : [Partition __consumer_offsets-17 broker=0] No checkpointed highwatermark is found for partition __consumer_offsets-17
2026-01-23T16:20:28.282Z  INFO 7318 --- [r-event-handler] kafka.cluster.Partition                  : [Partition __consumer_offsets-17 broker=0] Log loaded for partition __consumer_offsets-17 with initial high watermark 0
2026-01-23T16:20:28.282Z  INFO 7318 --- [r-event-handler] state.change.logger                      : [Broker id=0] Leader __consumer_offsets-17 with topic id Some(4IcMkyiASimW3J6FJg-roA) starts at leader epoch 0 from offset 0 with partition epoch 0, high watermark 0, ISR [0], adding replicas [] and removing replicas [] . Previous leader None and previous leader epoch was -1.
2026-01-23T16:20:28.290Z  INFO 7318 --- [r-event-handler] state.change.logger                      : [Broker id=0] Creating new partition __consumer_offsets-30 with topic id 4IcMkyiASimW3J6FJg-roA.
2026-01-23T16:20:28.291Z  INFO 7318 --- [r-event-handler] kafka.log.UnifiedLog$                    : [LogLoader partition=__consumer_offsets-30, dir=/var/folders/5y/drkgp24s4953fcp75wvzd9_h0000gn/T/kafka-16999910623255496955/broker_0_data0] Loading producer state till offset 0 with message format version 2
2026-01-23T16:20:28.291Z  INFO 7318 --- [r-event-handler] kafka.log.LogManager                     : Created log for partition __consumer_offsets-30 in /var/folders/5y/drkgp24s4953fcp75wvzd9_h0000gn/T/kafka-16999910623255496955/broker_0_data0/__consumer_offsets-30 with properties {cleanup.policy=compact, compression.type="producer", segment.bytes=104857600}
2026-01-23T16:20:28.291Z  INFO 7318 --- [r-event-handler] kafka.cluster.Partition                  : [Partition __consumer_offsets-30 broker=0] No checkpointed highwatermark is found for partition __consumer_offsets-30
2026-01-23T16:20:28.291Z  INFO 7318 --- [r-event-handler] kafka.cluster.Partition                  : [Partition __consumer_offsets-30 broker=0] Log loaded for partition __consumer_offsets-30 with initial high watermark 0
2026-01-23T16:20:28.291Z  INFO 7318 --- [r-event-handler] state.change.logger                      : [Broker id=0] Leader __consumer_offsets-30 with topic id Some(4IcMkyiASimW3J6FJg-roA) starts at leader epoch 0 from offset 0 with partition epoch 0, high watermark 0, ISR [0], adding replicas [] and removing replicas [] . Previous leader None and previous leader epoch was -1.
2026-01-23T16:20:28.298Z  INFO 7318 --- [r-event-handler] state.change.logger                      : [Broker id=0] Creating new partition __consumer_offsets-26 with topic id 4IcMkyiASimW3J6FJg-roA.
2026-01-23T16:20:28.299Z  INFO 7318 --- [r-event-handler] kafka.log.UnifiedLog$                    : [LogLoader partition=__consumer_offsets-26, dir=/var/folders/5y/drkgp24s4953fcp75wvzd9_h0000gn/T/kafka-16999910623255496955/broker_0_data0] Loading producer state till offset 0 with message format version 2
2026-01-23T16:20:28.299Z  INFO 7318 --- [r-event-handler] kafka.log.LogManager                     : Created log for partition __consumer_offsets-26 in /var/folders/5y/drkgp24s4953fcp75wvzd9_h0000gn/T/kafka-16999910623255496955/broker_0_data0/__consumer_offsets-26 with properties {cleanup.policy=compact, compression.type="producer", segment.bytes=104857600}
2026-01-23T16:20:28.299Z  INFO 7318 --- [r-event-handler] kafka.cluster.Partition                  : [Partition __consumer_offsets-26 broker=0] No checkpointed highwatermark is found for partition __consumer_offsets-26
2026-01-23T16:20:28.299Z  INFO 7318 --- [r-event-handler] kafka.cluster.Partition                  : [Partition __consumer_offsets-26 broker=0] Log loaded for partition __consumer_offsets-26 with initial high watermark 0
2026-01-23T16:20:28.299Z  INFO 7318 --- [r-event-handler] state.change.logger                      : [Broker id=0] Leader __consumer_offsets-26 with topic id Some(4IcMkyiASimW3J6FJg-roA) starts at leader epoch 0 from offset 0 with partition epoch 0, high watermark 0, ISR [0], adding replicas [] and removing replicas [] . Previous leader None and previous leader epoch was -1.
2026-01-23T16:20:28.307Z  INFO 7318 --- [r-event-handler] state.change.logger                      : [Broker id=0] Creating new partition __consumer_offsets-5 with topic id 4IcMkyiASimW3J6FJg-roA.
2026-01-23T16:20:28.308Z  INFO 7318 --- [r-event-handler] kafka.log.UnifiedLog$                    : [LogLoader partition=__consumer_offsets-5, dir=/var/folders/5y/drkgp24s4953fcp75wvzd9_h0000gn/T/kafka-16999910623255496955/broker_0_data0] Loading producer state till offset 0 with message format version 2
2026-01-23T16:20:28.308Z  INFO 7318 --- [r-event-handler] kafka.log.LogManager                     : Created log for partition __consumer_offsets-5 in /var/folders/5y/drkgp24s4953fcp75wvzd9_h0000gn/T/kafka-16999910623255496955/broker_0_data0/__consumer_offsets-5 with properties {cleanup.policy=compact, compression.type="producer", segment.bytes=104857600}
2026-01-23T16:20:28.308Z  INFO 7318 --- [r-event-handler] kafka.cluster.Partition                  : [Partition __consumer_offsets-5 broker=0] No checkpointed highwatermark is found for partition __consumer_offsets-5
2026-01-23T16:20:28.309Z  INFO 7318 --- [r-event-handler] kafka.cluster.Partition                  : [Partition __consumer_offsets-5 broker=0] Log loaded for partition __consumer_offsets-5 with initial high watermark 0
2026-01-23T16:20:28.309Z  INFO 7318 --- [r-event-handler] state.change.logger                      : [Broker id=0] Leader __consumer_offsets-5 with topic id Some(4IcMkyiASimW3J6FJg-roA) starts at leader epoch 0 from offset 0 with partition epoch 0, high watermark 0, ISR [0], adding replicas [] and removing replicas [] . Previous leader None and previous leader epoch was -1.
2026-01-23T16:20:28.317Z  INFO 7318 --- [r-event-handler] state.change.logger                      : [Broker id=0] Creating new partition __consumer_offsets-38 with topic id 4IcMkyiASimW3J6FJg-roA.
2026-01-23T16:20:28.318Z  INFO 7318 --- [r-event-handler] kafka.log.UnifiedLog$                    : [LogLoader partition=__consumer_offsets-38, dir=/var/folders/5y/drkgp24s4953fcp75wvzd9_h0000gn/T/kafka-16999910623255496955/broker_0_data0] Loading producer state till offset 0 with message format version 2
2026-01-23T16:20:28.318Z  INFO 7318 --- [r-event-handler] kafka.log.LogManager                     : Created log for partition __consumer_offsets-38 in /var/folders/5y/drkgp24s4953fcp75wvzd9_h0000gn/T/kafka-16999910623255496955/broker_0_data0/__consumer_offsets-38 with properties {cleanup.policy=compact, compression.type="producer", segment.bytes=104857600}
2026-01-23T16:20:28.318Z  INFO 7318 --- [r-event-handler] kafka.cluster.Partition                  : [Partition __consumer_offsets-38 broker=0] No checkpointed highwatermark is found for partition __consumer_offsets-38
2026-01-23T16:20:28.318Z  INFO 7318 --- [r-event-handler] kafka.cluster.Partition                  : [Partition __consumer_offsets-38 broker=0] Log loaded for partition __consumer_offsets-38 with initial high watermark 0
2026-01-23T16:20:28.318Z  INFO 7318 --- [r-event-handler] state.change.logger                      : [Broker id=0] Leader __consumer_offsets-38 with topic id Some(4IcMkyiASimW3J6FJg-roA) starts at leader epoch 0 from offset 0 with partition epoch 0, high watermark 0, ISR [0], adding replicas [] and removing replicas [] . Previous leader None and previous leader epoch was -1.
2026-01-23T16:20:28.326Z  INFO 7318 --- [r-event-handler] state.change.logger                      : [Broker id=0] Creating new partition __consumer_offsets-1 with topic id 4IcMkyiASimW3J6FJg-roA.
2026-01-23T16:20:28.327Z  INFO 7318 --- [r-event-handler] kafka.log.UnifiedLog$                    : [LogLoader partition=__consumer_offsets-1, dir=/var/folders/5y/drkgp24s4953fcp75wvzd9_h0000gn/T/kafka-16999910623255496955/broker_0_data0] Loading producer state till offset 0 with message format version 2
2026-01-23T16:20:28.327Z  INFO 7318 --- [r-event-handler] kafka.log.LogManager                     : Created log for partition __consumer_offsets-1 in /var/folders/5y/drkgp24s4953fcp75wvzd9_h0000gn/T/kafka-16999910623255496955/broker_0_data0/__consumer_offsets-1 with properties {cleanup.policy=compact, compression.type="producer", segment.bytes=104857600}
2026-01-23T16:20:28.327Z  INFO 7318 --- [r-event-handler] kafka.cluster.Partition                  : [Partition __consumer_offsets-1 broker=0] No checkpointed highwatermark is found for partition __consumer_offsets-1
2026-01-23T16:20:28.327Z  INFO 7318 --- [r-event-handler] kafka.cluster.Partition                  : [Partition __consumer_offsets-1 broker=0] Log loaded for partition __consumer_offsets-1 with initial high watermark 0
2026-01-23T16:20:28.327Z  INFO 7318 --- [r-event-handler] state.change.logger                      : [Broker id=0] Leader __consumer_offsets-1 with topic id Some(4IcMkyiASimW3J6FJg-roA) starts at leader epoch 0 from offset 0 with partition epoch 0, high watermark 0, ISR [0], adding replicas [] and removing replicas [] . Previous leader None and previous leader epoch was -1.
2026-01-23T16:20:28.335Z  INFO 7318 --- [r-event-handler] state.change.logger                      : [Broker id=0] Creating new partition __consumer_offsets-34 with topic id 4IcMkyiASimW3J6FJg-roA.
2026-01-23T16:20:28.336Z  INFO 7318 --- [r-event-handler] kafka.log.UnifiedLog$                    : [LogLoader partition=__consumer_offsets-34, dir=/var/folders/5y/drkgp24s4953fcp75wvzd9_h0000gn/T/kafka-16999910623255496955/broker_0_data0] Loading producer state till offset 0 with message format version 2
2026-01-23T16:20:28.337Z  INFO 7318 --- [r-event-handler] kafka.log.LogManager                     : Created log for partition __consumer_offsets-34 in /var/folders/5y/drkgp24s4953fcp75wvzd9_h0000gn/T/kafka-16999910623255496955/broker_0_data0/__consumer_offsets-34 with properties {cleanup.policy=compact, compression.type="producer", segment.bytes=104857600}
2026-01-23T16:20:28.337Z  INFO 7318 --- [r-event-handler] kafka.cluster.Partition                  : [Partition __consumer_offsets-34 broker=0] No checkpointed highwatermark is found for partition __consumer_offsets-34
2026-01-23T16:20:28.337Z  INFO 7318 --- [r-event-handler] kafka.cluster.Partition                  : [Partition __consumer_offsets-34 broker=0] Log loaded for partition __consumer_offsets-34 with initial high watermark 0
2026-01-23T16:20:28.337Z  INFO 7318 --- [r-event-handler] state.change.logger                      : [Broker id=0] Leader __consumer_offsets-34 with topic id Some(4IcMkyiASimW3J6FJg-roA) starts at leader epoch 0 from offset 0 with partition epoch 0, high watermark 0, ISR [0], adding replicas [] and removing replicas [] . Previous leader None and previous leader epoch was -1.
2026-01-23T16:20:28.344Z  INFO 7318 --- [r-event-handler] state.change.logger                      : [Broker id=0] Creating new partition __consumer_offsets-16 with topic id 4IcMkyiASimW3J6FJg-roA.
2026-01-23T16:20:28.345Z  INFO 7318 --- [r-event-handler] kafka.log.UnifiedLog$                    : [LogLoader partition=__consumer_offsets-16, dir=/var/folders/5y/drkgp24s4953fcp75wvzd9_h0000gn/T/kafka-16999910623255496955/broker_0_data0] Loading producer state till offset 0 with message format version 2
2026-01-23T16:20:28.345Z  INFO 7318 --- [r-event-handler] kafka.log.LogManager                     : Created log for partition __consumer_offsets-16 in /var/folders/5y/drkgp24s4953fcp75wvzd9_h0000gn/T/kafka-16999910623255496955/broker_0_data0/__consumer_offsets-16 with properties {cleanup.policy=compact, compression.type="producer", segment.bytes=104857600}
2026-01-23T16:20:28.345Z  INFO 7318 --- [r-event-handler] kafka.cluster.Partition                  : [Partition __consumer_offsets-16 broker=0] No checkpointed highwatermark is found for partition __consumer_offsets-16
2026-01-23T16:20:28.345Z  INFO 7318 --- [r-event-handler] kafka.cluster.Partition                  : [Partition __consumer_offsets-16 broker=0] Log loaded for partition __consumer_offsets-16 with initial high watermark 0
2026-01-23T16:20:28.345Z  INFO 7318 --- [r-event-handler] state.change.logger                      : [Broker id=0] Leader __consumer_offsets-16 with topic id Some(4IcMkyiASimW3J6FJg-roA) starts at leader epoch 0 from offset 0 with partition epoch 0, high watermark 0, ISR [0], adding replicas [] and removing replicas [] . Previous leader None and previous leader epoch was -1.
2026-01-23T16:20:28.353Z  INFO 7318 --- [r-event-handler] state.change.logger                      : [Broker id=0] Creating new partition __consumer_offsets-45 with topic id 4IcMkyiASimW3J6FJg-roA.
2026-01-23T16:20:28.354Z  INFO 7318 --- [r-event-handler] kafka.log.UnifiedLog$                    : [LogLoader partition=__consumer_offsets-45, dir=/var/folders/5y/drkgp24s4953fcp75wvzd9_h0000gn/T/kafka-16999910623255496955/broker_0_data0] Loading producer state till offset 0 with message format version 2
2026-01-23T16:20:28.355Z  INFO 7318 --- [r-event-handler] kafka.log.LogManager                     : Created log for partition __consumer_offsets-45 in /var/folders/5y/drkgp24s4953fcp75wvzd9_h0000gn/T/kafka-16999910623255496955/broker_0_data0/__consumer_offsets-45 with properties {cleanup.policy=compact, compression.type="producer", segment.bytes=104857600}
2026-01-23T16:20:28.355Z  INFO 7318 --- [r-event-handler] kafka.cluster.Partition                  : [Partition __consumer_offsets-45 broker=0] No checkpointed highwatermark is found for partition __consumer_offsets-45
2026-01-23T16:20:28.355Z  INFO 7318 --- [r-event-handler] kafka.cluster.Partition                  : [Partition __consumer_offsets-45 broker=0] Log loaded for partition __consumer_offsets-45 with initial high watermark 0
2026-01-23T16:20:28.355Z  INFO 7318 --- [r-event-handler] state.change.logger                      : [Broker id=0] Leader __consumer_offsets-45 with topic id Some(4IcMkyiASimW3J6FJg-roA) starts at leader epoch 0 from offset 0 with partition epoch 0, high watermark 0, ISR [0], adding replicas [] and removing replicas [] . Previous leader None and previous leader epoch was -1.
2026-01-23T16:20:28.363Z  INFO 7318 --- [r-event-handler] state.change.logger                      : [Broker id=0] Creating new partition __consumer_offsets-12 with topic id 4IcMkyiASimW3J6FJg-roA.
2026-01-23T16:20:28.364Z  INFO 7318 --- [r-event-handler] kafka.log.UnifiedLog$                    : [LogLoader partition=__consumer_offsets-12, dir=/var/folders/5y/drkgp24s4953fcp75wvzd9_h0000gn/T/kafka-16999910623255496955/broker_0_data0] Loading producer state till offset 0 with message format version 2
2026-01-23T16:20:28.364Z  INFO 7318 --- [r-event-handler] kafka.log.LogManager                     : Created log for partition __consumer_offsets-12 in /var/folders/5y/drkgp24s4953fcp75wvzd9_h0000gn/T/kafka-16999910623255496955/broker_0_data0/__consumer_offsets-12 with properties {cleanup.policy=compact, compression.type="producer", segment.bytes=104857600}
2026-01-23T16:20:28.365Z  INFO 7318 --- [r-event-handler] kafka.cluster.Partition                  : [Partition __consumer_offsets-12 broker=0] No checkpointed highwatermark is found for partition __consumer_offsets-12
2026-01-23T16:20:28.365Z  INFO 7318 --- [r-event-handler] kafka.cluster.Partition                  : [Partition __consumer_offsets-12 broker=0] Log loaded for partition __consumer_offsets-12 with initial high watermark 0
2026-01-23T16:20:28.365Z  INFO 7318 --- [r-event-handler] state.change.logger                      : [Broker id=0] Leader __consumer_offsets-12 with topic id Some(4IcMkyiASimW3J6FJg-roA) starts at leader epoch 0 from offset 0 with partition epoch 0, high watermark 0, ISR [0], adding replicas [] and removing replicas [] . Previous leader None and previous leader epoch was -1.
2026-01-23T16:20:28.372Z  INFO 7318 --- [r-event-handler] state.change.logger                      : [Broker id=0] Creating new partition __consumer_offsets-41 with topic id 4IcMkyiASimW3J6FJg-roA.
2026-01-23T16:20:28.373Z  INFO 7318 --- [r-event-handler] kafka.log.UnifiedLog$                    : [LogLoader partition=__consumer_offsets-41, dir=/var/folders/5y/drkgp24s4953fcp75wvzd9_h0000gn/T/kafka-16999910623255496955/broker_0_data0] Loading producer state till offset 0 with message format version 2
2026-01-23T16:20:28.374Z  INFO 7318 --- [r-event-handler] kafka.log.LogManager                     : Created log for partition __consumer_offsets-41 in /var/folders/5y/drkgp24s4953fcp75wvzd9_h0000gn/T/kafka-16999910623255496955/broker_0_data0/__consumer_offsets-41 with properties {cleanup.policy=compact, compression.type="producer", segment.bytes=104857600}
2026-01-23T16:20:28.374Z  INFO 7318 --- [r-event-handler] kafka.cluster.Partition                  : [Partition __consumer_offsets-41 broker=0] No checkpointed highwatermark is found for partition __consumer_offsets-41
2026-01-23T16:20:28.374Z  INFO 7318 --- [r-event-handler] kafka.cluster.Partition                  : [Partition __consumer_offsets-41 broker=0] Log loaded for partition __consumer_offsets-41 with initial high watermark 0
2026-01-23T16:20:28.374Z  INFO 7318 --- [r-event-handler] state.change.logger                      : [Broker id=0] Leader __consumer_offsets-41 with topic id Some(4IcMkyiASimW3J6FJg-roA) starts at leader epoch 0 from offset 0 with partition epoch 0, high watermark 0, ISR [0], adding replicas [] and removing replicas [] . Previous leader None and previous leader epoch was -1.
2026-01-23T16:20:28.381Z  INFO 7318 --- [r-event-handler] state.change.logger                      : [Broker id=0] Creating new partition __consumer_offsets-24 with topic id 4IcMkyiASimW3J6FJg-roA.
2026-01-23T16:20:28.381Z  INFO 7318 --- [ntainer#0-0-C-1] o.a.k.c.c.internals.ConsumerCoordinator  : [Consumer clientId=consumer-midas-group-1, groupId=midas-group] Discovered group coordinator localhost:50553 (id: 2147483647 rack: null)
2026-01-23T16:20:28.382Z  INFO 7318 --- [ntainer#0-0-C-1] o.a.k.c.c.internals.ConsumerCoordinator  : [Consumer clientId=consumer-midas-group-1, groupId=midas-group] Request joining group due to: rebalance failed due to 'This is not the correct coordinator.' (NotCoordinatorException)
2026-01-23T16:20:28.382Z  INFO 7318 --- [ntainer#0-0-C-1] o.a.k.c.c.internals.ConsumerCoordinator  : [Consumer clientId=consumer-midas-group-1, groupId=midas-group] (Re-)joining group
2026-01-23T16:20:28.383Z  INFO 7318 --- [r-event-handler] kafka.log.UnifiedLog$                    : [LogLoader partition=__consumer_offsets-24, dir=/var/folders/5y/drkgp24s4953fcp75wvzd9_h0000gn/T/kafka-16999910623255496955/broker_0_data0] Loading producer state till offset 0 with message format version 2
2026-01-23T16:20:28.383Z  INFO 7318 --- [r-event-handler] kafka.log.LogManager                     : Created log for partition __consumer_offsets-24 in /var/folders/5y/drkgp24s4953fcp75wvzd9_h0000gn/T/kafka-16999910623255496955/broker_0_data0/__consumer_offsets-24 with properties {cleanup.policy=compact, compression.type="producer", segment.bytes=104857600}
2026-01-23T16:20:28.383Z  INFO 7318 --- [r-event-handler] kafka.cluster.Partition                  : [Partition __consumer_offsets-24 broker=0] No checkpointed highwatermark is found for partition __consumer_offsets-24
2026-01-23T16:20:28.383Z  INFO 7318 --- [r-event-handler] kafka.cluster.Partition                  : [Partition __consumer_offsets-24 broker=0] Log loaded for partition __consumer_offsets-24 with initial high watermark 0
2026-01-23T16:20:28.383Z  INFO 7318 --- [r-event-handler] state.change.logger                      : [Broker id=0] Leader __consumer_offsets-24 with topic id Some(4IcMkyiASimW3J6FJg-roA) starts at leader epoch 0 from offset 0 with partition epoch 0, high watermark 0, ISR [0], adding replicas [] and removing replicas [] . Previous leader None and previous leader epoch was -1.
2026-01-23T16:20:28.383Z  INFO 7318 --- [ntainer#0-0-C-1] o.a.k.c.c.internals.ConsumerCoordinator  : [Consumer clientId=consumer-midas-group-1, groupId=midas-group] Group coordinator localhost:50553 (id: 2147483647 rack: null) is unavailable or invalid due to cause: error response NOT_COORDINATOR. isDisconnected: false. Rediscovery will be attempted.
2026-01-23T16:20:28.383Z  INFO 7318 --- [ntainer#0-0-C-1] o.a.k.c.c.internals.ConsumerCoordinator  : [Consumer clientId=consumer-midas-group-1, groupId=midas-group] Requesting disconnect from last known coordinator localhost:50553 (id: 2147483647 rack: null)
2026-01-23T16:20:28.383Z  INFO 7318 --- [ntainer#0-0-C-1] o.a.k.c.c.internals.ConsumerCoordinator  : [Consumer clientId=consumer-midas-group-1, groupId=midas-group] JoinGroup failed: This is not the correct coordinator. Marking coordinator unknown. Sent generation was Generation{generationId=-1, memberId='', protocol='null'}
2026-01-23T16:20:28.383Z  INFO 7318 --- [ntainer#0-0-C-1] org.apache.kafka.clients.NetworkClient   : [Consumer clientId=consumer-midas-group-1, groupId=midas-group] Client requested disconnect from node 2147483647
2026-01-23T16:20:28.384Z  INFO 7318 --- [ntainer#0-0-C-1] o.a.k.c.c.internals.ConsumerCoordinator  : [Consumer clientId=consumer-midas-group-1, groupId=midas-group] Discovered group coordinator localhost:50553 (id: 2147483647 rack: null)
2026-01-23T16:20:28.384Z  INFO 7318 --- [ntainer#0-0-C-1] o.a.k.c.c.internals.ConsumerCoordinator  : [Consumer clientId=consumer-midas-group-1, groupId=midas-group] Group coordinator localhost:50553 (id: 2147483647 rack: null) is unavailable or invalid due to cause: coordinator unavailable. isDisconnected: false. Rediscovery will be attempted.
2026-01-23T16:20:28.384Z  INFO 7318 --- [ntainer#0-0-C-1] o.a.k.c.c.internals.ConsumerCoordinator  : [Consumer clientId=consumer-midas-group-1, groupId=midas-group] Requesting disconnect from last known coordinator localhost:50553 (id: 2147483647 rack: null)
2026-01-23T16:20:28.391Z  INFO 7318 --- [r-event-handler] state.change.logger                      : [Broker id=0] Creating new partition __consumer_offsets-20 with topic id 4IcMkyiASimW3J6FJg-roA.
2026-01-23T16:20:28.392Z  INFO 7318 --- [r-event-handler] kafka.log.UnifiedLog$                    : [LogLoader partition=__consumer_offsets-20, dir=/var/folders/5y/drkgp24s4953fcp75wvzd9_h0000gn/T/kafka-16999910623255496955/broker_0_data0] Loading producer state till offset 0 with message format version 2
2026-01-23T16:20:28.393Z  INFO 7318 --- [r-event-handler] kafka.log.LogManager                     : Created log for partition __consumer_offsets-20 in /var/folders/5y/drkgp24s4953fcp75wvzd9_h0000gn/T/kafka-16999910623255496955/broker_0_data0/__consumer_offsets-20 with properties {cleanup.policy=compact, compression.type="producer", segment.bytes=104857600}
2026-01-23T16:20:28.393Z  INFO 7318 --- [r-event-handler] kafka.cluster.Partition                  : [Partition __consumer_offsets-20 broker=0] No checkpointed highwatermark is found for partition __consumer_offsets-20
2026-01-23T16:20:28.393Z  INFO 7318 --- [r-event-handler] kafka.cluster.Partition                  : [Partition __consumer_offsets-20 broker=0] Log loaded for partition __consumer_offsets-20 with initial high watermark 0
2026-01-23T16:20:28.393Z  INFO 7318 --- [r-event-handler] state.change.logger                      : [Broker id=0] Leader __consumer_offsets-20 with topic id Some(4IcMkyiASimW3J6FJg-roA) starts at leader epoch 0 from offset 0 with partition epoch 0, high watermark 0, ISR [0], adding replicas [] and removing replicas [] . Previous leader None and previous leader epoch was -1.
2026-01-23T16:20:28.400Z  INFO 7318 --- [r-event-handler] state.change.logger                      : [Broker id=0] Creating new partition __consumer_offsets-49 with topic id 4IcMkyiASimW3J6FJg-roA.
2026-01-23T16:20:28.401Z  INFO 7318 --- [r-event-handler] kafka.log.UnifiedLog$                    : [LogLoader partition=__consumer_offsets-49, dir=/var/folders/5y/drkgp24s4953fcp75wvzd9_h0000gn/T/kafka-16999910623255496955/broker_0_data0] Loading producer state till offset 0 with message format version 2
2026-01-23T16:20:28.402Z  INFO 7318 --- [r-event-handler] kafka.log.LogManager                     : Created log for partition __consumer_offsets-49 in /var/folders/5y/drkgp24s4953fcp75wvzd9_h0000gn/T/kafka-16999910623255496955/broker_0_data0/__consumer_offsets-49 with properties {cleanup.policy=compact, compression.type="producer", segment.bytes=104857600}
2026-01-23T16:20:28.402Z  INFO 7318 --- [r-event-handler] kafka.cluster.Partition                  : [Partition __consumer_offsets-49 broker=0] No checkpointed highwatermark is found for partition __consumer_offsets-49
2026-01-23T16:20:28.402Z  INFO 7318 --- [r-event-handler] kafka.cluster.Partition                  : [Partition __consumer_offsets-49 broker=0] Log loaded for partition __consumer_offsets-49 with initial high watermark 0
2026-01-23T16:20:28.402Z  INFO 7318 --- [r-event-handler] state.change.logger                      : [Broker id=0] Leader __consumer_offsets-49 with topic id Some(4IcMkyiASimW3J6FJg-roA) starts at leader epoch 0 from offset 0 with partition epoch 0, high watermark 0, ISR [0], adding replicas [] and removing replicas [] . Previous leader None and previous leader epoch was -1.
2026-01-23T16:20:28.407Z  INFO 7318 --- [           main] o.a.k.clients.producer.ProducerConfig    : ProducerConfig values: 
	acks = -1
	auto.include.jmx.reporter = true
	batch.size = 16384
	bootstrap.servers = [localhost:50553]
	buffer.memory = 33554432
	client.dns.lookup = use_all_dns_ips
	client.id = producer-1
	compression.type = none
	connections.max.idle.ms = 540000
	delivery.timeout.ms = 120000
	enable.idempotence = true
	interceptor.classes = []
	key.serializer = class org.apache.kafka.common.serialization.StringSerializer
	linger.ms = 0
	max.block.ms = 60000
	max.in.flight.requests.per.connection = 5
	max.request.size = 1048576
	metadata.max.age.ms = 300000
	metadata.max.idle.ms = 300000
	metric.reporters = []
	metrics.num.samples = 2
	metrics.recording.level = INFO
	metrics.sample.window.ms = 30000
	partitioner.adaptive.partitioning.enable = true
	partitioner.availability.timeout.ms = 0
	partitioner.class = null
	partitioner.ignore.keys = false
	receive.buffer.bytes = 32768
	reconnect.backoff.max.ms = 1000
	reconnect.backoff.ms = 50
	request.timeout.ms = 30000
	retries = 2147483647
	retry.backoff.ms = 100
	sasl.client.callback.handler.class = null
	sasl.jaas.config = null
	sasl.kerberos.kinit.cmd = /usr/bin/kinit
	sasl.kerberos.min.time.before.relogin = 60000
	sasl.kerberos.service.name = null
	sasl.kerberos.ticket.renew.jitter = 0.05
	sasl.kerberos.ticket.renew.window.factor = 0.8
	sasl.login.callback.handler.class = null
	sasl.login.class = null
	sasl.login.connect.timeout.ms = null
	sasl.login.read.timeout.ms = null
	sasl.login.refresh.buffer.seconds = 300
	sasl.login.refresh.min.period.seconds = 60
	sasl.login.refresh.window.factor = 0.8
	sasl.login.refresh.window.jitter = 0.05
	sasl.login.retry.backoff.max.ms = 10000
	sasl.login.retry.backoff.ms = 100
	sasl.mechanism = GSSAPI
	sasl.oauthbearer.clock.skew.seconds = 30
	sasl.oauthbearer.expected.audience = null
	sasl.oauthbearer.expected.issuer = null
	sasl.oauthbearer.jwks.endpoint.refresh.ms = 3600000
	sasl.oauthbearer.jwks.endpoint.retry.backoff.max.ms = 10000
	sasl.oauthbearer.jwks.endpoint.retry.backoff.ms = 100
	sasl.oauthbearer.jwks.endpoint.url = null
	sasl.oauthbearer.scope.claim.name = scope
	sasl.oauthbearer.sub.claim.name = sub
	sasl.oauthbearer.token.endpoint.url = null
	security.protocol = PLAINTEXT
	security.providers = null
	send.buffer.bytes = 131072
	socket.connection.setup.timeout.max.ms = 30000
	socket.connection.setup.timeout.ms = 10000
	ssl.cipher.suites = null
	ssl.enabled.protocols = [TLSv1.2, TLSv1.3]
	ssl.endpoint.identification.algorithm = https
	ssl.engine.factory.class = null
	ssl.key.password = null
	ssl.keymanager.algorithm = SunX509
	ssl.keystore.certificate.chain = null
	ssl.keystore.key = null
	ssl.keystore.location = null
	ssl.keystore.password = null
	ssl.keystore.type = JKS
	ssl.protocol = TLSv1.3
	ssl.provider = null
	ssl.secure.random.implementation = null
	ssl.trustmanager.algorithm = PKIX
	ssl.truststore.certificates = null
	ssl.truststore.location = null
	ssl.truststore.password = null
	ssl.truststore.type = JKS
	transaction.timeout.ms = 60000
	transactional.id = null
	value.serializer = class org.springframework.kafka.support.serializer.JsonSerializer

2026-01-23T16:20:28.410Z  INFO 7318 --- [           main] o.a.k.clients.producer.KafkaProducer     : [Producer clientId=producer-1] Instantiated an idempotent producer.
2026-01-23T16:20:28.410Z  INFO 7318 --- [r-event-handler] state.change.logger                      : [Broker id=0] Creating new partition __consumer_offsets-0 with topic id 4IcMkyiASimW3J6FJg-roA.
2026-01-23T16:20:28.411Z  INFO 7318 --- [r-event-handler] kafka.log.UnifiedLog$                    : [LogLoader partition=__consumer_offsets-0, dir=/var/folders/5y/drkgp24s4953fcp75wvzd9_h0000gn/T/kafka-16999910623255496955/broker_0_data0] Loading producer state till offset 0 with message format version 2
2026-01-23T16:20:28.412Z  INFO 7318 --- [r-event-handler] kafka.log.LogManager                     : Created log for partition __consumer_offsets-0 in /var/folders/5y/drkgp24s4953fcp75wvzd9_h0000gn/T/kafka-16999910623255496955/broker_0_data0/__consumer_offsets-0 with properties {cleanup.policy=compact, compression.type="producer", segment.bytes=104857600}
2026-01-23T16:20:28.412Z  INFO 7318 --- [r-event-handler] kafka.cluster.Partition                  : [Partition __consumer_offsets-0 broker=0] No checkpointed highwatermark is found for partition __consumer_offsets-0
2026-01-23T16:20:28.412Z  INFO 7318 --- [r-event-handler] kafka.cluster.Partition                  : [Partition __consumer_offsets-0 broker=0] Log loaded for partition __consumer_offsets-0 with initial high watermark 0
2026-01-23T16:20:28.412Z  INFO 7318 --- [r-event-handler] state.change.logger                      : [Broker id=0] Leader __consumer_offsets-0 with topic id Some(4IcMkyiASimW3J6FJg-roA) starts at leader epoch 0 from offset 0 with partition epoch 0, high watermark 0, ISR [0], adding replicas [] and removing replicas [] . Previous leader None and previous leader epoch was -1.
2026-01-23T16:20:28.413Z  INFO 7318 --- [           main] o.a.kafka.common.utils.AppInfoParser     : Kafka version: 3.6.2
2026-01-23T16:20:28.413Z  INFO 7318 --- [           main] o.a.kafka.common.utils.AppInfoParser     : Kafka commitId: c4deed513057c94e
2026-01-23T16:20:28.413Z  INFO 7318 --- [           main] o.a.kafka.common.utils.AppInfoParser     : Kafka startTimeMs: 1769185228413
2026-01-23T16:20:28.415Z  INFO 7318 --- [ad | producer-1] org.apache.kafka.clients.Metadata        : [Producer clientId=producer-1] Cluster ID: GjD-lLKQRGGPlFrq8rA30A
2026-01-23T16:20:28.416Z  INFO 7318 --- [0-event-handler] o.a.k.c.ProducerIdControlManager         : [QuorumController id=0] Replaying ProducerIdsRecord ProducerIdsRecord(brokerId=0, brokerEpoch=5, nextProducerId=1000)
2026-01-23T16:20:28.420Z  INFO 7318 --- [r-event-handler] state.change.logger                      : [Broker id=0] Creating new partition __consumer_offsets-29 with topic id 4IcMkyiASimW3J6FJg-roA.
2026-01-23T16:20:28.421Z  INFO 7318 --- [r-event-handler] kafka.log.UnifiedLog$                    : [LogLoader partition=__consumer_offsets-29, dir=/var/folders/5y/drkgp24s4953fcp75wvzd9_h0000gn/T/kafka-16999910623255496955/broker_0_data0] Loading producer state till offset 0 with message format version 2
2026-01-23T16:20:28.421Z  INFO 7318 --- [r-event-handler] kafka.log.LogManager                     : Created log for partition __consumer_offsets-29 in /var/folders/5y/drkgp24s4953fcp75wvzd9_h0000gn/T/kafka-16999910623255496955/broker_0_data0/__consumer_offsets-29 with properties {cleanup.policy=compact, compression.type="producer", segment.bytes=104857600}
2026-01-23T16:20:28.421Z  INFO 7318 --- [r-event-handler] kafka.cluster.Partition                  : [Partition __consumer_offsets-29 broker=0] No checkpointed highwatermark is found for partition __consumer_offsets-29
2026-01-23T16:20:28.421Z  INFO 7318 --- [r-event-handler] kafka.cluster.Partition                  : [Partition __consumer_offsets-29 broker=0] Log loaded for partition __consumer_offsets-29 with initial high watermark 0
2026-01-23T16:20:28.421Z  INFO 7318 --- [r-event-handler] state.change.logger                      : [Broker id=0] Leader __consumer_offsets-29 with topic id Some(4IcMkyiASimW3J6FJg-roA) starts at leader epoch 0 from offset 0 with partition epoch 0, high watermark 0, ISR [0], adding replicas [] and removing replicas [] . Previous leader None and previous leader epoch was -1.
2026-01-23T16:20:28.429Z  INFO 7318 --- [r-event-handler] state.change.logger                      : [Broker id=0] Creating new partition __consumer_offsets-25 with topic id 4IcMkyiASimW3J6FJg-roA.
2026-01-23T16:20:28.430Z  INFO 7318 --- [r-event-handler] kafka.log.UnifiedLog$                    : [LogLoader partition=__consumer_offsets-25, dir=/var/folders/5y/drkgp24s4953fcp75wvzd9_h0000gn/T/kafka-16999910623255496955/broker_0_data0] Loading producer state till offset 0 with message format version 2
2026-01-23T16:20:28.430Z  INFO 7318 --- [r-event-handler] kafka.log.LogManager                     : Created log for partition __consumer_offsets-25 in /var/folders/5y/drkgp24s4953fcp75wvzd9_h0000gn/T/kafka-16999910623255496955/broker_0_data0/__consumer_offsets-25 with properties {cleanup.policy=compact, compression.type="producer", segment.bytes=104857600}
2026-01-23T16:20:28.430Z  INFO 7318 --- [r-event-handler] kafka.cluster.Partition                  : [Partition __consumer_offsets-25 broker=0] No checkpointed highwatermark is found for partition __consumer_offsets-25
2026-01-23T16:20:28.430Z  INFO 7318 --- [r-event-handler] kafka.cluster.Partition                  : [Partition __consumer_offsets-25 broker=0] Log loaded for partition __consumer_offsets-25 with initial high watermark 0
2026-01-23T16:20:28.430Z  INFO 7318 --- [r-event-handler] state.change.logger                      : [Broker id=0] Leader __consumer_offsets-25 with topic id Some(4IcMkyiASimW3J6FJg-roA) starts at leader epoch 0 from offset 0 with partition epoch 0, high watermark 0, ISR [0], adding replicas [] and removing replicas [] . Previous leader None and previous leader epoch was -1.
2026-01-23T16:20:28.438Z  INFO 7318 --- [r-event-handler] state.change.logger                      : [Broker id=0] Creating new partition __consumer_offsets-8 with topic id 4IcMkyiASimW3J6FJg-roA.
2026-01-23T16:20:28.439Z  INFO 7318 --- [r-event-handler] kafka.log.UnifiedLog$                    : [LogLoader partition=__consumer_offsets-8, dir=/var/folders/5y/drkgp24s4953fcp75wvzd9_h0000gn/T/kafka-16999910623255496955/broker_0_data0] Loading producer state till offset 0 with message format version 2
2026-01-23T16:20:28.440Z  INFO 7318 --- [r-event-handler] kafka.log.LogManager                     : Created log for partition __consumer_offsets-8 in /var/folders/5y/drkgp24s4953fcp75wvzd9_h0000gn/T/kafka-16999910623255496955/broker_0_data0/__consumer_offsets-8 with properties {cleanup.policy=compact, compression.type="producer", segment.bytes=104857600}
2026-01-23T16:20:28.440Z  INFO 7318 --- [r-event-handler] kafka.cluster.Partition                  : [Partition __consumer_offsets-8 broker=0] No checkpointed highwatermark is found for partition __consumer_offsets-8
2026-01-23T16:20:28.440Z  INFO 7318 --- [r-event-handler] kafka.cluster.Partition                  : [Partition __consumer_offsets-8 broker=0] Log loaded for partition __consumer_offsets-8 with initial high watermark 0
2026-01-23T16:20:28.440Z  INFO 7318 --- [r-event-handler] state.change.logger                      : [Broker id=0] Leader __consumer_offsets-8 with topic id Some(4IcMkyiASimW3J6FJg-roA) starts at leader epoch 0 from offset 0 with partition epoch 0, high watermark 0, ISR [0], adding replicas [] and removing replicas [] . Previous leader None and previous leader epoch was -1.
2026-01-23T16:20:28.448Z  INFO 7318 --- [r-event-handler] state.change.logger                      : [Broker id=0] Creating new partition __consumer_offsets-37 with topic id 4IcMkyiASimW3J6FJg-roA.
2026-01-23T16:20:28.453Z  INFO 7318 --- [r-event-handler] kafka.log.UnifiedLog$                    : [LogLoader partition=__consumer_offsets-37, dir=/var/folders/5y/drkgp24s4953fcp75wvzd9_h0000gn/T/kafka-16999910623255496955/broker_0_data0] Loading producer state till offset 0 with message format version 2
2026-01-23T16:20:28.453Z  INFO 7318 --- [r-event-handler] kafka.log.LogManager                     : Created log for partition __consumer_offsets-37 in /var/folders/5y/drkgp24s4953fcp75wvzd9_h0000gn/T/kafka-16999910623255496955/broker_0_data0/__consumer_offsets-37 with properties {cleanup.policy=compact, compression.type="producer", segment.bytes=104857600}
2026-01-23T16:20:28.453Z  INFO 7318 --- [r-event-handler] kafka.cluster.Partition                  : [Partition __consumer_offsets-37 broker=0] No checkpointed highwatermark is found for partition __consumer_offsets-37
2026-01-23T16:20:28.453Z  INFO 7318 --- [r-event-handler] kafka.cluster.Partition                  : [Partition __consumer_offsets-37 broker=0] Log loaded for partition __consumer_offsets-37 with initial high watermark 0
2026-01-23T16:20:28.453Z  INFO 7318 --- [r-event-handler] state.change.logger                      : [Broker id=0] Leader __consumer_offsets-37 with topic id Some(4IcMkyiASimW3J6FJg-roA) starts at leader epoch 0 from offset 0 with partition epoch 0, high watermark 0, ISR [0], adding replicas [] and removing replicas [] . Previous leader None and previous leader epoch was -1.
2026-01-23T16:20:28.461Z  INFO 7318 --- [r-event-handler] state.change.logger                      : [Broker id=0] Creating new partition __consumer_offsets-4 with topic id 4IcMkyiASimW3J6FJg-roA.
2026-01-23T16:20:28.462Z  INFO 7318 --- [r-event-handler] kafka.log.UnifiedLog$                    : [LogLoader partition=__consumer_offsets-4, dir=/var/folders/5y/drkgp24s4953fcp75wvzd9_h0000gn/T/kafka-16999910623255496955/broker_0_data0] Loading producer state till offset 0 with message format version 2
2026-01-23T16:20:28.462Z  INFO 7318 --- [r-event-handler] kafka.log.LogManager                     : Created log for partition __consumer_offsets-4 in /var/folders/5y/drkgp24s4953fcp75wvzd9_h0000gn/T/kafka-16999910623255496955/broker_0_data0/__consumer_offsets-4 with properties {cleanup.policy=compact, compression.type="producer", segment.bytes=104857600}
2026-01-23T16:20:28.462Z  INFO 7318 --- [r-event-handler] kafka.cluster.Partition                  : [Partition __consumer_offsets-4 broker=0] No checkpointed highwatermark is found for partition __consumer_offsets-4
2026-01-23T16:20:28.462Z  INFO 7318 --- [r-event-handler] kafka.cluster.Partition                  : [Partition __consumer_offsets-4 broker=0] Log loaded for partition __consumer_offsets-4 with initial high watermark 0
2026-01-23T16:20:28.462Z  INFO 7318 --- [r-event-handler] state.change.logger                      : [Broker id=0] Leader __consumer_offsets-4 with topic id Some(4IcMkyiASimW3J6FJg-roA) starts at leader epoch 0 from offset 0 with partition epoch 0, high watermark 0, ISR [0], adding replicas [] and removing replicas [] . Previous leader None and previous leader epoch was -1.
2026-01-23T16:20:28.470Z  INFO 7318 --- [r-event-handler] state.change.logger                      : [Broker id=0] Creating new partition __consumer_offsets-33 with topic id 4IcMkyiASimW3J6FJg-roA.
2026-01-23T16:20:28.471Z  INFO 7318 --- [r-event-handler] kafka.log.UnifiedLog$                    : [LogLoader partition=__consumer_offsets-33, dir=/var/folders/5y/drkgp24s4953fcp75wvzd9_h0000gn/T/kafka-16999910623255496955/broker_0_data0] Loading producer state till offset 0 with message format version 2
2026-01-23T16:20:28.471Z  INFO 7318 --- [r-event-handler] kafka.log.LogManager                     : Created log for partition __consumer_offsets-33 in /var/folders/5y/drkgp24s4953fcp75wvzd9_h0000gn/T/kafka-16999910623255496955/broker_0_data0/__consumer_offsets-33 with properties {cleanup.policy=compact, compression.type="producer", segment.bytes=104857600}
2026-01-23T16:20:28.471Z  INFO 7318 --- [r-event-handler] kafka.cluster.Partition                  : [Partition __consumer_offsets-33 broker=0] No checkpointed highwatermark is found for partition __consumer_offsets-33
2026-01-23T16:20:28.471Z  INFO 7318 --- [r-event-handler] kafka.cluster.Partition                  : [Partition __consumer_offsets-33 broker=0] Log loaded for partition __consumer_offsets-33 with initial high watermark 0
2026-01-23T16:20:28.471Z  INFO 7318 --- [r-event-handler] state.change.logger                      : [Broker id=0] Leader __consumer_offsets-33 with topic id Some(4IcMkyiASimW3J6FJg-roA) starts at leader epoch 0 from offset 0 with partition epoch 0, high watermark 0, ISR [0], adding replicas [] and removing replicas [] . Previous leader None and previous leader epoch was -1.
2026-01-23T16:20:28.479Z  INFO 7318 --- [r-event-handler] state.change.logger                      : [Broker id=0] Creating new partition __consumer_offsets-15 with topic id 4IcMkyiASimW3J6FJg-roA.
2026-01-23T16:20:28.480Z  INFO 7318 --- [r-event-handler] kafka.log.UnifiedLog$                    : [LogLoader partition=__consumer_offsets-15, dir=/var/folders/5y/drkgp24s4953fcp75wvzd9_h0000gn/T/kafka-16999910623255496955/broker_0_data0] Loading producer state till offset 0 with message format version 2
2026-01-23T16:20:28.480Z  INFO 7318 --- [r-event-handler] kafka.log.LogManager                     : Created log for partition __consumer_offsets-15 in /var/folders/5y/drkgp24s4953fcp75wvzd9_h0000gn/T/kafka-16999910623255496955/broker_0_data0/__consumer_offsets-15 with properties {cleanup.policy=compact, compression.type="producer", segment.bytes=104857600}
2026-01-23T16:20:28.480Z  INFO 7318 --- [r-event-handler] kafka.cluster.Partition                  : [Partition __consumer_offsets-15 broker=0] No checkpointed highwatermark is found for partition __consumer_offsets-15
2026-01-23T16:20:28.480Z  INFO 7318 --- [r-event-handler] kafka.cluster.Partition                  : [Partition __consumer_offsets-15 broker=0] Log loaded for partition __consumer_offsets-15 with initial high watermark 0
2026-01-23T16:20:28.480Z  INFO 7318 --- [r-event-handler] state.change.logger                      : [Broker id=0] Leader __consumer_offsets-15 with topic id Some(4IcMkyiASimW3J6FJg-roA) starts at leader epoch 0 from offset 0 with partition epoch 0, high watermark 0, ISR [0], adding replicas [] and removing replicas [] . Previous leader None and previous leader epoch was -1.
2026-01-23T16:20:28.488Z  INFO 7318 --- [r-event-handler] state.change.logger                      : [Broker id=0] Creating new partition __consumer_offsets-48 with topic id 4IcMkyiASimW3J6FJg-roA.
2026-01-23T16:20:28.489Z  INFO 7318 --- [r-event-handler] kafka.log.UnifiedLog$                    : [LogLoader partition=__consumer_offsets-48, dir=/var/folders/5y/drkgp24s4953fcp75wvzd9_h0000gn/T/kafka-16999910623255496955/broker_0_data0] Loading producer state till offset 0 with message format version 2
2026-01-23T16:20:28.489Z  INFO 7318 --- [r-event-handler] kafka.log.LogManager                     : Created log for partition __consumer_offsets-48 in /var/folders/5y/drkgp24s4953fcp75wvzd9_h0000gn/T/kafka-16999910623255496955/broker_0_data0/__consumer_offsets-48 with properties {cleanup.policy=compact, compression.type="producer", segment.bytes=104857600}
2026-01-23T16:20:28.489Z  INFO 7318 --- [r-event-handler] kafka.cluster.Partition                  : [Partition __consumer_offsets-48 broker=0] No checkpointed highwatermark is found for partition __consumer_offsets-48
2026-01-23T16:20:28.489Z  INFO 7318 --- [r-event-handler] kafka.cluster.Partition                  : [Partition __consumer_offsets-48 broker=0] Log loaded for partition __consumer_offsets-48 with initial high watermark 0
2026-01-23T16:20:28.489Z  INFO 7318 --- [r-event-handler] state.change.logger                      : [Broker id=0] Leader __consumer_offsets-48 with topic id Some(4IcMkyiASimW3J6FJg-roA) starts at leader epoch 0 from offset 0 with partition epoch 0, high watermark 0, ISR [0], adding replicas [] and removing replicas [] . Previous leader None and previous leader epoch was -1.
2026-01-23T16:20:28.490Z  INFO 7318 --- [ntainer#0-0-C-1] o.a.k.c.c.internals.ConsumerCoordinator  : [Consumer clientId=consumer-midas-group-1, groupId=midas-group] Discovered group coordinator localhost:50553 (id: 2147483647 rack: null)
2026-01-23T16:20:28.490Z  INFO 7318 --- [ntainer#0-0-C-1] o.a.k.c.c.internals.ConsumerCoordinator  : [Consumer clientId=consumer-midas-group-1, groupId=midas-group] Request joining group due to: rebalance failed due to 'This is not the correct coordinator.' (NotCoordinatorException)
2026-01-23T16:20:28.490Z  INFO 7318 --- [ntainer#0-0-C-1] o.a.k.c.c.internals.ConsumerCoordinator  : [Consumer clientId=consumer-midas-group-1, groupId=midas-group] (Re-)joining group
2026-01-23T16:20:28.491Z  INFO 7318 --- [ntainer#0-0-C-1] o.a.k.c.c.internals.ConsumerCoordinator  : [Consumer clientId=consumer-midas-group-1, groupId=midas-group] Group coordinator localhost:50553 (id: 2147483647 rack: null) is unavailable or invalid due to cause: error response NOT_COORDINATOR. isDisconnected: false. Rediscovery will be attempted.
2026-01-23T16:20:28.491Z  INFO 7318 --- [ntainer#0-0-C-1] o.a.k.c.c.internals.ConsumerCoordinator  : [Consumer clientId=consumer-midas-group-1, groupId=midas-group] Requesting disconnect from last known coordinator localhost:50553 (id: 2147483647 rack: null)
2026-01-23T16:20:28.491Z  INFO 7318 --- [ntainer#0-0-C-1] o.a.k.c.c.internals.ConsumerCoordinator  : [Consumer clientId=consumer-midas-group-1, groupId=midas-group] JoinGroup failed: This is not the correct coordinator. Marking coordinator unknown. Sent generation was Generation{generationId=-1, memberId='', protocol='null'}
2026-01-23T16:20:28.491Z  INFO 7318 --- [ntainer#0-0-C-1] org.apache.kafka.clients.NetworkClient   : [Consumer clientId=consumer-midas-group-1, groupId=midas-group] Client requested disconnect from node 2147483647
2026-01-23T16:20:28.492Z  INFO 7318 --- [ntainer#0-0-C-1] o.a.k.c.c.internals.ConsumerCoordinator  : [Consumer clientId=consumer-midas-group-1, groupId=midas-group] Discovered group coordinator localhost:50553 (id: 2147483647 rack: null)
2026-01-23T16:20:28.492Z  INFO 7318 --- [ntainer#0-0-C-1] o.a.k.c.c.internals.ConsumerCoordinator  : [Consumer clientId=consumer-midas-group-1, groupId=midas-group] Group coordinator localhost:50553 (id: 2147483647 rack: null) is unavailable or invalid due to cause: coordinator unavailable. isDisconnected: false. Rediscovery will be attempted.
2026-01-23T16:20:28.492Z  INFO 7318 --- [ntainer#0-0-C-1] o.a.k.c.c.internals.ConsumerCoordinator  : [Consumer clientId=consumer-midas-group-1, groupId=midas-group] Requesting disconnect from last known coordinator localhost:50553 (id: 2147483647 rack: null)
2026-01-23T16:20:28.497Z  INFO 7318 --- [r-event-handler] state.change.logger                      : [Broker id=0] Creating new partition __consumer_offsets-11 with topic id 4IcMkyiASimW3J6FJg-roA.
2026-01-23T16:20:28.498Z  INFO 7318 --- [r-event-handler] kafka.log.UnifiedLog$                    : [LogLoader partition=__consumer_offsets-11, dir=/var/folders/5y/drkgp24s4953fcp75wvzd9_h0000gn/T/kafka-16999910623255496955/broker_0_data0] Loading producer state till offset 0 with message format version 2
2026-01-23T16:20:28.498Z  INFO 7318 --- [r-event-handler] kafka.log.LogManager                     : Created log for partition __consumer_offsets-11 in /var/folders/5y/drkgp24s4953fcp75wvzd9_h0000gn/T/kafka-16999910623255496955/broker_0_data0/__consumer_offsets-11 with properties {cleanup.policy=compact, compression.type="producer", segment.bytes=104857600}
2026-01-23T16:20:28.498Z  INFO 7318 --- [r-event-handler] kafka.cluster.Partition                  : [Partition __consumer_offsets-11 broker=0] No checkpointed highwatermark is found for partition __consumer_offsets-11
2026-01-23T16:20:28.498Z  INFO 7318 --- [r-event-handler] kafka.cluster.Partition                  : [Partition __consumer_offsets-11 broker=0] Log loaded for partition __consumer_offsets-11 with initial high watermark 0
2026-01-23T16:20:28.499Z  INFO 7318 --- [r-event-handler] state.change.logger                      : [Broker id=0] Leader __consumer_offsets-11 with topic id Some(4IcMkyiASimW3J6FJg-roA) starts at leader epoch 0 from offset 0 with partition epoch 0, high watermark 0, ISR [0], adding replicas [] and removing replicas [] . Previous leader None and previous leader epoch was -1.
2026-01-23T16:20:28.507Z  INFO 7318 --- [r-event-handler] state.change.logger                      : [Broker id=0] Creating new partition __consumer_offsets-44 with topic id 4IcMkyiASimW3J6FJg-roA.
2026-01-23T16:20:28.508Z  INFO 7318 --- [r-event-handler] kafka.log.UnifiedLog$                    : [LogLoader partition=__consumer_offsets-44, dir=/var/folders/5y/drkgp24s4953fcp75wvzd9_h0000gn/T/kafka-16999910623255496955/broker_0_data0] Loading producer state till offset 0 with message format version 2
2026-01-23T16:20:28.508Z  INFO 7318 --- [r-event-handler] kafka.log.LogManager                     : Created log for partition __consumer_offsets-44 in /var/folders/5y/drkgp24s4953fcp75wvzd9_h0000gn/T/kafka-16999910623255496955/broker_0_data0/__consumer_offsets-44 with properties {cleanup.policy=compact, compression.type="producer", segment.bytes=104857600}
2026-01-23T16:20:28.508Z  INFO 7318 --- [r-event-handler] kafka.cluster.Partition                  : [Partition __consumer_offsets-44 broker=0] No checkpointed highwatermark is found for partition __consumer_offsets-44
2026-01-23T16:20:28.508Z  INFO 7318 --- [r-event-handler] kafka.cluster.Partition                  : [Partition __consumer_offsets-44 broker=0] Log loaded for partition __consumer_offsets-44 with initial high watermark 0
2026-01-23T16:20:28.508Z  INFO 7318 --- [r-event-handler] state.change.logger                      : [Broker id=0] Leader __consumer_offsets-44 with topic id Some(4IcMkyiASimW3J6FJg-roA) starts at leader epoch 0 from offset 0 with partition epoch 0, high watermark 0, ISR [0], adding replicas [] and removing replicas [] . Previous leader None and previous leader epoch was -1.
2026-01-23T16:20:28.513Z  INFO 7318 --- [r-event-handler] state.change.logger                      : [Broker id=0] Creating new partition __consumer_offsets-23 with topic id 4IcMkyiASimW3J6FJg-roA.
2026-01-23T16:20:28.514Z  INFO 7318 --- [r-event-handler] kafka.log.UnifiedLog$                    : [LogLoader partition=__consumer_offsets-23, dir=/var/folders/5y/drkgp24s4953fcp75wvzd9_h0000gn/T/kafka-16999910623255496955/broker_0_data0] Loading producer state till offset 0 with message format version 2
2026-01-23T16:20:28.514Z  INFO 7318 --- [r-event-handler] kafka.log.LogManager                     : Created log for partition __consumer_offsets-23 in /var/folders/5y/drkgp24s4953fcp75wvzd9_h0000gn/T/kafka-16999910623255496955/broker_0_data0/__consumer_offsets-23 with properties {cleanup.policy=compact, compression.type="producer", segment.bytes=104857600}
2026-01-23T16:20:28.514Z  INFO 7318 --- [r-event-handler] kafka.cluster.Partition                  : [Partition __consumer_offsets-23 broker=0] No checkpointed highwatermark is found for partition __consumer_offsets-23
2026-01-23T16:20:28.514Z  INFO 7318 --- [r-event-handler] kafka.cluster.Partition                  : [Partition __consumer_offsets-23 broker=0] Log loaded for partition __consumer_offsets-23 with initial high watermark 0
2026-01-23T16:20:28.514Z  INFO 7318 --- [r-event-handler] state.change.logger                      : [Broker id=0] Leader __consumer_offsets-23 with topic id Some(4IcMkyiASimW3J6FJg-roA) starts at leader epoch 0 from offset 0 with partition epoch 0, high watermark 0, ISR [0], adding replicas [] and removing replicas [] . Previous leader None and previous leader epoch was -1.
2026-01-23T16:20:28.522Z  INFO 7318 --- [r-event-handler] state.change.logger                      : [Broker id=0] Creating new partition __consumer_offsets-19 with topic id 4IcMkyiASimW3J6FJg-roA.
2026-01-23T16:20:28.523Z  INFO 7318 --- [ad | producer-1] o.a.k.c.p.internals.TransactionManager   : [Producer clientId=producer-1] ProducerId set to 0 with epoch 0
2026-01-23T16:20:28.523Z  INFO 7318 --- [r-event-handler] kafka.log.UnifiedLog$                    : [LogLoader partition=__consumer_offsets-19, dir=/var/folders/5y/drkgp24s4953fcp75wvzd9_h0000gn/T/kafka-16999910623255496955/broker_0_data0] Loading producer state till offset 0 with message format version 2
2026-01-23T16:20:28.523Z  INFO 7318 --- [r-event-handler] kafka.log.LogManager                     : Created log for partition __consumer_offsets-19 in /var/folders/5y/drkgp24s4953fcp75wvzd9_h0000gn/T/kafka-16999910623255496955/broker_0_data0/__consumer_offsets-19 with properties {cleanup.policy=compact, compression.type="producer", segment.bytes=104857600}
2026-01-23T16:20:28.523Z  INFO 7318 --- [r-event-handler] kafka.cluster.Partition                  : [Partition __consumer_offsets-19 broker=0] No checkpointed highwatermark is found for partition __consumer_offsets-19
2026-01-23T16:20:28.523Z  INFO 7318 --- [r-event-handler] kafka.cluster.Partition                  : [Partition __consumer_offsets-19 broker=0] Log loaded for partition __consumer_offsets-19 with initial high watermark 0
2026-01-23T16:20:28.523Z  INFO 7318 --- [r-event-handler] state.change.logger                      : [Broker id=0] Leader __consumer_offsets-19 with topic id Some(4IcMkyiASimW3J6FJg-roA) starts at leader epoch 0 from offset 0 with partition epoch 0, high watermark 0, ISR [0], adding replicas [] and removing replicas [] . Previous leader None and previous leader epoch was -1.
2026-01-23T16:20:28.532Z  INFO 7318 --- [r-event-handler] state.change.logger                      : [Broker id=0] Creating new partition __consumer_offsets-32 with topic id 4IcMkyiASimW3J6FJg-roA.
2026-01-23T16:20:28.533Z  INFO 7318 --- [r-event-handler] kafka.log.UnifiedLog$                    : [LogLoader partition=__consumer_offsets-32, dir=/var/folders/5y/drkgp24s4953fcp75wvzd9_h0000gn/T/kafka-16999910623255496955/broker_0_data0] Loading producer state till offset 0 with message format version 2
2026-01-23T16:20:28.533Z  INFO 7318 --- [r-event-handler] kafka.log.LogManager                     : Created log for partition __consumer_offsets-32 in /var/folders/5y/drkgp24s4953fcp75wvzd9_h0000gn/T/kafka-16999910623255496955/broker_0_data0/__consumer_offsets-32 with properties {cleanup.policy=compact, compression.type="producer", segment.bytes=104857600}
2026-01-23T16:20:28.533Z  INFO 7318 --- [r-event-handler] kafka.cluster.Partition                  : [Partition __consumer_offsets-32 broker=0] No checkpointed highwatermark is found for partition __consumer_offsets-32
2026-01-23T16:20:28.533Z  INFO 7318 --- [r-event-handler] kafka.cluster.Partition                  : [Partition __consumer_offsets-32 broker=0] Log loaded for partition __consumer_offsets-32 with initial high watermark 0
2026-01-23T16:20:28.533Z  INFO 7318 --- [r-event-handler] state.change.logger                      : [Broker id=0] Leader __consumer_offsets-32 with topic id Some(4IcMkyiASimW3J6FJg-roA) starts at leader epoch 0 from offset 0 with partition epoch 0, high watermark 0, ISR [0], adding replicas [] and removing replicas [] . Previous leader None and previous leader epoch was -1.
2026-01-23T16:20:28.541Z  INFO 7318 --- [r-event-handler] state.change.logger                      : [Broker id=0] Creating new partition __consumer_offsets-28 with topic id 4IcMkyiASimW3J6FJg-roA.
2026-01-23T16:20:28.542Z  INFO 7318 --- [r-event-handler] kafka.log.UnifiedLog$                    : [LogLoader partition=__consumer_offsets-28, dir=/var/folders/5y/drkgp24s4953fcp75wvzd9_h0000gn/T/kafka-16999910623255496955/broker_0_data0] Loading producer state till offset 0 with message format version 2
2026-01-23T16:20:28.542Z  INFO 7318 --- [r-event-handler] kafka.log.LogManager                     : Created log for partition __consumer_offsets-28 in /var/folders/5y/drkgp24s4953fcp75wvzd9_h0000gn/T/kafka-16999910623255496955/broker_0_data0/__consumer_offsets-28 with properties {cleanup.policy=compact, compression.type="producer", segment.bytes=104857600}
2026-01-23T16:20:28.542Z  INFO 7318 --- [r-event-handler] kafka.cluster.Partition                  : [Partition __consumer_offsets-28 broker=0] No checkpointed highwatermark is found for partition __consumer_offsets-28
2026-01-23T16:20:28.542Z  INFO 7318 --- [r-event-handler] kafka.cluster.Partition                  : [Partition __consumer_offsets-28 broker=0] Log loaded for partition __consumer_offsets-28 with initial high watermark 0
2026-01-23T16:20:28.542Z  INFO 7318 --- [r-event-handler] state.change.logger                      : [Broker id=0] Leader __consumer_offsets-28 with topic id Some(4IcMkyiASimW3J6FJg-roA) starts at leader epoch 0 from offset 0 with partition epoch 0, high watermark 0, ISR [0], adding replicas [] and removing replicas [] . Previous leader None and previous leader epoch was -1.
2026-01-23T16:20:28.550Z  INFO 7318 --- [r-event-handler] state.change.logger                      : [Broker id=0] Creating new partition __consumer_offsets-7 with topic id 4IcMkyiASimW3J6FJg-roA.
2026-01-23T16:20:28.551Z  INFO 7318 --- [r-event-handler] kafka.log.UnifiedLog$                    : [LogLoader partition=__consumer_offsets-7, dir=/var/folders/5y/drkgp24s4953fcp75wvzd9_h0000gn/T/kafka-16999910623255496955/broker_0_data0] Loading producer state till offset 0 with message format version 2
2026-01-23T16:20:28.551Z  INFO 7318 --- [r-event-handler] kafka.log.LogManager                     : Created log for partition __consumer_offsets-7 in /var/folders/5y/drkgp24s4953fcp75wvzd9_h0000gn/T/kafka-16999910623255496955/broker_0_data0/__consumer_offsets-7 with properties {cleanup.policy=compact, compression.type="producer", segment.bytes=104857600}
2026-01-23T16:20:28.551Z  INFO 7318 --- [r-event-handler] kafka.cluster.Partition                  : [Partition __consumer_offsets-7 broker=0] No checkpointed highwatermark is found for partition __consumer_offsets-7
2026-01-23T16:20:28.551Z  INFO 7318 --- [r-event-handler] kafka.cluster.Partition                  : [Partition __consumer_offsets-7 broker=0] Log loaded for partition __consumer_offsets-7 with initial high watermark 0
2026-01-23T16:20:28.551Z  INFO 7318 --- [r-event-handler] state.change.logger                      : [Broker id=0] Leader __consumer_offsets-7 with topic id Some(4IcMkyiASimW3J6FJg-roA) starts at leader epoch 0 from offset 0 with partition epoch 0, high watermark 0, ISR [0], adding replicas [] and removing replicas [] . Previous leader None and previous leader epoch was -1.
2026-01-23T16:20:28.559Z  INFO 7318 --- [r-event-handler] state.change.logger                      : [Broker id=0] Creating new partition __consumer_offsets-40 with topic id 4IcMkyiASimW3J6FJg-roA.
2026-01-23T16:20:28.560Z  INFO 7318 --- [r-event-handler] kafka.log.UnifiedLog$                    : [LogLoader partition=__consumer_offsets-40, dir=/var/folders/5y/drkgp24s4953fcp75wvzd9_h0000gn/T/kafka-16999910623255496955/broker_0_data0] Loading producer state till offset 0 with message format version 2
2026-01-23T16:20:28.560Z  INFO 7318 --- [r-event-handler] kafka.log.LogManager                     : Created log for partition __consumer_offsets-40 in /var/folders/5y/drkgp24s4953fcp75wvzd9_h0000gn/T/kafka-16999910623255496955/broker_0_data0/__consumer_offsets-40 with properties {cleanup.policy=compact, compression.type="producer", segment.bytes=104857600}
2026-01-23T16:20:28.560Z  INFO 7318 --- [r-event-handler] kafka.cluster.Partition                  : [Partition __consumer_offsets-40 broker=0] No checkpointed highwatermark is found for partition __consumer_offsets-40
2026-01-23T16:20:28.560Z  INFO 7318 --- [r-event-handler] kafka.cluster.Partition                  : [Partition __consumer_offsets-40 broker=0] Log loaded for partition __consumer_offsets-40 with initial high watermark 0
2026-01-23T16:20:28.560Z  INFO 7318 --- [r-event-handler] state.change.logger                      : [Broker id=0] Leader __consumer_offsets-40 with topic id Some(4IcMkyiASimW3J6FJg-roA) starts at leader epoch 0 from offset 0 with partition epoch 0, high watermark 0, ISR [0], adding replicas [] and removing replicas [] . Previous leader None and previous leader epoch was -1.
2026-01-23T16:20:28.568Z  INFO 7318 --- [r-event-handler] state.change.logger                      : [Broker id=0] Creating new partition __consumer_offsets-3 with topic id 4IcMkyiASimW3J6FJg-roA.
2026-01-23T16:20:28.569Z  INFO 7318 --- [r-event-handler] kafka.log.UnifiedLog$                    : [LogLoader partition=__consumer_offsets-3, dir=/var/folders/5y/drkgp24s4953fcp75wvzd9_h0000gn/T/kafka-16999910623255496955/broker_0_data0] Loading producer state till offset 0 with message format version 2
2026-01-23T16:20:28.569Z  INFO 7318 --- [r-event-handler] kafka.log.LogManager                     : Created log for partition __consumer_offsets-3 in /var/folders/5y/drkgp24s4953fcp75wvzd9_h0000gn/T/kafka-16999910623255496955/broker_0_data0/__consumer_offsets-3 with properties {cleanup.policy=compact, compression.type="producer", segment.bytes=104857600}
2026-01-23T16:20:28.569Z  INFO 7318 --- [r-event-handler] kafka.cluster.Partition                  : [Partition __consumer_offsets-3 broker=0] No checkpointed highwatermark is found for partition __consumer_offsets-3
2026-01-23T16:20:28.569Z  INFO 7318 --- [r-event-handler] kafka.cluster.Partition                  : [Partition __consumer_offsets-3 broker=0] Log loaded for partition __consumer_offsets-3 with initial high watermark 0
2026-01-23T16:20:28.569Z  INFO 7318 --- [r-event-handler] state.change.logger                      : [Broker id=0] Leader __consumer_offsets-3 with topic id Some(4IcMkyiASimW3J6FJg-roA) starts at leader epoch 0 from offset 0 with partition epoch 0, high watermark 0, ISR [0], adding replicas [] and removing replicas [] . Previous leader None and previous leader epoch was -1.
2026-01-23T16:20:28.577Z  INFO 7318 --- [r-event-handler] state.change.logger                      : [Broker id=0] Creating new partition __consumer_offsets-36 with topic id 4IcMkyiASimW3J6FJg-roA.
2026-01-23T16:20:28.578Z  INFO 7318 --- [r-event-handler] kafka.log.UnifiedLog$                    : [LogLoader partition=__consumer_offsets-36, dir=/var/folders/5y/drkgp24s4953fcp75wvzd9_h0000gn/T/kafka-16999910623255496955/broker_0_data0] Loading producer state till offset 0 with message format version 2
2026-01-23T16:20:28.578Z  INFO 7318 --- [r-event-handler] kafka.log.LogManager                     : Created log for partition __consumer_offsets-36 in /var/folders/5y/drkgp24s4953fcp75wvzd9_h0000gn/T/kafka-16999910623255496955/broker_0_data0/__consumer_offsets-36 with properties {cleanup.policy=compact, compression.type="producer", segment.bytes=104857600}
2026-01-23T16:20:28.578Z  INFO 7318 --- [r-event-handler] kafka.cluster.Partition                  : [Partition __consumer_offsets-36 broker=0] No checkpointed highwatermark is found for partition __consumer_offsets-36
2026-01-23T16:20:28.578Z  INFO 7318 --- [r-event-handler] kafka.cluster.Partition                  : [Partition __consumer_offsets-36 broker=0] Log loaded for partition __consumer_offsets-36 with initial high watermark 0
2026-01-23T16:20:28.578Z  INFO 7318 --- [r-event-handler] state.change.logger                      : [Broker id=0] Leader __consumer_offsets-36 with topic id Some(4IcMkyiASimW3J6FJg-roA) starts at leader epoch 0 from offset 0 with partition epoch 0, high watermark 0, ISR [0], adding replicas [] and removing replicas [] . Previous leader None and previous leader epoch was -1.
2026-01-23T16:20:28.585Z  INFO 7318 --- [r-event-handler] state.change.logger                      : [Broker id=0] Creating new partition __consumer_offsets-47 with topic id 4IcMkyiASimW3J6FJg-roA.
2026-01-23T16:20:28.586Z  INFO 7318 --- [r-event-handler] kafka.log.UnifiedLog$                    : [LogLoader partition=__consumer_offsets-47, dir=/var/folders/5y/drkgp24s4953fcp75wvzd9_h0000gn/T/kafka-16999910623255496955/broker_0_data0] Loading producer state till offset 0 with message format version 2
2026-01-23T16:20:28.586Z  INFO 7318 --- [r-event-handler] kafka.log.LogManager                     : Created log for partition __consumer_offsets-47 in /var/folders/5y/drkgp24s4953fcp75wvzd9_h0000gn/T/kafka-16999910623255496955/broker_0_data0/__consumer_offsets-47 with properties {cleanup.policy=compact, compression.type="producer", segment.bytes=104857600}
2026-01-23T16:20:28.586Z  INFO 7318 --- [r-event-handler] kafka.cluster.Partition                  : [Partition __consumer_offsets-47 broker=0] No checkpointed highwatermark is found for partition __consumer_offsets-47
2026-01-23T16:20:28.586Z  INFO 7318 --- [r-event-handler] kafka.cluster.Partition                  : [Partition __consumer_offsets-47 broker=0] Log loaded for partition __consumer_offsets-47 with initial high watermark 0
2026-01-23T16:20:28.586Z  INFO 7318 --- [r-event-handler] state.change.logger                      : [Broker id=0] Leader __consumer_offsets-47 with topic id Some(4IcMkyiASimW3J6FJg-roA) starts at leader epoch 0 from offset 0 with partition epoch 0, high watermark 0, ISR [0], adding replicas [] and removing replicas [] . Previous leader None and previous leader epoch was -1.
2026-01-23T16:20:28.594Z  INFO 7318 --- [ntainer#0-0-C-1] o.a.k.c.c.internals.ConsumerCoordinator  : [Consumer clientId=consumer-midas-group-1, groupId=midas-group] Discovered group coordinator localhost:50553 (id: 2147483647 rack: null)
2026-01-23T16:20:28.594Z  INFO 7318 --- [ntainer#0-0-C-1] o.a.k.c.c.internals.ConsumerCoordinator  : [Consumer clientId=consumer-midas-group-1, groupId=midas-group] Request joining group due to: rebalance failed due to 'This is not the correct coordinator.' (NotCoordinatorException)
2026-01-23T16:20:28.594Z  INFO 7318 --- [r-event-handler] state.change.logger                      : [Broker id=0] Creating new partition __consumer_offsets-14 with topic id 4IcMkyiASimW3J6FJg-roA.
2026-01-23T16:20:28.594Z  INFO 7318 --- [ntainer#0-0-C-1] o.a.k.c.c.internals.ConsumerCoordinator  : [Consumer clientId=consumer-midas-group-1, groupId=midas-group] (Re-)joining group
2026-01-23T16:20:28.595Z  INFO 7318 --- [r-event-handler] kafka.log.UnifiedLog$                    : [LogLoader partition=__consumer_offsets-14, dir=/var/folders/5y/drkgp24s4953fcp75wvzd9_h0000gn/T/kafka-16999910623255496955/broker_0_data0] Loading producer state till offset 0 with message format version 2
2026-01-23T16:20:28.595Z  INFO 7318 --- [r-event-handler] kafka.log.LogManager                     : Created log for partition __consumer_offsets-14 in /var/folders/5y/drkgp24s4953fcp75wvzd9_h0000gn/T/kafka-16999910623255496955/broker_0_data0/__consumer_offsets-14 with properties {cleanup.policy=compact, compression.type="producer", segment.bytes=104857600}
2026-01-23T16:20:28.596Z  INFO 7318 --- [r-event-handler] kafka.cluster.Partition                  : [Partition __consumer_offsets-14 broker=0] No checkpointed highwatermark is found for partition __consumer_offsets-14
2026-01-23T16:20:28.596Z  INFO 7318 --- [r-event-handler] kafka.cluster.Partition                  : [Partition __consumer_offsets-14 broker=0] Log loaded for partition __consumer_offsets-14 with initial high watermark 0
2026-01-23T16:20:28.596Z  INFO 7318 --- [r-event-handler] state.change.logger                      : [Broker id=0] Leader __consumer_offsets-14 with topic id Some(4IcMkyiASimW3J6FJg-roA) starts at leader epoch 0 from offset 0 with partition epoch 0, high watermark 0, ISR [0], adding replicas [] and removing replicas [] . Previous leader None and previous leader epoch was -1.
2026-01-23T16:20:28.596Z  INFO 7318 --- [ntainer#0-0-C-1] o.a.k.c.c.internals.ConsumerCoordinator  : [Consumer clientId=consumer-midas-group-1, groupId=midas-group] Group coordinator localhost:50553 (id: 2147483647 rack: null) is unavailable or invalid due to cause: error response NOT_COORDINATOR. isDisconnected: false. Rediscovery will be attempted.
2026-01-23T16:20:28.596Z  INFO 7318 --- [ntainer#0-0-C-1] o.a.k.c.c.internals.ConsumerCoordinator  : [Consumer clientId=consumer-midas-group-1, groupId=midas-group] Requesting disconnect from last known coordinator localhost:50553 (id: 2147483647 rack: null)
2026-01-23T16:20:28.596Z  INFO 7318 --- [ntainer#0-0-C-1] o.a.k.c.c.internals.ConsumerCoordinator  : [Consumer clientId=consumer-midas-group-1, groupId=midas-group] JoinGroup failed: This is not the correct coordinator. Marking coordinator unknown. Sent generation was Generation{generationId=-1, memberId='', protocol='null'}
2026-01-23T16:20:28.596Z  INFO 7318 --- [ntainer#0-0-C-1] org.apache.kafka.clients.NetworkClient   : [Consumer clientId=consumer-midas-group-1, groupId=midas-group] Client requested disconnect from node 2147483647
2026-01-23T16:20:28.596Z  INFO 7318 --- [ntainer#0-0-C-1] o.a.k.c.c.internals.ConsumerCoordinator  : [Consumer clientId=consumer-midas-group-1, groupId=midas-group] Discovered group coordinator localhost:50553 (id: 2147483647 rack: null)
2026-01-23T16:20:28.596Z  INFO 7318 --- [ntainer#0-0-C-1] o.a.k.c.c.internals.ConsumerCoordinator  : [Consumer clientId=consumer-midas-group-1, groupId=midas-group] Group coordinator localhost:50553 (id: 2147483647 rack: null) is unavailable or invalid due to cause: coordinator unavailable. isDisconnected: false. Rediscovery will be attempted.
2026-01-23T16:20:28.596Z  INFO 7318 --- [ntainer#0-0-C-1] o.a.k.c.c.internals.ConsumerCoordinator  : [Consumer clientId=consumer-midas-group-1, groupId=midas-group] Requesting disconnect from last known coordinator localhost:50553 (id: 2147483647 rack: null)
2026-01-23T16:20:28.604Z  INFO 7318 --- [r-event-handler] state.change.logger                      : [Broker id=0] Creating new partition __consumer_offsets-43 with topic id 4IcMkyiASimW3J6FJg-roA.
2026-01-23T16:20:28.605Z  INFO 7318 --- [r-event-handler] kafka.log.UnifiedLog$                    : [LogLoader partition=__consumer_offsets-43, dir=/var/folders/5y/drkgp24s4953fcp75wvzd9_h0000gn/T/kafka-16999910623255496955/broker_0_data0] Loading producer state till offset 0 with message format version 2
2026-01-23T16:20:28.605Z  INFO 7318 --- [r-event-handler] kafka.log.LogManager                     : Created log for partition __consumer_offsets-43 in /var/folders/5y/drkgp24s4953fcp75wvzd9_h0000gn/T/kafka-16999910623255496955/broker_0_data0/__consumer_offsets-43 with properties {cleanup.policy=compact, compression.type="producer", segment.bytes=104857600}
2026-01-23T16:20:28.605Z  INFO 7318 --- [r-event-handler] kafka.cluster.Partition                  : [Partition __consumer_offsets-43 broker=0] No checkpointed highwatermark is found for partition __consumer_offsets-43
2026-01-23T16:20:28.605Z  INFO 7318 --- [r-event-handler] kafka.cluster.Partition                  : [Partition __consumer_offsets-43 broker=0] Log loaded for partition __consumer_offsets-43 with initial high watermark 0
2026-01-23T16:20:28.605Z  INFO 7318 --- [r-event-handler] state.change.logger                      : [Broker id=0] Leader __consumer_offsets-43 with topic id Some(4IcMkyiASimW3J6FJg-roA) starts at leader epoch 0 from offset 0 with partition epoch 0, high watermark 0, ISR [0], adding replicas [] and removing replicas [] . Previous leader None and previous leader epoch was -1.
2026-01-23T16:20:28.613Z  INFO 7318 --- [r-event-handler] state.change.logger                      : [Broker id=0] Creating new partition __consumer_offsets-10 with topic id 4IcMkyiASimW3J6FJg-roA.
2026-01-23T16:20:28.614Z  INFO 7318 --- [r-event-handler] kafka.log.UnifiedLog$                    : [LogLoader partition=__consumer_offsets-10, dir=/var/folders/5y/drkgp24s4953fcp75wvzd9_h0000gn/T/kafka-16999910623255496955/broker_0_data0] Loading producer state till offset 0 with message format version 2
2026-01-23T16:20:28.614Z  INFO 7318 --- [r-event-handler] kafka.log.LogManager                     : Created log for partition __consumer_offsets-10 in /var/folders/5y/drkgp24s4953fcp75wvzd9_h0000gn/T/kafka-16999910623255496955/broker_0_data0/__consumer_offsets-10 with properties {cleanup.policy=compact, compression.type="producer", segment.bytes=104857600}
2026-01-23T16:20:28.614Z  INFO 7318 --- [r-event-handler] kafka.cluster.Partition                  : [Partition __consumer_offsets-10 broker=0] No checkpointed highwatermark is found for partition __consumer_offsets-10
2026-01-23T16:20:28.614Z  INFO 7318 --- [r-event-handler] kafka.cluster.Partition                  : [Partition __consumer_offsets-10 broker=0] Log loaded for partition __consumer_offsets-10 with initial high watermark 0
2026-01-23T16:20:28.614Z  INFO 7318 --- [r-event-handler] state.change.logger                      : [Broker id=0] Leader __consumer_offsets-10 with topic id Some(4IcMkyiASimW3J6FJg-roA) starts at leader epoch 0 from offset 0 with partition epoch 0, high watermark 0, ISR [0], adding replicas [] and removing replicas [] . Previous leader None and previous leader epoch was -1.
2026-01-23T16:20:28.620Z  INFO 7318 --- [r-event-handler] state.change.logger                      : [Broker id=0] Creating new partition __consumer_offsets-22 with topic id 4IcMkyiASimW3J6FJg-roA.
2026-01-23T16:20:28.621Z  INFO 7318 --- [r-event-handler] kafka.log.UnifiedLog$                    : [LogLoader partition=__consumer_offsets-22, dir=/var/folders/5y/drkgp24s4953fcp75wvzd9_h0000gn/T/kafka-16999910623255496955/broker_0_data0] Loading producer state till offset 0 with message format version 2
2026-01-23T16:20:28.621Z  INFO 7318 --- [r-event-handler] kafka.log.LogManager                     : Created log for partition __consumer_offsets-22 in /var/folders/5y/drkgp24s4953fcp75wvzd9_h0000gn/T/kafka-16999910623255496955/broker_0_data0/__consumer_offsets-22 with properties {cleanup.policy=compact, compression.type="producer", segment.bytes=104857600}
2026-01-23T16:20:28.621Z  INFO 7318 --- [r-event-handler] kafka.cluster.Partition                  : [Partition __consumer_offsets-22 broker=0] No checkpointed highwatermark is found for partition __consumer_offsets-22
2026-01-23T16:20:28.621Z  INFO 7318 --- [r-event-handler] kafka.cluster.Partition                  : [Partition __consumer_offsets-22 broker=0] Log loaded for partition __consumer_offsets-22 with initial high watermark 0
2026-01-23T16:20:28.621Z  INFO 7318 --- [r-event-handler] state.change.logger                      : [Broker id=0] Leader __consumer_offsets-22 with topic id Some(4IcMkyiASimW3J6FJg-roA) starts at leader epoch 0 from offset 0 with partition epoch 0, high watermark 0, ISR [0], adding replicas [] and removing replicas [] . Previous leader None and previous leader epoch was -1.
2026-01-23T16:20:28.632Z  INFO 7318 --- [r-event-handler] state.change.logger                      : [Broker id=0] Creating new partition __consumer_offsets-18 with topic id 4IcMkyiASimW3J6FJg-roA.
2026-01-23T16:20:28.633Z  INFO 7318 --- [r-event-handler] kafka.log.UnifiedLog$                    : [LogLoader partition=__consumer_offsets-18, dir=/var/folders/5y/drkgp24s4953fcp75wvzd9_h0000gn/T/kafka-16999910623255496955/broker_0_data0] Loading producer state till offset 0 with message format version 2
2026-01-23T16:20:28.633Z  INFO 7318 --- [r-event-handler] kafka.log.LogManager                     : Created log for partition __consumer_offsets-18 in /var/folders/5y/drkgp24s4953fcp75wvzd9_h0000gn/T/kafka-16999910623255496955/broker_0_data0/__consumer_offsets-18 with properties {cleanup.policy=compact, compression.type="producer", segment.bytes=104857600}
2026-01-23T16:20:28.633Z  INFO 7318 --- [r-event-handler] kafka.cluster.Partition                  : [Partition __consumer_offsets-18 broker=0] No checkpointed highwatermark is found for partition __consumer_offsets-18
2026-01-23T16:20:28.633Z  INFO 7318 --- [r-event-handler] kafka.cluster.Partition                  : [Partition __consumer_offsets-18 broker=0] Log loaded for partition __consumer_offsets-18 with initial high watermark 0
2026-01-23T16:20:28.633Z  INFO 7318 --- [r-event-handler] state.change.logger                      : [Broker id=0] Leader __consumer_offsets-18 with topic id Some(4IcMkyiASimW3J6FJg-roA) starts at leader epoch 0 from offset 0 with partition epoch 0, high watermark 0, ISR [0], adding replicas [] and removing replicas [] . Previous leader None and previous leader epoch was -1.
2026-01-23T16:20:28.641Z  INFO 7318 --- [r-event-handler] state.change.logger                      : [Broker id=0] Creating new partition __consumer_offsets-31 with topic id 4IcMkyiASimW3J6FJg-roA.
2026-01-23T16:20:28.642Z  INFO 7318 --- [r-event-handler] kafka.log.UnifiedLog$                    : [LogLoader partition=__consumer_offsets-31, dir=/var/folders/5y/drkgp24s4953fcp75wvzd9_h0000gn/T/kafka-16999910623255496955/broker_0_data0] Loading producer state till offset 0 with message format version 2
2026-01-23T16:20:28.642Z  INFO 7318 --- [r-event-handler] kafka.log.LogManager                     : Created log for partition __consumer_offsets-31 in /var/folders/5y/drkgp24s4953fcp75wvzd9_h0000gn/T/kafka-16999910623255496955/broker_0_data0/__consumer_offsets-31 with properties {cleanup.policy=compact, compression.type="producer", segment.bytes=104857600}
2026-01-23T16:20:28.642Z  INFO 7318 --- [r-event-handler] kafka.cluster.Partition                  : [Partition __consumer_offsets-31 broker=0] No checkpointed highwatermark is found for partition __consumer_offsets-31
2026-01-23T16:20:28.642Z  INFO 7318 --- [r-event-handler] kafka.cluster.Partition                  : [Partition __consumer_offsets-31 broker=0] Log loaded for partition __consumer_offsets-31 with initial high watermark 0
2026-01-23T16:20:28.642Z  INFO 7318 --- [r-event-handler] state.change.logger                      : [Broker id=0] Leader __consumer_offsets-31 with topic id Some(4IcMkyiASimW3J6FJg-roA) starts at leader epoch 0 from offset 0 with partition epoch 0, high watermark 0, ISR [0], adding replicas [] and removing replicas [] . Previous leader None and previous leader epoch was -1.
2026-01-23T16:20:28.650Z  INFO 7318 --- [r-event-handler] state.change.logger                      : [Broker id=0] Creating new partition __consumer_offsets-27 with topic id 4IcMkyiASimW3J6FJg-roA.
2026-01-23T16:20:28.651Z  INFO 7318 --- [r-event-handler] kafka.log.UnifiedLog$                    : [LogLoader partition=__consumer_offsets-27, dir=/var/folders/5y/drkgp24s4953fcp75wvzd9_h0000gn/T/kafka-16999910623255496955/broker_0_data0] Loading producer state till offset 0 with message format version 2
2026-01-23T16:20:28.651Z  INFO 7318 --- [r-event-handler] kafka.log.LogManager                     : Created log for partition __consumer_offsets-27 in /var/folders/5y/drkgp24s4953fcp75wvzd9_h0000gn/T/kafka-16999910623255496955/broker_0_data0/__consumer_offsets-27 with properties {cleanup.policy=compact, compression.type="producer", segment.bytes=104857600}
2026-01-23T16:20:28.651Z  INFO 7318 --- [r-event-handler] kafka.cluster.Partition                  : [Partition __consumer_offsets-27 broker=0] No checkpointed highwatermark is found for partition __consumer_offsets-27
2026-01-23T16:20:28.651Z  INFO 7318 --- [r-event-handler] kafka.cluster.Partition                  : [Partition __consumer_offsets-27 broker=0] Log loaded for partition __consumer_offsets-27 with initial high watermark 0
2026-01-23T16:20:28.651Z  INFO 7318 --- [r-event-handler] state.change.logger                      : [Broker id=0] Leader __consumer_offsets-27 with topic id Some(4IcMkyiASimW3J6FJg-roA) starts at leader epoch 0 from offset 0 with partition epoch 0, high watermark 0, ISR [0], adding replicas [] and removing replicas [] . Previous leader None and previous leader epoch was -1.
2026-01-23T16:20:28.659Z  INFO 7318 --- [r-event-handler] state.change.logger                      : [Broker id=0] Creating new partition __consumer_offsets-39 with topic id 4IcMkyiASimW3J6FJg-roA.
2026-01-23T16:20:28.660Z  INFO 7318 --- [r-event-handler] kafka.log.UnifiedLog$                    : [LogLoader partition=__consumer_offsets-39, dir=/var/folders/5y/drkgp24s4953fcp75wvzd9_h0000gn/T/kafka-16999910623255496955/broker_0_data0] Loading producer state till offset 0 with message format version 2
2026-01-23T16:20:28.660Z  INFO 7318 --- [r-event-handler] kafka.log.LogManager                     : Created log for partition __consumer_offsets-39 in /var/folders/5y/drkgp24s4953fcp75wvzd9_h0000gn/T/kafka-16999910623255496955/broker_0_data0/__consumer_offsets-39 with properties {cleanup.policy=compact, compression.type="producer", segment.bytes=104857600}
2026-01-23T16:20:28.660Z  INFO 7318 --- [r-event-handler] kafka.cluster.Partition                  : [Partition __consumer_offsets-39 broker=0] No checkpointed highwatermark is found for partition __consumer_offsets-39
2026-01-23T16:20:28.660Z  INFO 7318 --- [r-event-handler] kafka.cluster.Partition                  : [Partition __consumer_offsets-39 broker=0] Log loaded for partition __consumer_offsets-39 with initial high watermark 0
2026-01-23T16:20:28.660Z  INFO 7318 --- [r-event-handler] state.change.logger                      : [Broker id=0] Leader __consumer_offsets-39 with topic id Some(4IcMkyiASimW3J6FJg-roA) starts at leader epoch 0 from offset 0 with partition epoch 0, high watermark 0, ISR [0], adding replicas [] and removing replicas [] . Previous leader None and previous leader epoch was -1.
2026-01-23T16:20:28.668Z  INFO 7318 --- [r-event-handler] state.change.logger                      : [Broker id=0] Creating new partition __consumer_offsets-6 with topic id 4IcMkyiASimW3J6FJg-roA.
2026-01-23T16:20:28.669Z  INFO 7318 --- [r-event-handler] kafka.log.UnifiedLog$                    : [LogLoader partition=__consumer_offsets-6, dir=/var/folders/5y/drkgp24s4953fcp75wvzd9_h0000gn/T/kafka-16999910623255496955/broker_0_data0] Loading producer state till offset 0 with message format version 2
2026-01-23T16:20:28.669Z  INFO 7318 --- [r-event-handler] kafka.log.LogManager                     : Created log for partition __consumer_offsets-6 in /var/folders/5y/drkgp24s4953fcp75wvzd9_h0000gn/T/kafka-16999910623255496955/broker_0_data0/__consumer_offsets-6 with properties {cleanup.policy=compact, compression.type="producer", segment.bytes=104857600}
2026-01-23T16:20:28.669Z  INFO 7318 --- [r-event-handler] kafka.cluster.Partition                  : [Partition __consumer_offsets-6 broker=0] No checkpointed highwatermark is found for partition __consumer_offsets-6
2026-01-23T16:20:28.669Z  INFO 7318 --- [r-event-handler] kafka.cluster.Partition                  : [Partition __consumer_offsets-6 broker=0] Log loaded for partition __consumer_offsets-6 with initial high watermark 0
2026-01-23T16:20:28.669Z  INFO 7318 --- [r-event-handler] state.change.logger                      : [Broker id=0] Leader __consumer_offsets-6 with topic id Some(4IcMkyiASimW3J6FJg-roA) starts at leader epoch 0 from offset 0 with partition epoch 0, high watermark 0, ISR [0], adding replicas [] and removing replicas [] . Previous leader None and previous leader epoch was -1.
2026-01-23T16:20:28.677Z  INFO 7318 --- [r-event-handler] state.change.logger                      : [Broker id=0] Creating new partition __consumer_offsets-35 with topic id 4IcMkyiASimW3J6FJg-roA.
2026-01-23T16:20:28.678Z  INFO 7318 --- [r-event-handler] kafka.log.UnifiedLog$                    : [LogLoader partition=__consumer_offsets-35, dir=/var/folders/5y/drkgp24s4953fcp75wvzd9_h0000gn/T/kafka-16999910623255496955/broker_0_data0] Loading producer state till offset 0 with message format version 2
2026-01-23T16:20:28.678Z  INFO 7318 --- [r-event-handler] kafka.log.LogManager                     : Created log for partition __consumer_offsets-35 in /var/folders/5y/drkgp24s4953fcp75wvzd9_h0000gn/T/kafka-16999910623255496955/broker_0_data0/__consumer_offsets-35 with properties {cleanup.policy=compact, compression.type="producer", segment.bytes=104857600}
2026-01-23T16:20:28.678Z  INFO 7318 --- [r-event-handler] kafka.cluster.Partition                  : [Partition __consumer_offsets-35 broker=0] No checkpointed highwatermark is found for partition __consumer_offsets-35
2026-01-23T16:20:28.678Z  INFO 7318 --- [r-event-handler] kafka.cluster.Partition                  : [Partition __consumer_offsets-35 broker=0] Log loaded for partition __consumer_offsets-35 with initial high watermark 0
2026-01-23T16:20:28.678Z  INFO 7318 --- [r-event-handler] state.change.logger                      : [Broker id=0] Leader __consumer_offsets-35 with topic id Some(4IcMkyiASimW3J6FJg-roA) starts at leader epoch 0 from offset 0 with partition epoch 0, high watermark 0, ISR [0], adding replicas [] and removing replicas [] . Previous leader None and previous leader epoch was -1.
2026-01-23T16:20:28.686Z  INFO 7318 --- [r-event-handler] state.change.logger                      : [Broker id=0] Creating new partition __consumer_offsets-2 with topic id 4IcMkyiASimW3J6FJg-roA.
2026-01-23T16:20:28.687Z  INFO 7318 --- [r-event-handler] kafka.log.UnifiedLog$                    : [LogLoader partition=__consumer_offsets-2, dir=/var/folders/5y/drkgp24s4953fcp75wvzd9_h0000gn/T/kafka-16999910623255496955/broker_0_data0] Loading producer state till offset 0 with message format version 2
2026-01-23T16:20:28.687Z  INFO 7318 --- [r-event-handler] kafka.log.LogManager                     : Created log for partition __consumer_offsets-2 in /var/folders/5y/drkgp24s4953fcp75wvzd9_h0000gn/T/kafka-16999910623255496955/broker_0_data0/__consumer_offsets-2 with properties {cleanup.policy=compact, compression.type="producer", segment.bytes=104857600}
2026-01-23T16:20:28.687Z  INFO 7318 --- [r-event-handler] kafka.cluster.Partition                  : [Partition __consumer_offsets-2 broker=0] No checkpointed highwatermark is found for partition __consumer_offsets-2
2026-01-23T16:20:28.687Z  INFO 7318 --- [r-event-handler] kafka.cluster.Partition                  : [Partition __consumer_offsets-2 broker=0] Log loaded for partition __consumer_offsets-2 with initial high watermark 0
2026-01-23T16:20:28.687Z  INFO 7318 --- [r-event-handler] state.change.logger                      : [Broker id=0] Leader __consumer_offsets-2 with topic id Some(4IcMkyiASimW3J6FJg-roA) starts at leader epoch 0 from offset 0 with partition epoch 0, high watermark 0, ISR [0], adding replicas [] and removing replicas [] . Previous leader None and previous leader epoch was -1.
2026-01-23T16:20:28.693Z  INFO 7318 --- [r-event-handler] k.coordinator.group.GroupCoordinator     : [GroupCoordinator 0]: Elected as the group coordinator for partition 13 in epoch 0
2026-01-23T16:20:28.693Z  INFO 7318 --- [r-event-handler] k.c.group.GroupMetadataManager           : [GroupMetadataManager brokerId=0] Scheduling loading of offsets and group metadata from __consumer_offsets-13 for epoch 0
2026-01-23T16:20:28.694Z  INFO 7318 --- [r-event-handler] k.coordinator.group.GroupCoordinator     : [GroupCoordinator 0]: Elected as the group coordinator for partition 46 in epoch 0
2026-01-23T16:20:28.694Z  INFO 7318 --- [r-event-handler] k.c.group.GroupMetadataManager           : [GroupMetadataManager brokerId=0] Scheduling loading of offsets and group metadata from __consumer_offsets-46 for epoch 0
2026-01-23T16:20:28.694Z  INFO 7318 --- [r-event-handler] k.coordinator.group.GroupCoordinator     : [GroupCoordinator 0]: Elected as the group coordinator for partition 9 in epoch 0
2026-01-23T16:20:28.694Z  INFO 7318 --- [r-event-handler] k.c.group.GroupMetadataManager           : [GroupMetadataManager brokerId=0] Scheduling loading of offsets and group metadata from __consumer_offsets-9 for epoch 0
2026-01-23T16:20:28.694Z  INFO 7318 --- [r-event-handler] k.coordinator.group.GroupCoordinator     : [GroupCoordinator 0]: Elected as the group coordinator for partition 42 in epoch 0
2026-01-23T16:20:28.694Z  INFO 7318 --- [r-event-handler] k.c.group.GroupMetadataManager           : [GroupMetadataManager brokerId=0] Scheduling loading of offsets and group metadata from __consumer_offsets-42 for epoch 0
2026-01-23T16:20:28.694Z  INFO 7318 --- [r-event-handler] k.coordinator.group.GroupCoordinator     : [GroupCoordinator 0]: Elected as the group coordinator for partition 21 in epoch 0
2026-01-23T16:20:28.694Z  INFO 7318 --- [r-event-handler] k.c.group.GroupMetadataManager           : [GroupMetadataManager brokerId=0] Scheduling loading of offsets and group metadata from __consumer_offsets-21 for epoch 0
2026-01-23T16:20:28.694Z  INFO 7318 --- [r-event-handler] k.coordinator.group.GroupCoordinator     : [GroupCoordinator 0]: Elected as the group coordinator for partition 17 in epoch 0
2026-01-23T16:20:28.694Z  INFO 7318 --- [r-event-handler] k.c.group.GroupMetadataManager           : [GroupMetadataManager brokerId=0] Scheduling loading of offsets and group metadata from __consumer_offsets-17 for epoch 0
2026-01-23T16:20:28.694Z  INFO 7318 --- [r-event-handler] k.coordinator.group.GroupCoordinator     : [GroupCoordinator 0]: Elected as the group coordinator for partition 30 in epoch 0
2026-01-23T16:20:28.694Z  INFO 7318 --- [r-event-handler] k.c.group.GroupMetadataManager           : [GroupMetadataManager brokerId=0] Scheduling loading of offsets and group metadata from __consumer_offsets-30 for epoch 0
2026-01-23T16:20:28.694Z  INFO 7318 --- [r-event-handler] k.coordinator.group.GroupCoordinator     : [GroupCoordinator 0]: Elected as the group coordinator for partition 26 in epoch 0
2026-01-23T16:20:28.694Z  INFO 7318 --- [r-event-handler] k.c.group.GroupMetadataManager           : [GroupMetadataManager brokerId=0] Scheduling loading of offsets and group metadata from __consumer_offsets-26 for epoch 0
2026-01-23T16:20:28.694Z  INFO 7318 --- [r-event-handler] k.coordinator.group.GroupCoordinator     : [GroupCoordinator 0]: Elected as the group coordinator for partition 5 in epoch 0
2026-01-23T16:20:28.694Z  INFO 7318 --- [r-event-handler] k.c.group.GroupMetadataManager           : [GroupMetadataManager brokerId=0] Scheduling loading of offsets and group metadata from __consumer_offsets-5 for epoch 0
2026-01-23T16:20:28.694Z  INFO 7318 --- [r-event-handler] k.coordinator.group.GroupCoordinator     : [GroupCoordinator 0]: Elected as the group coordinator for partition 38 in epoch 0
2026-01-23T16:20:28.694Z  INFO 7318 --- [r-event-handler] k.c.group.GroupMetadataManager           : [GroupMetadataManager brokerId=0] Scheduling loading of offsets and group metadata from __consumer_offsets-38 for epoch 0
2026-01-23T16:20:28.694Z  INFO 7318 --- [r-event-handler] k.coordinator.group.GroupCoordinator     : [GroupCoordinator 0]: Elected as the group coordinator for partition 1 in epoch 0
2026-01-23T16:20:28.694Z  INFO 7318 --- [r-event-handler] k.c.group.GroupMetadataManager           : [GroupMetadataManager brokerId=0] Scheduling loading of offsets and group metadata from __consumer_offsets-1 for epoch 0
2026-01-23T16:20:28.694Z  INFO 7318 --- [r-event-handler] k.coordinator.group.GroupCoordinator     : [GroupCoordinator 0]: Elected as the group coordinator for partition 34 in epoch 0
2026-01-23T16:20:28.694Z  INFO 7318 --- [r-event-handler] k.c.group.GroupMetadataManager           : [GroupMetadataManager brokerId=0] Scheduling loading of offsets and group metadata from __consumer_offsets-34 for epoch 0
2026-01-23T16:20:28.694Z  INFO 7318 --- [r-event-handler] k.coordinator.group.GroupCoordinator     : [GroupCoordinator 0]: Elected as the group coordinator for partition 16 in epoch 0
2026-01-23T16:20:28.694Z  INFO 7318 --- [r-event-handler] k.c.group.GroupMetadataManager           : [GroupMetadataManager brokerId=0] Scheduling loading of offsets and group metadata from __consumer_offsets-16 for epoch 0
2026-01-23T16:20:28.694Z  INFO 7318 --- [r-event-handler] k.coordinator.group.GroupCoordinator     : [GroupCoordinator 0]: Elected as the group coordinator for partition 45 in epoch 0
2026-01-23T16:20:28.694Z  INFO 7318 --- [r-event-handler] k.c.group.GroupMetadataManager           : [GroupMetadataManager brokerId=0] Scheduling loading of offsets and group metadata from __consumer_offsets-45 for epoch 0
2026-01-23T16:20:28.694Z  INFO 7318 --- [r-event-handler] k.coordinator.group.GroupCoordinator     : [GroupCoordinator 0]: Elected as the group coordinator for partition 12 in epoch 0
2026-01-23T16:20:28.694Z  INFO 7318 --- [r-event-handler] k.c.group.GroupMetadataManager           : [GroupMetadataManager brokerId=0] Scheduling loading of offsets and group metadata from __consumer_offsets-12 for epoch 0
2026-01-23T16:20:28.694Z  INFO 7318 --- [r-event-handler] k.coordinator.group.GroupCoordinator     : [GroupCoordinator 0]: Elected as the group coordinator for partition 41 in epoch 0
2026-01-23T16:20:28.694Z  INFO 7318 --- [r-event-handler] k.c.group.GroupMetadataManager           : [GroupMetadataManager brokerId=0] Scheduling loading of offsets and group metadata from __consumer_offsets-41 for epoch 0
2026-01-23T16:20:28.694Z  INFO 7318 --- [r-event-handler] k.coordinator.group.GroupCoordinator     : [GroupCoordinator 0]: Elected as the group coordinator for partition 24 in epoch 0
2026-01-23T16:20:28.694Z  INFO 7318 --- [r-event-handler] k.c.group.GroupMetadataManager           : [GroupMetadataManager brokerId=0] Scheduling loading of offsets and group metadata from __consumer_offsets-24 for epoch 0
2026-01-23T16:20:28.694Z  INFO 7318 --- [r-event-handler] k.coordinator.group.GroupCoordinator     : [GroupCoordinator 0]: Elected as the group coordinator for partition 20 in epoch 0
2026-01-23T16:20:28.694Z  INFO 7318 --- [r-event-handler] k.c.group.GroupMetadataManager           : [GroupMetadataManager brokerId=0] Scheduling loading of offsets and group metadata from __consumer_offsets-20 for epoch 0
2026-01-23T16:20:28.694Z  INFO 7318 --- [r-event-handler] k.coordinator.group.GroupCoordinator     : [GroupCoordinator 0]: Elected as the group coordinator for partition 49 in epoch 0
2026-01-23T16:20:28.694Z  INFO 7318 --- [r-event-handler] k.c.group.GroupMetadataManager           : [GroupMetadataManager brokerId=0] Scheduling loading of offsets and group metadata from __consumer_offsets-49 for epoch 0
2026-01-23T16:20:28.694Z  INFO 7318 --- [r-event-handler] k.coordinator.group.GroupCoordinator     : [GroupCoordinator 0]: Elected as the group coordinator for partition 0 in epoch 0
2026-01-23T16:20:28.694Z  INFO 7318 --- [r-event-handler] k.c.group.GroupMetadataManager           : [GroupMetadataManager brokerId=0] Scheduling loading of offsets and group metadata from __consumer_offsets-0 for epoch 0
2026-01-23T16:20:28.694Z  INFO 7318 --- [r-event-handler] k.coordinator.group.GroupCoordinator     : [GroupCoordinator 0]: Elected as the group coordinator for partition 29 in epoch 0
2026-01-23T16:20:28.694Z  INFO 7318 --- [r-event-handler] k.c.group.GroupMetadataManager           : [GroupMetadataManager brokerId=0] Scheduling loading of offsets and group metadata from __consumer_offsets-29 for epoch 0
2026-01-23T16:20:28.694Z  INFO 7318 --- [r-event-handler] k.coordinator.group.GroupCoordinator     : [GroupCoordinator 0]: Elected as the group coordinator for partition 25 in epoch 0
2026-01-23T16:20:28.694Z  INFO 7318 --- [r-event-handler] k.c.group.GroupMetadataManager           : [GroupMetadataManager brokerId=0] Scheduling loading of offsets and group metadata from __consumer_offsets-25 for epoch 0
2026-01-23T16:20:28.694Z  INFO 7318 --- [r-event-handler] k.coordinator.group.GroupCoordinator     : [GroupCoordinator 0]: Elected as the group coordinator for partition 8 in epoch 0
2026-01-23T16:20:28.694Z  INFO 7318 --- [r-event-handler] k.c.group.GroupMetadataManager           : [GroupMetadataManager brokerId=0] Scheduling loading of offsets and group metadata from __consumer_offsets-8 for epoch 0
2026-01-23T16:20:28.694Z  INFO 7318 --- [r-event-handler] k.coordinator.group.GroupCoordinator     : [GroupCoordinator 0]: Elected as the group coordinator for partition 37 in epoch 0
2026-01-23T16:20:28.694Z  INFO 7318 --- [r-event-handler] k.c.group.GroupMetadataManager           : [GroupMetadataManager brokerId=0] Scheduling loading of offsets and group metadata from __consumer_offsets-37 for epoch 0
2026-01-23T16:20:28.694Z  INFO 7318 --- [r-event-handler] k.coordinator.group.GroupCoordinator     : [GroupCoordinator 0]: Elected as the group coordinator for partition 4 in epoch 0
2026-01-23T16:20:28.694Z  INFO 7318 --- [r-event-handler] k.c.group.GroupMetadataManager           : [GroupMetadataManager brokerId=0] Scheduling loading of offsets and group metadata from __consumer_offsets-4 for epoch 0
2026-01-23T16:20:28.694Z  INFO 7318 --- [r-event-handler] k.coordinator.group.GroupCoordinator     : [GroupCoordinator 0]: Elected as the group coordinator for partition 33 in epoch 0
2026-01-23T16:20:28.694Z  INFO 7318 --- [r-event-handler] k.c.group.GroupMetadataManager           : [GroupMetadataManager brokerId=0] Scheduling loading of offsets and group metadata from __consumer_offsets-33 for epoch 0
2026-01-23T16:20:28.694Z  INFO 7318 --- [r-event-handler] k.coordinator.group.GroupCoordinator     : [GroupCoordinator 0]: Elected as the group coordinator for partition 15 in epoch 0
2026-01-23T16:20:28.694Z  INFO 7318 --- [r-event-handler] k.c.group.GroupMetadataManager           : [GroupMetadataManager brokerId=0] Scheduling loading of offsets and group metadata from __consumer_offsets-15 for epoch 0
2026-01-23T16:20:28.694Z  INFO 7318 --- [r-event-handler] k.coordinator.group.GroupCoordinator     : [GroupCoordinator 0]: Elected as the group coordinator for partition 48 in epoch 0
2026-01-23T16:20:28.694Z  INFO 7318 --- [r-event-handler] k.c.group.GroupMetadataManager           : [GroupMetadataManager brokerId=0] Scheduling loading of offsets and group metadata from __consumer_offsets-48 for epoch 0
2026-01-23T16:20:28.694Z  INFO 7318 --- [r-event-handler] k.coordinator.group.GroupCoordinator     : [GroupCoordinator 0]: Elected as the group coordinator for partition 11 in epoch 0
2026-01-23T16:20:28.694Z  INFO 7318 --- [r-event-handler] k.c.group.GroupMetadataManager           : [GroupMetadataManager brokerId=0] Scheduling loading of offsets and group metadata from __consumer_offsets-11 for epoch 0
2026-01-23T16:20:28.694Z  INFO 7318 --- [r-event-handler] k.coordinator.group.GroupCoordinator     : [GroupCoordinator 0]: Elected as the group coordinator for partition 44 in epoch 0
2026-01-23T16:20:28.694Z  INFO 7318 --- [r-event-handler] k.c.group.GroupMetadataManager           : [GroupMetadataManager brokerId=0] Scheduling loading of offsets and group metadata from __consumer_offsets-44 for epoch 0
2026-01-23T16:20:28.694Z  INFO 7318 --- [r-event-handler] k.coordinator.group.GroupCoordinator     : [GroupCoordinator 0]: Elected as the group coordinator for partition 23 in epoch 0
2026-01-23T16:20:28.694Z  INFO 7318 --- [r-event-handler] k.c.group.GroupMetadataManager           : [GroupMetadataManager brokerId=0] Scheduling loading of offsets and group metadata from __consumer_offsets-23 for epoch 0
2026-01-23T16:20:28.694Z  INFO 7318 --- [r-event-handler] k.coordinator.group.GroupCoordinator     : [GroupCoordinator 0]: Elected as the group coordinator for partition 19 in epoch 0
2026-01-23T16:20:28.694Z  INFO 7318 --- [r-event-handler] k.c.group.GroupMetadataManager           : [GroupMetadataManager brokerId=0] Scheduling loading of offsets and group metadata from __consumer_offsets-19 for epoch 0
2026-01-23T16:20:28.694Z  INFO 7318 --- [r-event-handler] k.coordinator.group.GroupCoordinator     : [GroupCoordinator 0]: Elected as the group coordinator for partition 32 in epoch 0
2026-01-23T16:20:28.694Z  INFO 7318 --- [r-event-handler] k.c.group.GroupMetadataManager           : [GroupMetadataManager brokerId=0] Scheduling loading of offsets and group metadata from __consumer_offsets-32 for epoch 0
2026-01-23T16:20:28.694Z  INFO 7318 --- [r-event-handler] k.coordinator.group.GroupCoordinator     : [GroupCoordinator 0]: Elected as the group coordinator for partition 28 in epoch 0
2026-01-23T16:20:28.694Z  INFO 7318 --- [r-event-handler] k.c.group.GroupMetadataManager           : [GroupMetadataManager brokerId=0] Scheduling loading of offsets and group metadata from __consumer_offsets-28 for epoch 0
2026-01-23T16:20:28.694Z  INFO 7318 --- [r-event-handler] k.coordinator.group.GroupCoordinator     : [GroupCoordinator 0]: Elected as the group coordinator for partition 7 in epoch 0
2026-01-23T16:20:28.694Z  INFO 7318 --- [r-event-handler] k.c.group.GroupMetadataManager           : [GroupMetadataManager brokerId=0] Scheduling loading of offsets and group metadata from __consumer_offsets-7 for epoch 0
2026-01-23T16:20:28.694Z  INFO 7318 --- [r-event-handler] k.coordinator.group.GroupCoordinator     : [GroupCoordinator 0]: Elected as the group coordinator for partition 40 in epoch 0
2026-01-23T16:20:28.694Z  INFO 7318 --- [r-event-handler] k.c.group.GroupMetadataManager           : [GroupMetadataManager brokerId=0] Scheduling loading of offsets and group metadata from __consumer_offsets-40 for epoch 0
2026-01-23T16:20:28.694Z  INFO 7318 --- [r-event-handler] k.coordinator.group.GroupCoordinator     : [GroupCoordinator 0]: Elected as the group coordinator for partition 3 in epoch 0
2026-01-23T16:20:28.694Z  INFO 7318 --- [r-event-handler] k.c.group.GroupMetadataManager           : [GroupMetadataManager brokerId=0] Scheduling loading of offsets and group metadata from __consumer_offsets-3 for epoch 0
2026-01-23T16:20:28.694Z  INFO 7318 --- [r-event-handler] k.coordinator.group.GroupCoordinator     : [GroupCoordinator 0]: Elected as the group coordinator for partition 36 in epoch 0
2026-01-23T16:20:28.694Z  INFO 7318 --- [r-event-handler] k.c.group.GroupMetadataManager           : [GroupMetadataManager brokerId=0] Scheduling loading of offsets and group metadata from __consumer_offsets-36 for epoch 0
2026-01-23T16:20:28.694Z  INFO 7318 --- [r-event-handler] k.coordinator.group.GroupCoordinator     : [GroupCoordinator 0]: Elected as the group coordinator for partition 47 in epoch 0
2026-01-23T16:20:28.694Z  INFO 7318 --- [r-event-handler] k.c.group.GroupMetadataManager           : [GroupMetadataManager brokerId=0] Scheduling loading of offsets and group metadata from __consumer_offsets-47 for epoch 0
2026-01-23T16:20:28.694Z  INFO 7318 --- [r-event-handler] k.coordinator.group.GroupCoordinator     : [GroupCoordinator 0]: Elected as the group coordinator for partition 14 in epoch 0
2026-01-23T16:20:28.694Z  INFO 7318 --- [r-event-handler] k.c.group.GroupMetadataManager           : [GroupMetadataManager brokerId=0] Scheduling loading of offsets and group metadata from __consumer_offsets-14 for epoch 0
2026-01-23T16:20:28.694Z  INFO 7318 --- [r-event-handler] k.coordinator.group.GroupCoordinator     : [GroupCoordinator 0]: Elected as the group coordinator for partition 43 in epoch 0
2026-01-23T16:20:28.694Z  INFO 7318 --- [r-event-handler] k.c.group.GroupMetadataManager           : [GroupMetadataManager brokerId=0] Scheduling loading of offsets and group metadata from __consumer_offsets-43 for epoch 0
2026-01-23T16:20:28.694Z  INFO 7318 --- [r-event-handler] k.coordinator.group.GroupCoordinator     : [GroupCoordinator 0]: Elected as the group coordinator for partition 10 in epoch 0
2026-01-23T16:20:28.694Z  INFO 7318 --- [r-event-handler] k.c.group.GroupMetadataManager           : [GroupMetadataManager brokerId=0] Scheduling loading of offsets and group metadata from __consumer_offsets-10 for epoch 0
2026-01-23T16:20:28.694Z  INFO 7318 --- [r-event-handler] k.coordinator.group.GroupCoordinator     : [GroupCoordinator 0]: Elected as the group coordinator for partition 22 in epoch 0
2026-01-23T16:20:28.694Z  INFO 7318 --- [r-event-handler] k.c.group.GroupMetadataManager           : [GroupMetadataManager brokerId=0] Scheduling loading of offsets and group metadata from __consumer_offsets-22 for epoch 0
2026-01-23T16:20:28.694Z  INFO 7318 --- [r-event-handler] k.coordinator.group.GroupCoordinator     : [GroupCoordinator 0]: Elected as the group coordinator for partition 18 in epoch 0
2026-01-23T16:20:28.694Z  INFO 7318 --- [r-event-handler] k.c.group.GroupMetadataManager           : [GroupMetadataManager brokerId=0] Scheduling loading of offsets and group metadata from __consumer_offsets-18 for epoch 0
2026-01-23T16:20:28.694Z  INFO 7318 --- [r-event-handler] k.coordinator.group.GroupCoordinator     : [GroupCoordinator 0]: Elected as the group coordinator for partition 31 in epoch 0
2026-01-23T16:20:28.694Z  INFO 7318 --- [r-event-handler] k.c.group.GroupMetadataManager           : [GroupMetadataManager brokerId=0] Scheduling loading of offsets and group metadata from __consumer_offsets-31 for epoch 0
2026-01-23T16:20:28.694Z  INFO 7318 --- [r-event-handler] k.coordinator.group.GroupCoordinator     : [GroupCoordinator 0]: Elected as the group coordinator for partition 27 in epoch 0
2026-01-23T16:20:28.694Z  INFO 7318 --- [r-event-handler] k.c.group.GroupMetadataManager           : [GroupMetadataManager brokerId=0] Scheduling loading of offsets and group metadata from __consumer_offsets-27 for epoch 0
2026-01-23T16:20:28.694Z  INFO 7318 --- [r-event-handler] k.coordinator.group.GroupCoordinator     : [GroupCoordinator 0]: Elected as the group coordinator for partition 39 in epoch 0
2026-01-23T16:20:28.694Z  INFO 7318 --- [r-event-handler] k.c.group.GroupMetadataManager           : [GroupMetadataManager brokerId=0] Scheduling loading of offsets and group metadata from __consumer_offsets-39 for epoch 0
2026-01-23T16:20:28.694Z  INFO 7318 --- [r-event-handler] k.coordinator.group.GroupCoordinator     : [GroupCoordinator 0]: Elected as the group coordinator for partition 6 in epoch 0
2026-01-23T16:20:28.694Z  INFO 7318 --- [r-event-handler] k.c.group.GroupMetadataManager           : [GroupMetadataManager brokerId=0] Scheduling loading of offsets and group metadata from __consumer_offsets-6 for epoch 0
2026-01-23T16:20:28.694Z  INFO 7318 --- [r-event-handler] k.coordinator.group.GroupCoordinator     : [GroupCoordinator 0]: Elected as the group coordinator for partition 35 in epoch 0
2026-01-23T16:20:28.694Z  INFO 7318 --- [r-event-handler] k.c.group.GroupMetadataManager           : [GroupMetadataManager brokerId=0] Scheduling loading of offsets and group metadata from __consumer_offsets-35 for epoch 0
2026-01-23T16:20:28.694Z  INFO 7318 --- [r-event-handler] k.coordinator.group.GroupCoordinator     : [GroupCoordinator 0]: Elected as the group coordinator for partition 2 in epoch 0
2026-01-23T16:20:28.694Z  INFO 7318 --- [r-event-handler] k.c.group.GroupMetadataManager           : [GroupMetadataManager brokerId=0] Scheduling loading of offsets and group metadata from __consumer_offsets-2 for epoch 0
2026-01-23T16:20:28.695Z  INFO 7318 --- [adata-manager-0] k.c.group.GroupMetadataManager           : [GroupMetadataManager brokerId=0] Finished loading offsets and group metadata from __consumer_offsets-13 in 2 milliseconds for epoch 0, of which 1 milliseconds was spent in the scheduler.
2026-01-23T16:20:28.695Z  INFO 7318 --- [adata-manager-0] k.c.group.GroupMetadataManager           : [GroupMetadataManager brokerId=0] Finished loading offsets and group metadata from __consumer_offsets-46 in 1 milliseconds for epoch 0, of which 1 milliseconds was spent in the scheduler.
2026-01-23T16:20:28.695Z  INFO 7318 --- [adata-manager-0] k.c.group.GroupMetadataManager           : [GroupMetadataManager brokerId=0] Finished loading offsets and group metadata from __consumer_offsets-9 in 1 milliseconds for epoch 0, of which 1 milliseconds was spent in the scheduler.
2026-01-23T16:20:28.696Z  INFO 7318 --- [adata-manager-0] k.c.group.GroupMetadataManager           : [GroupMetadataManager brokerId=0] Finished loading offsets and group metadata from __consumer_offsets-42 in 2 milliseconds for epoch 0, of which 2 milliseconds was spent in the scheduler.
2026-01-23T16:20:28.696Z  INFO 7318 --- [adata-manager-0] k.c.group.GroupMetadataManager           : [GroupMetadataManager brokerId=0] Finished loading offsets and group metadata from __consumer_offsets-21 in 2 milliseconds for epoch 0, of which 2 milliseconds was spent in the scheduler.
2026-01-23T16:20:28.696Z  INFO 7318 --- [adata-manager-0] k.c.group.GroupMetadataManager           : [GroupMetadataManager brokerId=0] Finished loading offsets and group metadata from __consumer_offsets-17 in 2 milliseconds for epoch 0, of which 2 milliseconds was spent in the scheduler.
2026-01-23T16:20:28.696Z  INFO 7318 --- [adata-manager-0] k.c.group.GroupMetadataManager           : [GroupMetadataManager brokerId=0] Finished loading offsets and group metadata from __consumer_offsets-30 in 2 milliseconds for epoch 0, of which 2 milliseconds was spent in the scheduler.
2026-01-23T16:20:28.696Z  INFO 7318 --- [adata-manager-0] k.c.group.GroupMetadataManager           : [GroupMetadataManager brokerId=0] Finished loading offsets and group metadata from __consumer_offsets-26 in 2 milliseconds for epoch 0, of which 2 milliseconds was spent in the scheduler.
2026-01-23T16:20:28.696Z  INFO 7318 --- [r-event-handler] k.s.metadata.DynamicConfigPublisher      : [DynamicConfigPublisher broker id=0] Updating topic __consumer_offsets with new configuration : compression.type -> producer,cleanup.policy -> compact,segment.bytes -> 104857600
2026-01-23T16:20:28.696Z  INFO 7318 --- [adata-manager-0] k.c.group.GroupMetadataManager           : [GroupMetadataManager brokerId=0] Finished loading offsets and group metadata from __consumer_offsets-5 in 2 milliseconds for epoch 0, of which 2 milliseconds was spent in the scheduler.
2026-01-23T16:20:28.696Z  INFO 7318 --- [adata-manager-0] k.c.group.GroupMetadataManager           : [GroupMetadataManager brokerId=0] Finished loading offsets and group metadata from __consumer_offsets-38 in 2 milliseconds for epoch 0, of which 2 milliseconds was spent in the scheduler.
2026-01-23T16:20:28.696Z  INFO 7318 --- [adata-manager-0] k.c.group.GroupMetadataManager           : [GroupMetadataManager brokerId=0] Finished loading offsets and group metadata from __consumer_offsets-1 in 2 milliseconds for epoch 0, of which 2 milliseconds was spent in the scheduler.
2026-01-23T16:20:28.696Z  INFO 7318 --- [adata-manager-0] k.c.group.GroupMetadataManager           : [GroupMetadataManager brokerId=0] Finished loading offsets and group metadata from __consumer_offsets-34 in 2 milliseconds for epoch 0, of which 2 milliseconds was spent in the scheduler.
2026-01-23T16:20:28.696Z  INFO 7318 --- [adata-manager-0] k.c.group.GroupMetadataManager           : [GroupMetadataManager brokerId=0] Finished loading offsets and group metadata from __consumer_offsets-16 in 2 milliseconds for epoch 0, of which 2 milliseconds was spent in the scheduler.
2026-01-23T16:20:28.696Z  INFO 7318 --- [adata-manager-0] k.c.group.GroupMetadataManager           : [GroupMetadataManager brokerId=0] Finished loading offsets and group metadata from __consumer_offsets-45 in 2 milliseconds for epoch 0, of which 2 milliseconds was spent in the scheduler.
2026-01-23T16:20:28.696Z  INFO 7318 --- [adata-manager-0] k.c.group.GroupMetadataManager           : [GroupMetadataManager brokerId=0] Finished loading offsets and group metadata from __consumer_offsets-12 in 2 milliseconds for epoch 0, of which 2 milliseconds was spent in the scheduler.
2026-01-23T16:20:28.696Z  INFO 7318 --- [adata-manager-0] k.c.group.GroupMetadataManager           : [GroupMetadataManager brokerId=0] Finished loading offsets and group metadata from __consumer_offsets-41 in 2 milliseconds for epoch 0, of which 2 milliseconds was spent in the scheduler.
2026-01-23T16:20:28.696Z  INFO 7318 --- [adata-manager-0] k.c.group.GroupMetadataManager           : [GroupMetadataManager brokerId=0] Finished loading offsets and group metadata from __consumer_offsets-24 in 2 milliseconds for epoch 0, of which 2 milliseconds was spent in the scheduler.
2026-01-23T16:20:28.696Z  INFO 7318 --- [adata-manager-0] k.c.group.GroupMetadataManager           : [GroupMetadataManager brokerId=0] Finished loading offsets and group metadata from __consumer_offsets-20 in 2 milliseconds for epoch 0, of which 2 milliseconds was spent in the scheduler.
2026-01-23T16:20:28.696Z  INFO 7318 --- [adata-manager-0] k.c.group.GroupMetadataManager           : [GroupMetadataManager brokerId=0] Finished loading offsets and group metadata from __consumer_offsets-49 in 2 milliseconds for epoch 0, of which 2 milliseconds was spent in the scheduler.
2026-01-23T16:20:28.696Z  INFO 7318 --- [adata-manager-0] k.c.group.GroupMetadataManager           : [GroupMetadataManager brokerId=0] Finished loading offsets and group metadata from __consumer_offsets-0 in 2 milliseconds for epoch 0, of which 2 milliseconds was spent in the scheduler.
2026-01-23T16:20:28.697Z  INFO 7318 --- [adata-manager-0] k.c.group.GroupMetadataManager           : [GroupMetadataManager brokerId=0] Finished loading offsets and group metadata from __consumer_offsets-29 in 3 milliseconds for epoch 0, of which 2 milliseconds was spent in the scheduler.
2026-01-23T16:20:28.697Z  INFO 7318 --- [adata-manager-0] k.c.group.GroupMetadataManager           : [GroupMetadataManager brokerId=0] Finished loading offsets and group metadata from __consumer_offsets-25 in 3 milliseconds for epoch 0, of which 3 milliseconds was spent in the scheduler.
2026-01-23T16:20:28.697Z  INFO 7318 --- [adata-manager-0] k.c.group.GroupMetadataManager           : [GroupMetadataManager brokerId=0] Finished loading offsets and group metadata from __consumer_offsets-8 in 3 milliseconds for epoch 0, of which 3 milliseconds was spent in the scheduler.
2026-01-23T16:20:28.697Z  INFO 7318 --- [adata-manager-0] k.c.group.GroupMetadataManager           : [GroupMetadataManager brokerId=0] Finished loading offsets and group metadata from __consumer_offsets-37 in 3 milliseconds for epoch 0, of which 3 milliseconds was spent in the scheduler.
2026-01-23T16:20:28.697Z  INFO 7318 --- [adata-manager-0] k.c.group.GroupMetadataManager           : [GroupMetadataManager brokerId=0] Finished loading offsets and group metadata from __consumer_offsets-4 in 3 milliseconds for epoch 0, of which 3 milliseconds was spent in the scheduler.
2026-01-23T16:20:28.697Z  INFO 7318 --- [adata-manager-0] k.c.group.GroupMetadataManager           : [GroupMetadataManager brokerId=0] Finished loading offsets and group metadata from __consumer_offsets-33 in 3 milliseconds for epoch 0, of which 3 milliseconds was spent in the scheduler.
2026-01-23T16:20:28.697Z  INFO 7318 --- [adata-manager-0] k.c.group.GroupMetadataManager           : [GroupMetadataManager brokerId=0] Finished loading offsets and group metadata from __consumer_offsets-15 in 3 milliseconds for epoch 0, of which 3 milliseconds was spent in the scheduler.
2026-01-23T16:20:28.697Z  INFO 7318 --- [adata-manager-0] k.c.group.GroupMetadataManager           : [GroupMetadataManager brokerId=0] Finished loading offsets and group metadata from __consumer_offsets-48 in 3 milliseconds for epoch 0, of which 3 milliseconds was spent in the scheduler.
2026-01-23T16:20:28.697Z  INFO 7318 --- [adata-manager-0] k.c.group.GroupMetadataManager           : [GroupMetadataManager brokerId=0] Finished loading offsets and group metadata from __consumer_offsets-11 in 3 milliseconds for epoch 0, of which 3 milliseconds was spent in the scheduler.
2026-01-23T16:20:28.697Z  INFO 7318 --- [adata-manager-0] k.c.group.GroupMetadataManager           : [GroupMetadataManager brokerId=0] Finished loading offsets and group metadata from __consumer_offsets-44 in 3 milliseconds for epoch 0, of which 3 milliseconds was spent in the scheduler.
2026-01-23T16:20:28.697Z  INFO 7318 --- [adata-manager-0] k.c.group.GroupMetadataManager           : [GroupMetadataManager brokerId=0] Finished loading offsets and group metadata from __consumer_offsets-23 in 3 milliseconds for epoch 0, of which 3 milliseconds was spent in the scheduler.
2026-01-23T16:20:28.697Z  INFO 7318 --- [adata-manager-0] k.c.group.GroupMetadataManager           : [GroupMetadataManager brokerId=0] Finished loading offsets and group metadata from __consumer_offsets-19 in 3 milliseconds for epoch 0, of which 3 milliseconds was spent in the scheduler.
2026-01-23T16:20:28.697Z  INFO 7318 --- [adata-manager-0] k.c.group.GroupMetadataManager           : [GroupMetadataManager brokerId=0] Finished loading offsets and group metadata from __consumer_offsets-32 in 3 milliseconds for epoch 0, of which 3 milliseconds was spent in the scheduler.
2026-01-23T16:20:28.697Z  INFO 7318 --- [adata-manager-0] k.c.group.GroupMetadataManager           : [GroupMetadataManager brokerId=0] Finished loading offsets and group metadata from __consumer_offsets-28 in 3 milliseconds for epoch 0, of which 3 milliseconds was spent in the scheduler.
2026-01-23T16:20:28.697Z  INFO 7318 --- [adata-manager-0] k.c.group.GroupMetadataManager           : [GroupMetadataManager brokerId=0] Finished loading offsets and group metadata from __consumer_offsets-7 in 3 milliseconds for epoch 0, of which 3 milliseconds was spent in the scheduler.
2026-01-23T16:20:28.697Z  INFO 7318 --- [adata-manager-0] k.c.group.GroupMetadataManager           : [GroupMetadataManager brokerId=0] Finished loading offsets and group metadata from __consumer_offsets-40 in 3 milliseconds for epoch 0, of which 3 milliseconds was spent in the scheduler.
2026-01-23T16:20:28.697Z  INFO 7318 --- [adata-manager-0] k.c.group.GroupMetadataManager           : [GroupMetadataManager brokerId=0] Finished loading offsets and group metadata from __consumer_offsets-3 in 3 milliseconds for epoch 0, of which 3 milliseconds was spent in the scheduler.
2026-01-23T16:20:28.697Z  INFO 7318 --- [adata-manager-0] k.c.group.GroupMetadataManager           : [GroupMetadataManager brokerId=0] Finished loading offsets and group metadata from __consumer_offsets-36 in 3 milliseconds for epoch 0, of which 3 milliseconds was spent in the scheduler.
2026-01-23T16:20:28.697Z  INFO 7318 --- [adata-manager-0] k.c.group.GroupMetadataManager           : [GroupMetadataManager brokerId=0] Finished loading offsets and group metadata from __consumer_offsets-47 in 3 milliseconds for epoch 0, of which 3 milliseconds was spent in the scheduler.
2026-01-23T16:20:28.697Z  INFO 7318 --- [adata-manager-0] k.c.group.GroupMetadataManager           : [GroupMetadataManager brokerId=0] Finished loading offsets and group metadata from __consumer_offsets-14 in 3 milliseconds for epoch 0, of which 3 milliseconds was spent in the scheduler.
2026-01-23T16:20:28.697Z  INFO 7318 --- [adata-manager-0] k.c.group.GroupMetadataManager           : [GroupMetadataManager brokerId=0] Finished loading offsets and group metadata from __consumer_offsets-43 in 3 milliseconds for epoch 0, of which 3 milliseconds was spent in the scheduler.
2026-01-23T16:20:28.697Z  INFO 7318 --- [adata-manager-0] k.c.group.GroupMetadataManager           : [GroupMetadataManager brokerId=0] Finished loading offsets and group metadata from __consumer_offsets-10 in 3 milliseconds for epoch 0, of which 3 milliseconds was spent in the scheduler.
2026-01-23T16:20:28.697Z  INFO 7318 --- [adata-manager-0] k.c.group.GroupMetadataManager           : [GroupMetadataManager brokerId=0] Finished loading offsets and group metadata from __consumer_offsets-22 in 3 milliseconds for epoch 0, of which 3 milliseconds was spent in the scheduler.
2026-01-23T16:20:28.697Z  INFO 7318 --- [adata-manager-0] k.c.group.GroupMetadataManager           : [GroupMetadataManager brokerId=0] Finished loading offsets and group metadata from __consumer_offsets-18 in 3 milliseconds for epoch 0, of which 3 milliseconds was spent in the scheduler.
2026-01-23T16:20:28.697Z  INFO 7318 --- [adata-manager-0] k.c.group.GroupMetadataManager           : [GroupMetadataManager brokerId=0] Finished loading offsets and group metadata from __consumer_offsets-31 in 3 milliseconds for epoch 0, of which 3 milliseconds was spent in the scheduler.
2026-01-23T16:20:28.697Z  INFO 7318 --- [adata-manager-0] k.c.group.GroupMetadataManager           : [GroupMetadataManager brokerId=0] Finished loading offsets and group metadata from __consumer_offsets-27 in 3 milliseconds for epoch 0, of which 3 milliseconds was spent in the scheduler.
2026-01-23T16:20:28.697Z  INFO 7318 --- [adata-manager-0] k.c.group.GroupMetadataManager           : [GroupMetadataManager brokerId=0] Finished loading offsets and group metadata from __consumer_offsets-39 in 3 milliseconds for epoch 0, of which 3 milliseconds was spent in the scheduler.
2026-01-23T16:20:28.697Z  INFO 7318 --- [adata-manager-0] k.c.group.GroupMetadataManager           : [GroupMetadataManager brokerId=0] Finished loading offsets and group metadata from __consumer_offsets-6 in 3 milliseconds for epoch 0, of which 3 milliseconds was spent in the scheduler.
2026-01-23T16:20:28.698Z  INFO 7318 --- [adata-manager-0] k.c.group.GroupMetadataManager           : [GroupMetadataManager brokerId=0] Finished loading offsets and group metadata from __consumer_offsets-35 in 4 milliseconds for epoch 0, of which 3 milliseconds was spent in the scheduler.
2026-01-23T16:20:28.698Z  INFO 7318 --- [adata-manager-0] k.c.group.GroupMetadataManager           : [GroupMetadataManager brokerId=0] Finished loading offsets and group metadata from __consumer_offsets-2 in 4 milliseconds for epoch 0, of which 4 milliseconds was spent in the scheduler.
2026-01-23T16:20:28.701Z  INFO 7318 --- [ntainer#0-0-C-1] o.a.k.c.c.internals.ConsumerCoordinator  : [Consumer clientId=consumer-midas-group-1, groupId=midas-group] Discovered group coordinator localhost:50553 (id: 2147483647 rack: null)
2026-01-23T16:20:28.701Z  INFO 7318 --- [ntainer#0-0-C-1] o.a.k.c.c.internals.ConsumerCoordinator  : [Consumer clientId=consumer-midas-group-1, groupId=midas-group] Request joining group due to: rebalance failed due to 'This is not the correct coordinator.' (NotCoordinatorException)
2026-01-23T16:20:28.701Z  INFO 7318 --- [ntainer#0-0-C-1] o.a.k.c.c.internals.ConsumerCoordinator  : [Consumer clientId=consumer-midas-group-1, groupId=midas-group] (Re-)joining group
2026-01-23T16:20:28.705Z  INFO 7318 --- [quest-handler-1] k.coordinator.group.GroupCoordinator     : [GroupCoordinator 0]: Dynamic member with unknown member id joins group midas-group in Empty state. Created a new member id consumer-midas-group-1-4dfdb2a4-667c-4480-9e1e-bd648aa466f8 and request the member to rejoin with this id.
2026-01-23T16:20:28.706Z  INFO 7318 --- [ntainer#0-0-C-1] o.a.k.c.c.internals.ConsumerCoordinator  : [Consumer clientId=consumer-midas-group-1, groupId=midas-group] Request joining group due to: need to re-join with the given member-id: consumer-midas-group-1-4dfdb2a4-667c-4480-9e1e-bd648aa466f8
2026-01-23T16:20:28.706Z  INFO 7318 --- [ntainer#0-0-C-1] o.a.k.c.c.internals.ConsumerCoordinator  : [Consumer clientId=consumer-midas-group-1, groupId=midas-group] Request joining group due to: rebalance failed due to 'The group member needs to have a valid member id before actually entering a consumer group.' (MemberIdRequiredException)
2026-01-23T16:20:28.706Z  INFO 7318 --- [ntainer#0-0-C-1] o.a.k.c.c.internals.ConsumerCoordinator  : [Consumer clientId=consumer-midas-group-1, groupId=midas-group] (Re-)joining group
2026-01-23T16:20:28.708Z  INFO 7318 --- [quest-handler-4] k.coordinator.group.GroupCoordinator     : [GroupCoordinator 0]: Preparing to rebalance group midas-group in state PreparingRebalance with old generation 0 (__consumer_offsets-20) (reason: Adding new member consumer-midas-group-1-4dfdb2a4-667c-4480-9e1e-bd648aa466f8 with group instance id None; client reason: rebalance failed due to MemberIdRequiredException)
2026-01-23T16:20:28.710Z  INFO 7318 --- [cutor-Rebalance] k.coordinator.group.GroupCoordinator     : [GroupCoordinator 0]: Stabilized group midas-group generation 1 (__consumer_offsets-20) with 1 members
2026-01-23T16:20:28.711Z  INFO 7318 --- [ntainer#0-0-C-1] o.a.k.c.c.internals.ConsumerCoordinator  : [Consumer clientId=consumer-midas-group-1, groupId=midas-group] Successfully joined group with generation Generation{generationId=1, memberId='consumer-midas-group-1-4dfdb2a4-667c-4480-9e1e-bd648aa466f8', protocol='range'}
2026-01-23T16:20:28.713Z  INFO 7318 --- [ntainer#0-0-C-1] o.a.k.c.c.internals.ConsumerCoordinator  : [Consumer clientId=consumer-midas-group-1, groupId=midas-group] Finished assignment for group at generation 1: {consumer-midas-group-1-4dfdb2a4-667c-4480-9e1e-bd648aa466f8=Assignment(partitions=[trader-updates-0])}
2026-01-23T16:20:28.715Z  INFO 7318 --- [quest-handler-3] k.coordinator.group.GroupCoordinator     : [GroupCoordinator 0]: Assignment received from leader consumer-midas-group-1-4dfdb2a4-667c-4480-9e1e-bd648aa466f8 for group midas-group for generation 1. The group has 1 members, 0 of which are static.
2026-01-23T16:20:28.719Z  INFO 7318 --- [ntainer#0-0-C-1] o.a.k.c.c.internals.ConsumerCoordinator  : [Consumer clientId=consumer-midas-group-1, groupId=midas-group] Successfully synced group in generation Generation{generationId=1, memberId='consumer-midas-group-1-4dfdb2a4-667c-4480-9e1e-bd648aa466f8', protocol='range'}
2026-01-23T16:20:28.720Z  INFO 7318 --- [ntainer#0-0-C-1] o.a.k.c.c.internals.ConsumerCoordinator  : [Consumer clientId=consumer-midas-group-1, groupId=midas-group] Notifying assignor about the new Assignment(partitions=[trader-updates-0])
2026-01-23T16:20:28.720Z  INFO 7318 --- [ntainer#0-0-C-1] o.a.k.c.c.internals.ConsumerCoordinator  : [Consumer clientId=consumer-midas-group-1, groupId=midas-group] Adding newly assigned partitions: trader-updates-0
2026-01-23T16:20:28.724Z  INFO 7318 --- [ntainer#0-0-C-1] o.a.k.c.c.internals.ConsumerCoordinator  : [Consumer clientId=consumer-midas-group-1, groupId=midas-group] Found no committed offset for partition trader-updates-0
2026-01-23T16:20:28.727Z  INFO 7318 --- [ntainer#0-0-C-1] o.a.k.c.c.internals.SubscriptionState    : [Consumer clientId=consumer-midas-group-1, groupId=midas-group] Resetting offset for partition trader-updates-0 to position FetchPosition{offset=0, offsetEpoch=Optional.empty, currentLeader=LeaderAndEpoch{leader=Optional[localhost:50553 (id: 0 rack: null)], epoch=0}}.
2026-01-23T16:20:28.728Z  INFO 7318 --- [ntainer#0-0-C-1] o.s.k.l.KafkaMessageListenerContainer    : midas-group: partitions assigned: [trader-updates-0]
2026-01-23T16:20:28.804Z  INFO 7318 --- [ntainer#0-0-C-1] c.j.midascore.component.DatabaseConduit  : wilbur balance: 3496.51
2026-01-23T16:20:28.809Z  INFO 7318 --- [ntainer#0-0-C-1] c.j.midascore.component.DatabaseConduit  : wilbur balance: 3313.8901
2026-01-23T16:20:28.849Z  INFO 7318 --- [ntainer#0-0-C-1] c.j.midascore.component.DatabaseConduit  : wilbur balance: 3434.0002
2026-01-23T16:20:30.429Z  INFO 7318 --- [           main] com.jpmc.midascore.TaskFiveTests         : ----------------------------------------------------------
2026-01-23T16:20:30.429Z  INFO 7318 --- [           main] com.jpmc.midascore.TaskFiveTests         : ----------------------------------------------------------
2026-01-23T16:20:30.429Z  INFO 7318 --- [           main] com.jpmc.midascore.TaskFiveTests         : ----------------------------------------------------------
2026-01-23T16:20:30.429Z  INFO 7318 --- [           main] com.jpmc.midascore.TaskFiveTests         : submit the following output to complete the task (include begin and end output denotations)
2026-01-23T16:20:30.466Z  INFO 7318 --- [io-33400-exec-1] o.a.c.c.C.[Tomcat].[localhost].[/]       : Initializing Spring DispatcherServlet 'dispatcherServlet'
2026-01-23T16:20:30.466Z  INFO 7318 --- [io-33400-exec-1] o.s.web.servlet.DispatcherServlet        : Initializing Servlet 'dispatcherServlet'
2026-01-23T16:20:30.467Z  INFO 7318 --- [io-33400-exec-1] o.s.web.servlet.DispatcherServlet        : Completed initialization in 1 ms
2026-01-23T16:20:30.501Z  INFO 7318 --- [           main] com.jpmc.midascore.TaskFiveTests         : 
---begin output ---
Balance {amount=0.0}
Balance {amount=1326.98}
Balance {amount=2567.52}
Balance {amount=2740.33}
Balance {amount=140.96999}
Balance {amount=10.419973}
Balance {amount=845.49005}
Balance {amount=657.49}
Balance {amount=99.189995}
Balance {amount=3434.0002}
Balance {amount=2157.1902}
Balance {amount=779421.3}
Balance {amount=0.0}
---end output ---
2026-01-23T16:20:30.506Z  INFO 7318 --- [ntainer#0-0-C-1] o.a.k.c.c.internals.ConsumerCoordinator  : [Consumer clientId=consumer-midas-group-1, groupId=midas-group] Revoke previously assigned partitions trader-updates-0
2026-01-23T16:20:30.506Z  INFO 7318 --- [ntainer#0-0-C-1] o.s.k.l.KafkaMessageListenerContainer    : midas-group: partitions revoked: [trader-updates-0]
2026-01-23T16:20:30.506Z  INFO 7318 --- [ntainer#0-0-C-1] o.a.k.c.c.internals.ConsumerCoordinator  : [Consumer clientId=consumer-midas-group-1, groupId=midas-group] Member consumer-midas-group-1-4dfdb2a4-667c-4480-9e1e-bd648aa466f8 sending LeaveGroup request to coordinator localhost:50553 (id: 2147483647 rack: null) due to the consumer unsubscribed from all topics
2026-01-23T16:20:30.506Z  INFO 7318 --- [ntainer#0-0-C-1] o.a.k.c.c.internals.ConsumerCoordinator  : [Consumer clientId=consumer-midas-group-1, groupId=midas-group] Resetting generation and member id due to: consumer pro-actively leaving the group
2026-01-23T16:20:30.506Z  INFO 7318 --- [ntainer#0-0-C-1] o.a.k.c.c.internals.ConsumerCoordinator  : [Consumer clientId=consumer-midas-group-1, groupId=midas-group] Request joining group due to: consumer pro-actively leaving the group
2026-01-23T16:20:30.506Z  INFO 7318 --- [ntainer#0-0-C-1] fkaConsumerFactory$ExtendedKafkaConsumer : [Consumer clientId=consumer-midas-group-1, groupId=midas-group] Unsubscribed all topics or patterns and assigned partitions
2026-01-23T16:20:30.507Z  INFO 7318 --- [ntainer#0-0-C-1] o.a.k.c.c.internals.ConsumerCoordinator  : [Consumer clientId=consumer-midas-group-1, groupId=midas-group] Resetting generation and member id due to: consumer pro-actively leaving the group
2026-01-23T16:20:30.507Z  INFO 7318 --- [ntainer#0-0-C-1] o.a.k.c.c.internals.ConsumerCoordinator  : [Consumer clientId=consumer-midas-group-1, groupId=midas-group] Request joining group due to: consumer pro-actively leaving the group
2026-01-23T16:20:30.507Z  INFO 7318 --- [quest-handler-4] k.coordinator.group.GroupCoordinator     : [GroupCoordinator 0]: Preparing to rebalance group midas-group in state PreparingRebalance with old generation 1 (__consumer_offsets-20) (reason: Removing member consumer-midas-group-1-4dfdb2a4-667c-4480-9e1e-bd648aa466f8 on LeaveGroup; client reason: the consumer unsubscribed from all topics)
2026-01-23T16:20:30.508Z  INFO 7318 --- [quest-handler-4] k.coordinator.group.GroupCoordinator     : [GroupCoordinator 0]: Group midas-group with generation 2 is now empty (__consumer_offsets-20)
2026-01-23T16:20:30.509Z  INFO 7318 --- [quest-handler-4] k.coordinator.group.GroupCoordinator     : [GroupCoordinator 0]: Member MemberMetadata(memberId=consumer-midas-group-1-4dfdb2a4-667c-4480-9e1e-bd648aa466f8, groupInstanceId=None, clientId=consumer-midas-group-1, clientHost=/127.0.0.1, sessionTimeoutMs=45000, rebalanceTimeoutMs=300000, supportedProtocols=List(range, cooperative-sticky)) has left group midas-group through explicit `LeaveGroup`; client reason: the consumer unsubscribed from all topics
2026-01-23T16:20:30.782Z  INFO 7318 --- [ntainer#0-0-C-1] o.apache.kafka.common.metrics.Metrics    : Metrics scheduler closed
2026-01-23T16:20:30.782Z  INFO 7318 --- [ntainer#0-0-C-1] o.apache.kafka.common.metrics.Metrics    : Closing reporter org.apache.kafka.common.metrics.JmxReporter
2026-01-23T16:20:30.782Z  INFO 7318 --- [ntainer#0-0-C-1] o.apache.kafka.common.metrics.Metrics    : Metrics reporters closed
2026-01-23T16:20:30.783Z  INFO 7318 --- [ntainer#0-0-C-1] o.a.kafka.common.utils.AppInfoParser     : App info kafka.consumer for consumer-midas-group-1 unregistered
2026-01-23T16:20:30.784Z  INFO 7318 --- [ntainer#0-0-C-1] o.s.k.l.KafkaMessageListenerContainer    : midas-group: Consumer stopped
2026-01-23T16:20:30.791Z  INFO 7318 --- [           main] o.a.k.clients.producer.KafkaProducer     : [Producer clientId=producer-1] Closing the Kafka producer with timeoutMillis = 30000 ms.
2026-01-23T16:20:30.792Z  INFO 7318 --- [           main] o.apache.kafka.common.metrics.Metrics    : Metrics scheduler closed
2026-01-23T16:20:30.792Z  INFO 7318 --- [           main] o.apache.kafka.common.metrics.Metrics    : Closing reporter org.apache.kafka.common.metrics.JmxReporter
2026-01-23T16:20:30.792Z  INFO 7318 --- [           main] o.apache.kafka.common.metrics.Metrics    : Metrics reporters closed
2026-01-23T16:20:30.792Z  INFO 7318 --- [           main] o.a.kafka.common.utils.AppInfoParser     : App info kafka.producer for producer-1 unregistered
2026-01-23T16:20:30.793Z  INFO 7318 --- [-kit-executor-4] kafka.server.BrokerServer                : [BrokerServer id=0] Transition from STARTED to SHUTTING_DOWN
2026-01-23T16:20:30.793Z  INFO 7318 --- [-kit-executor-4] kafka.server.BrokerServer                : [BrokerServer id=0] shutting down
2026-01-23T16:20:30.794Z  INFO 7318 --- [r-event-handler] kafka.server.BrokerLifecycleManager      : [BrokerLifecycleManager id=0] Beginning controlled shutdown.
2026-01-23T16:20:30.794Z  INFO 7318 --- [0-event-handler] o.a.k.controller.BrokerHeartbeatManager  : [QuorumController id=0] Unfenced broker 0 has requested and been granted a controlled shutdown.
2026-01-23T16:20:30.796Z  INFO 7318 --- [0-event-handler] o.a.k.c.ReplicationControlManager        : [QuorumController id=0] enterControlledShutdown[0]: changing 51 partition(s)
2026-01-23T16:20:30.796Z  INFO 7318 --- [0-event-handler] o.a.k.controller.ClusterControlManager   : [QuorumController id=0] Replayed BrokerRegistrationChangeRecord modifying the registration for broker 0: BrokerRegistrationChangeRecord(brokerId=0, brokerEpoch=5, fenced=0, inControlledShutdown=1)
2026-01-23T16:20:30.826Z  INFO 7318 --- [r-event-handler] state.change.logger                      : [Broker id=0] Transitioning 51 partition(s) to local followers.
2026-01-23T16:20:30.826Z  INFO 7318 --- [channel-manager] kafka.server.BrokerLifecycleManager      : [BrokerLifecycleManager id=0] The broker is in PENDING_CONTROLLED_SHUTDOWN state, still waiting for the active controller.
2026-01-23T16:20:30.827Z  INFO 7318 --- [r-event-handler] state.change.logger                      : [Broker id=0] Follower __consumer_offsets-13 starts at leader epoch 1 from offset 0 with partition epoch 1 and high watermark 0. Current leader is -1. Previous leader Some(-1) and previous leader epoch was 1.
2026-01-23T16:20:30.827Z  INFO 7318 --- [r-event-handler] state.change.logger                      : [Broker id=0] Follower __consumer_offsets-46 starts at leader epoch 1 from offset 0 with partition epoch 1 and high watermark 0. Current leader is -1. Previous leader Some(-1) and previous leader epoch was 1.
2026-01-23T16:20:30.827Z  INFO 7318 --- [r-event-handler] state.change.logger                      : [Broker id=0] Follower __consumer_offsets-9 starts at leader epoch 1 from offset 0 with partition epoch 1 and high watermark 0. Current leader is -1. Previous leader Some(-1) and previous leader epoch was 1.
2026-01-23T16:20:30.827Z  INFO 7318 --- [r-event-handler] state.change.logger                      : [Broker id=0] Follower __consumer_offsets-42 starts at leader epoch 1 from offset 0 with partition epoch 1 and high watermark 0. Current leader is -1. Previous leader Some(-1) and previous leader epoch was 1.
2026-01-23T16:20:30.827Z  INFO 7318 --- [r-event-handler] state.change.logger                      : [Broker id=0] Follower __consumer_offsets-21 starts at leader epoch 1 from offset 0 with partition epoch 1 and high watermark 0. Current leader is -1. Previous leader Some(-1) and previous leader epoch was 1.
2026-01-23T16:20:30.827Z  INFO 7318 --- [r-event-handler] state.change.logger                      : [Broker id=0] Follower __consumer_offsets-17 starts at leader epoch 1 from offset 0 with partition epoch 1 and high watermark 0. Current leader is -1. Previous leader Some(-1) and previous leader epoch was 1.
2026-01-23T16:20:30.827Z  INFO 7318 --- [r-event-handler] state.change.logger                      : [Broker id=0] Follower __consumer_offsets-30 starts at leader epoch 1 from offset 0 with partition epoch 1 and high watermark 0. Current leader is -1. Previous leader Some(-1) and previous leader epoch was 1.
2026-01-23T16:20:30.827Z  INFO 7318 --- [r-event-handler] state.change.logger                      : [Broker id=0] Follower __consumer_offsets-26 starts at leader epoch 1 from offset 0 with partition epoch 1 and high watermark 0. Current leader is -1. Previous leader Some(-1) and previous leader epoch was 1.
2026-01-23T16:20:30.827Z  INFO 7318 --- [r-event-handler] state.change.logger                      : [Broker id=0] Follower __consumer_offsets-5 starts at leader epoch 1 from offset 0 with partition epoch 1 and high watermark 0. Current leader is -1. Previous leader Some(-1) and previous leader epoch was 1.
2026-01-23T16:20:30.827Z  INFO 7318 --- [r-event-handler] state.change.logger                      : [Broker id=0] Follower __consumer_offsets-38 starts at leader epoch 1 from offset 0 with partition epoch 1 and high watermark 0. Current leader is -1. Previous leader Some(-1) and previous leader epoch was 1.
2026-01-23T16:20:30.827Z  INFO 7318 --- [r-event-handler] state.change.logger                      : [Broker id=0] Follower __consumer_offsets-1 starts at leader epoch 1 from offset 0 with partition epoch 1 and high watermark 0. Current leader is -1. Previous leader Some(-1) and previous leader epoch was 1.
2026-01-23T16:20:30.827Z  INFO 7318 --- [r-event-handler] state.change.logger                      : [Broker id=0] Follower __consumer_offsets-34 starts at leader epoch 1 from offset 0 with partition epoch 1 and high watermark 0. Current leader is -1. Previous leader Some(-1) and previous leader epoch was 1.
2026-01-23T16:20:30.828Z  INFO 7318 --- [r-event-handler] state.change.logger                      : [Broker id=0] Follower __consumer_offsets-16 starts at leader epoch 1 from offset 0 with partition epoch 1 and high watermark 0. Current leader is -1. Previous leader Some(-1) and previous leader epoch was 1.
2026-01-23T16:20:30.828Z  INFO 7318 --- [r-event-handler] state.change.logger                      : [Broker id=0] Follower __consumer_offsets-45 starts at leader epoch 1 from offset 0 with partition epoch 1 and high watermark 0. Current leader is -1. Previous leader Some(-1) and previous leader epoch was 1.
2026-01-23T16:20:30.828Z  INFO 7318 --- [r-event-handler] state.change.logger                      : [Broker id=0] Follower __consumer_offsets-12 starts at leader epoch 1 from offset 0 with partition epoch 1 and high watermark 0. Current leader is -1. Previous leader Some(-1) and previous leader epoch was 1.
2026-01-23T16:20:30.828Z  INFO 7318 --- [r-event-handler] state.change.logger                      : [Broker id=0] Follower __consumer_offsets-41 starts at leader epoch 1 from offset 0 with partition epoch 1 and high watermark 0. Current leader is -1. Previous leader Some(-1) and previous leader epoch was 1.
2026-01-23T16:20:30.828Z  INFO 7318 --- [r-event-handler] state.change.logger                      : [Broker id=0] Follower __consumer_offsets-24 starts at leader epoch 1 from offset 0 with partition epoch 1 and high watermark 0. Current leader is -1. Previous leader Some(-1) and previous leader epoch was 1.
2026-01-23T16:20:30.828Z  INFO 7318 --- [r-event-handler] state.change.logger                      : [Broker id=0] Follower __consumer_offsets-20 starts at leader epoch 1 from offset 3 with partition epoch 1 and high watermark 3. Current leader is -1. Previous leader Some(-1) and previous leader epoch was 1.
2026-01-23T16:20:30.828Z  INFO 7318 --- [r-event-handler] state.change.logger                      : [Broker id=0] Follower __consumer_offsets-49 starts at leader epoch 1 from offset 0 with partition epoch 1 and high watermark 0. Current leader is -1. Previous leader Some(-1) and previous leader epoch was 1.
2026-01-23T16:20:30.828Z  INFO 7318 --- [r-event-handler] state.change.logger                      : [Broker id=0] Follower __consumer_offsets-0 starts at leader epoch 1 from offset 0 with partition epoch 1 and high watermark 0. Current leader is -1. Previous leader Some(-1) and previous leader epoch was 1.
2026-01-23T16:20:30.828Z  INFO 7318 --- [r-event-handler] state.change.logger                      : [Broker id=0] Follower __consumer_offsets-29 starts at leader epoch 1 from offset 0 with partition epoch 1 and high watermark 0. Current leader is -1. Previous leader Some(-1) and previous leader epoch was 1.
2026-01-23T16:20:30.828Z  INFO 7318 --- [r-event-handler] state.change.logger                      : [Broker id=0] Follower __consumer_offsets-25 starts at leader epoch 1 from offset 0 with partition epoch 1 and high watermark 0. Current leader is -1. Previous leader Some(-1) and previous leader epoch was 1.
2026-01-23T16:20:30.828Z  INFO 7318 --- [r-event-handler] state.change.logger                      : [Broker id=0] Follower __consumer_offsets-8 starts at leader epoch 1 from offset 0 with partition epoch 1 and high watermark 0. Current leader is -1. Previous leader Some(-1) and previous leader epoch was 1.
2026-01-23T16:20:30.828Z  INFO 7318 --- [r-event-handler] state.change.logger                      : [Broker id=0] Follower __consumer_offsets-37 starts at leader epoch 1 from offset 0 with partition epoch 1 and high watermark 0. Current leader is -1. Previous leader Some(-1) and previous leader epoch was 1.
2026-01-23T16:20:30.828Z  INFO 7318 --- [r-event-handler] state.change.logger                      : [Broker id=0] Follower __consumer_offsets-4 starts at leader epoch 1 from offset 0 with partition epoch 1 and high watermark 0. Current leader is -1. Previous leader Some(-1) and previous leader epoch was 1.
2026-01-23T16:20:30.828Z  INFO 7318 --- [r-event-handler] state.change.logger                      : [Broker id=0] Follower __consumer_offsets-33 starts at leader epoch 1 from offset 0 with partition epoch 1 and high watermark 0. Current leader is -1. Previous leader Some(-1) and previous leader epoch was 1.
2026-01-23T16:20:30.828Z  INFO 7318 --- [r-event-handler] state.change.logger                      : [Broker id=0] Follower trader-updates-0 starts at leader epoch 1 from offset 22 with partition epoch 1 and high watermark 22. Current leader is -1. Previous leader Some(-1) and previous leader epoch was 1.
2026-01-23T16:20:30.828Z  INFO 7318 --- [r-event-handler] state.change.logger                      : [Broker id=0] Follower __consumer_offsets-15 starts at leader epoch 1 from offset 0 with partition epoch 1 and high watermark 0. Current leader is -1. Previous leader Some(-1) and previous leader epoch was 1.
2026-01-23T16:20:30.828Z  INFO 7318 --- [r-event-handler] state.change.logger                      : [Broker id=0] Follower __consumer_offsets-48 starts at leader epoch 1 from offset 0 with partition epoch 1 and high watermark 0. Current leader is -1. Previous leader Some(-1) and previous leader epoch was 1.
2026-01-23T16:20:30.828Z  INFO 7318 --- [r-event-handler] state.change.logger                      : [Broker id=0] Follower __consumer_offsets-11 starts at leader epoch 1 from offset 0 with partition epoch 1 and high watermark 0. Current leader is -1. Previous leader Some(-1) and previous leader epoch was 1.
2026-01-23T16:20:30.828Z  INFO 7318 --- [r-event-handler] state.change.logger                      : [Broker id=0] Follower __consumer_offsets-44 starts at leader epoch 1 from offset 0 with partition epoch 1 and high watermark 0. Current leader is -1. Previous leader Some(-1) and previous leader epoch was 1.
2026-01-23T16:20:30.828Z  INFO 7318 --- [r-event-handler] state.change.logger                      : [Broker id=0] Follower __consumer_offsets-23 starts at leader epoch 1 from offset 0 with partition epoch 1 and high watermark 0. Current leader is -1. Previous leader Some(-1) and previous leader epoch was 1.
2026-01-23T16:20:30.828Z  INFO 7318 --- [r-event-handler] state.change.logger                      : [Broker id=0] Follower __consumer_offsets-19 starts at leader epoch 1 from offset 0 with partition epoch 1 and high watermark 0. Current leader is -1. Previous leader Some(-1) and previous leader epoch was 1.
2026-01-23T16:20:30.828Z  INFO 7318 --- [r-event-handler] state.change.logger                      : [Broker id=0] Follower __consumer_offsets-32 starts at leader epoch 1 from offset 0 with partition epoch 1 and high watermark 0. Current leader is -1. Previous leader Some(-1) and previous leader epoch was 1.
2026-01-23T16:20:30.828Z  INFO 7318 --- [r-event-handler] state.change.logger                      : [Broker id=0] Follower __consumer_offsets-28 starts at leader epoch 1 from offset 0 with partition epoch 1 and high watermark 0. Current leader is -1. Previous leader Some(-1) and previous leader epoch was 1.
2026-01-23T16:20:30.828Z  INFO 7318 --- [r-event-handler] state.change.logger                      : [Broker id=0] Follower __consumer_offsets-7 starts at leader epoch 1 from offset 0 with partition epoch 1 and high watermark 0. Current leader is -1. Previous leader Some(-1) and previous leader epoch was 1.
2026-01-23T16:20:30.828Z  INFO 7318 --- [r-event-handler] state.change.logger                      : [Broker id=0] Follower __consumer_offsets-40 starts at leader epoch 1 from offset 0 with partition epoch 1 and high watermark 0. Current leader is -1. Previous leader Some(-1) and previous leader epoch was 1.
2026-01-23T16:20:30.828Z  INFO 7318 --- [r-event-handler] state.change.logger                      : [Broker id=0] Follower __consumer_offsets-3 starts at leader epoch 1 from offset 0 with partition epoch 1 and high watermark 0. Current leader is -1. Previous leader Some(-1) and previous leader epoch was 1.
2026-01-23T16:20:30.828Z  INFO 7318 --- [r-event-handler] state.change.logger                      : [Broker id=0] Follower __consumer_offsets-36 starts at leader epoch 1 from offset 0 with partition epoch 1 and high watermark 0. Current leader is -1. Previous leader Some(-1) and previous leader epoch was 1.
2026-01-23T16:20:30.828Z  INFO 7318 --- [r-event-handler] state.change.logger                      : [Broker id=0] Follower __consumer_offsets-47 starts at leader epoch 1 from offset 0 with partition epoch 1 and high watermark 0. Current leader is -1. Previous leader Some(-1) and previous leader epoch was 1.
2026-01-23T16:20:30.828Z  INFO 7318 --- [r-event-handler] state.change.logger                      : [Broker id=0] Follower __consumer_offsets-14 starts at leader epoch 1 from offset 0 with partition epoch 1 and high watermark 0. Current leader is -1. Previous leader Some(-1) and previous leader epoch was 1.
2026-01-23T16:20:30.828Z  INFO 7318 --- [r-event-handler] state.change.logger                      : [Broker id=0] Follower __consumer_offsets-43 starts at leader epoch 1 from offset 0 with partition epoch 1 and high watermark 0. Current leader is -1. Previous leader Some(-1) and previous leader epoch was 1.
2026-01-23T16:20:30.828Z  INFO 7318 --- [r-event-handler] state.change.logger                      : [Broker id=0] Follower __consumer_offsets-10 starts at leader epoch 1 from offset 0 with partition epoch 1 and high watermark 0. Current leader is -1. Previous leader Some(-1) and previous leader epoch was 1.
2026-01-23T16:20:30.828Z  INFO 7318 --- [r-event-handler] state.change.logger                      : [Broker id=0] Follower __consumer_offsets-22 starts at leader epoch 1 from offset 0 with partition epoch 1 and high watermark 0. Current leader is -1. Previous leader Some(-1) and previous leader epoch was 1.
2026-01-23T16:20:30.828Z  INFO 7318 --- [r-event-handler] state.change.logger                      : [Broker id=0] Follower __consumer_offsets-18 starts at leader epoch 1 from offset 0 with partition epoch 1 and high watermark 0. Current leader is -1. Previous leader Some(-1) and previous leader epoch was 1.
2026-01-23T16:20:30.828Z  INFO 7318 --- [r-event-handler] state.change.logger                      : [Broker id=0] Follower __consumer_offsets-31 starts at leader epoch 1 from offset 0 with partition epoch 1 and high watermark 0. Current leader is -1. Previous leader Some(-1) and previous leader epoch was 1.
2026-01-23T16:20:30.828Z  INFO 7318 --- [r-event-handler] state.change.logger                      : [Broker id=0] Follower __consumer_offsets-27 starts at leader epoch 1 from offset 0 with partition epoch 1 and high watermark 0. Current leader is -1. Previous leader Some(-1) and previous leader epoch was 1.
2026-01-23T16:20:30.828Z  INFO 7318 --- [r-event-handler] state.change.logger                      : [Broker id=0] Follower __consumer_offsets-39 starts at leader epoch 1 from offset 0 with partition epoch 1 and high watermark 0. Current leader is -1. Previous leader Some(-1) and previous leader epoch was 1.
2026-01-23T16:20:30.828Z  INFO 7318 --- [r-event-handler] state.change.logger                      : [Broker id=0] Follower __consumer_offsets-6 starts at leader epoch 1 from offset 0 with partition epoch 1 and high watermark 0. Current leader is -1. Previous leader Some(-1) and previous leader epoch was 1.
2026-01-23T16:20:30.828Z  INFO 7318 --- [r-event-handler] state.change.logger                      : [Broker id=0] Follower __consumer_offsets-35 starts at leader epoch 1 from offset 0 with partition epoch 1 and high watermark 0. Current leader is -1. Previous leader Some(-1) and previous leader epoch was 1.
2026-01-23T16:20:30.828Z  INFO 7318 --- [r-event-handler] state.change.logger                      : [Broker id=0] Follower __consumer_offsets-2 starts at leader epoch 1 from offset 0 with partition epoch 1 and high watermark 0. Current leader is -1. Previous leader Some(-1) and previous leader epoch was 1.
2026-01-23T16:20:30.830Z  INFO 7318 --- [r-event-handler] kafka.server.ReplicaFetcherManager       : [ReplicaFetcherManager on broker 0] Removed fetcher for partitions HashSet(__consumer_offsets-22, __consumer_offsets-30, __consumer_offsets-25, __consumer_offsets-35, __consumer_offsets-37, __consumer_offsets-13, __consumer_offsets-8, __consumer_offsets-21, __consumer_offsets-4, __consumer_offsets-27, __consumer_offsets-7, __consumer_offsets-9, __consumer_offsets-46, __consumer_offsets-41, __consumer_offsets-33, __consumer_offsets-23, __consumer_offsets-49, __consumer_offsets-47, __consumer_offsets-16, __consumer_offsets-28, __consumer_offsets-31, __consumer_offsets-36, __consumer_offsets-42, __consumer_offsets-3, __consumer_offsets-18, __consumer_offsets-15, __consumer_offsets-24, trader-updates-0, __consumer_offsets-38, __consumer_offsets-17, __consumer_offsets-48, __consumer_offsets-19, __consumer_offsets-11, __consumer_offsets-2, __consumer_offsets-43, __consumer_offsets-6, __consumer_offsets-14, __consumer_offsets-20, __consumer_offsets-0, __consumer_offsets-44, __consumer_offsets-39, __consumer_offsets-12, __consumer_offsets-45, __consumer_offsets-1, __consumer_offsets-5, __consumer_offsets-26, __consumer_offsets-29, __consumer_offsets-34, __consumer_offsets-10, __consumer_offsets-32, __consumer_offsets-40)
2026-01-23T16:20:30.830Z  INFO 7318 --- [r-event-handler] k.server.ReplicaAlterLogDirsManager      : [ReplicaAlterLogDirsManager on broker 0] Removed fetcher for partitions HashSet(__consumer_offsets-22, __consumer_offsets-30, __consumer_offsets-25, __consumer_offsets-35, __consumer_offsets-37, __consumer_offsets-13, __consumer_offsets-8, __consumer_offsets-21, __consumer_offsets-4, __consumer_offsets-27, __consumer_offsets-7, __consumer_offsets-9, __consumer_offsets-46, __consumer_offsets-41, __consumer_offsets-33, __consumer_offsets-23, __consumer_offsets-49, __consumer_offsets-47, __consumer_offsets-16, __consumer_offsets-28, __consumer_offsets-31, __consumer_offsets-36, __consumer_offsets-42, __consumer_offsets-3, __consumer_offsets-18, __consumer_offsets-15, __consumer_offsets-24, trader-updates-0, __consumer_offsets-38, __consumer_offsets-17, __consumer_offsets-48, __consumer_offsets-19, __consumer_offsets-11, __consumer_offsets-2, __consumer_offsets-43, __consumer_offsets-6, __consumer_offsets-14, __consumer_offsets-20, __consumer_offsets-0, __consumer_offsets-44, __consumer_offsets-39, __consumer_offsets-12, __consumer_offsets-45, __consumer_offsets-1, __consumer_offsets-5, __consumer_offsets-26, __consumer_offsets-29, __consumer_offsets-34, __consumer_offsets-10, __consumer_offsets-32, __consumer_offsets-40)
2026-01-23T16:20:30.831Z  INFO 7318 --- [r-event-handler] state.change.logger                      : [Broker id=0] Stopped fetchers as part of controlled shutdown for 51 partitions
2026-01-23T16:20:30.831Z  INFO 7318 --- [r-event-handler] k.coordinator.group.GroupCoordinator     : [GroupCoordinator 0]: Resigned as the group coordinator for partition 13 in epoch OptionalInt[1]
2026-01-23T16:20:30.831Z  INFO 7318 --- [r-event-handler] k.c.group.GroupMetadataManager           : [GroupMetadataManager brokerId=0] Scheduling unloading of offsets and group metadata from __consumer_offsets-13
2026-01-23T16:20:30.831Z  INFO 7318 --- [r-event-handler] k.coordinator.group.GroupCoordinator     : [GroupCoordinator 0]: Resigned as the group coordinator for partition 46 in epoch OptionalInt[1]
2026-01-23T16:20:30.831Z  INFO 7318 --- [r-event-handler] k.c.group.GroupMetadataManager           : [GroupMetadataManager brokerId=0] Scheduling unloading of offsets and group metadata from __consumer_offsets-46
2026-01-23T16:20:30.831Z  INFO 7318 --- [r-event-handler] k.coordinator.group.GroupCoordinator     : [GroupCoordinator 0]: Resigned as the group coordinator for partition 9 in epoch OptionalInt[1]
2026-01-23T16:20:30.831Z  INFO 7318 --- [r-event-handler] k.c.group.GroupMetadataManager           : [GroupMetadataManager brokerId=0] Scheduling unloading of offsets and group metadata from __consumer_offsets-9
2026-01-23T16:20:30.831Z  INFO 7318 --- [r-event-handler] k.coordinator.group.GroupCoordinator     : [GroupCoordinator 0]: Resigned as the group coordinator for partition 42 in epoch OptionalInt[1]
2026-01-23T16:20:30.831Z  INFO 7318 --- [r-event-handler] k.c.group.GroupMetadataManager           : [GroupMetadataManager brokerId=0] Scheduling unloading of offsets and group metadata from __consumer_offsets-42
2026-01-23T16:20:30.831Z  INFO 7318 --- [r-event-handler] k.coordinator.group.GroupCoordinator     : [GroupCoordinator 0]: Resigned as the group coordinator for partition 21 in epoch OptionalInt[1]
2026-01-23T16:20:30.831Z  INFO 7318 --- [r-event-handler] k.c.group.GroupMetadataManager           : [GroupMetadataManager brokerId=0] Scheduling unloading of offsets and group metadata from __consumer_offsets-21
2026-01-23T16:20:30.831Z  INFO 7318 --- [r-event-handler] k.coordinator.group.GroupCoordinator     : [GroupCoordinator 0]: Resigned as the group coordinator for partition 17 in epoch OptionalInt[1]
2026-01-23T16:20:30.831Z  INFO 7318 --- [r-event-handler] k.c.group.GroupMetadataManager           : [GroupMetadataManager brokerId=0] Scheduling unloading of offsets and group metadata from __consumer_offsets-17
2026-01-23T16:20:30.831Z  INFO 7318 --- [r-event-handler] k.coordinator.group.GroupCoordinator     : [GroupCoordinator 0]: Resigned as the group coordinator for partition 30 in epoch OptionalInt[1]
2026-01-23T16:20:30.831Z  INFO 7318 --- [r-event-handler] k.c.group.GroupMetadataManager           : [GroupMetadataManager brokerId=0] Scheduling unloading of offsets and group metadata from __consumer_offsets-30
2026-01-23T16:20:30.831Z  INFO 7318 --- [r-event-handler] k.coordinator.group.GroupCoordinator     : [GroupCoordinator 0]: Resigned as the group coordinator for partition 26 in epoch OptionalInt[1]
2026-01-23T16:20:30.831Z  INFO 7318 --- [r-event-handler] k.c.group.GroupMetadataManager           : [GroupMetadataManager brokerId=0] Scheduling unloading of offsets and group metadata from __consumer_offsets-26
2026-01-23T16:20:30.831Z  INFO 7318 --- [r-event-handler] k.coordinator.group.GroupCoordinator     : [GroupCoordinator 0]: Resigned as the group coordinator for partition 5 in epoch OptionalInt[1]
2026-01-23T16:20:30.831Z  INFO 7318 --- [r-event-handler] k.c.group.GroupMetadataManager           : [GroupMetadataManager brokerId=0] Scheduling unloading of offsets and group metadata from __consumer_offsets-5
2026-01-23T16:20:30.831Z  INFO 7318 --- [r-event-handler] k.coordinator.group.GroupCoordinator     : [GroupCoordinator 0]: Resigned as the group coordinator for partition 38 in epoch OptionalInt[1]
2026-01-23T16:20:30.831Z  INFO 7318 --- [r-event-handler] k.c.group.GroupMetadataManager           : [GroupMetadataManager brokerId=0] Scheduling unloading of offsets and group metadata from __consumer_offsets-38
2026-01-23T16:20:30.831Z  INFO 7318 --- [r-event-handler] k.coordinator.group.GroupCoordinator     : [GroupCoordinator 0]: Resigned as the group coordinator for partition 1 in epoch OptionalInt[1]
2026-01-23T16:20:30.831Z  INFO 7318 --- [r-event-handler] k.c.group.GroupMetadataManager           : [GroupMetadataManager brokerId=0] Scheduling unloading of offsets and group metadata from __consumer_offsets-1
2026-01-23T16:20:30.831Z  INFO 7318 --- [r-event-handler] k.coordinator.group.GroupCoordinator     : [GroupCoordinator 0]: Resigned as the group coordinator for partition 34 in epoch OptionalInt[1]
2026-01-23T16:20:30.831Z  INFO 7318 --- [r-event-handler] k.c.group.GroupMetadataManager           : [GroupMetadataManager brokerId=0] Scheduling unloading of offsets and group metadata from __consumer_offsets-34
2026-01-23T16:20:30.831Z  INFO 7318 --- [r-event-handler] k.coordinator.group.GroupCoordinator     : [GroupCoordinator 0]: Resigned as the group coordinator for partition 16 in epoch OptionalInt[1]
2026-01-23T16:20:30.831Z  INFO 7318 --- [r-event-handler] k.c.group.GroupMetadataManager           : [GroupMetadataManager brokerId=0] Scheduling unloading of offsets and group metadata from __consumer_offsets-16
2026-01-23T16:20:30.831Z  INFO 7318 --- [r-event-handler] k.coordinator.group.GroupCoordinator     : [GroupCoordinator 0]: Resigned as the group coordinator for partition 45 in epoch OptionalInt[1]
2026-01-23T16:20:30.831Z  INFO 7318 --- [r-event-handler] k.c.group.GroupMetadataManager           : [GroupMetadataManager brokerId=0] Scheduling unloading of offsets and group metadata from __consumer_offsets-45
2026-01-23T16:20:30.831Z  INFO 7318 --- [r-event-handler] k.coordinator.group.GroupCoordinator     : [GroupCoordinator 0]: Resigned as the group coordinator for partition 12 in epoch OptionalInt[1]
2026-01-23T16:20:30.831Z  INFO 7318 --- [r-event-handler] k.c.group.GroupMetadataManager           : [GroupMetadataManager brokerId=0] Scheduling unloading of offsets and group metadata from __consumer_offsets-12
2026-01-23T16:20:30.831Z  INFO 7318 --- [r-event-handler] k.coordinator.group.GroupCoordinator     : [GroupCoordinator 0]: Resigned as the group coordinator for partition 41 in epoch OptionalInt[1]
2026-01-23T16:20:30.831Z  INFO 7318 --- [r-event-handler] k.c.group.GroupMetadataManager           : [GroupMetadataManager brokerId=0] Scheduling unloading of offsets and group metadata from __consumer_offsets-41
2026-01-23T16:20:30.831Z  INFO 7318 --- [r-event-handler] k.coordinator.group.GroupCoordinator     : [GroupCoordinator 0]: Resigned as the group coordinator for partition 24 in epoch OptionalInt[1]
2026-01-23T16:20:30.831Z  INFO 7318 --- [r-event-handler] k.c.group.GroupMetadataManager           : [GroupMetadataManager brokerId=0] Scheduling unloading of offsets and group metadata from __consumer_offsets-24
2026-01-23T16:20:30.831Z  INFO 7318 --- [r-event-handler] k.coordinator.group.GroupCoordinator     : [GroupCoordinator 0]: Resigned as the group coordinator for partition 20 in epoch OptionalInt[1]
2026-01-23T16:20:30.831Z  INFO 7318 --- [r-event-handler] k.c.group.GroupMetadataManager           : [GroupMetadataManager brokerId=0] Scheduling unloading of offsets and group metadata from __consumer_offsets-20
2026-01-23T16:20:30.831Z  INFO 7318 --- [r-event-handler] k.coordinator.group.GroupCoordinator     : [GroupCoordinator 0]: Resigned as the group coordinator for partition 49 in epoch OptionalInt[1]
2026-01-23T16:20:30.831Z  INFO 7318 --- [r-event-handler] k.c.group.GroupMetadataManager           : [GroupMetadataManager brokerId=0] Scheduling unloading of offsets and group metadata from __consumer_offsets-49
2026-01-23T16:20:30.831Z  INFO 7318 --- [r-event-handler] k.coordinator.group.GroupCoordinator     : [GroupCoordinator 0]: Resigned as the group coordinator for partition 0 in epoch OptionalInt[1]
2026-01-23T16:20:30.831Z  INFO 7318 --- [r-event-handler] k.c.group.GroupMetadataManager           : [GroupMetadataManager brokerId=0] Scheduling unloading of offsets and group metadata from __consumer_offsets-0
2026-01-23T16:20:30.831Z  INFO 7318 --- [r-event-handler] k.coordinator.group.GroupCoordinator     : [GroupCoordinator 0]: Resigned as the group coordinator for partition 29 in epoch OptionalInt[1]
2026-01-23T16:20:30.831Z  INFO 7318 --- [r-event-handler] k.c.group.GroupMetadataManager           : [GroupMetadataManager brokerId=0] Scheduling unloading of offsets and group metadata from __consumer_offsets-29
2026-01-23T16:20:30.831Z  INFO 7318 --- [r-event-handler] k.coordinator.group.GroupCoordinator     : [GroupCoordinator 0]: Resigned as the group coordinator for partition 25 in epoch OptionalInt[1]
2026-01-23T16:20:30.831Z  INFO 7318 --- [r-event-handler] k.c.group.GroupMetadataManager           : [GroupMetadataManager brokerId=0] Scheduling unloading of offsets and group metadata from __consumer_offsets-25
2026-01-23T16:20:30.831Z  INFO 7318 --- [r-event-handler] k.coordinator.group.GroupCoordinator     : [GroupCoordinator 0]: Resigned as the group coordinator for partition 8 in epoch OptionalInt[1]
2026-01-23T16:20:30.831Z  INFO 7318 --- [r-event-handler] k.c.group.GroupMetadataManager           : [GroupMetadataManager brokerId=0] Scheduling unloading of offsets and group metadata from __consumer_offsets-8
2026-01-23T16:20:30.831Z  INFO 7318 --- [r-event-handler] k.coordinator.group.GroupCoordinator     : [GroupCoordinator 0]: Resigned as the group coordinator for partition 37 in epoch OptionalInt[1]
2026-01-23T16:20:30.831Z  INFO 7318 --- [r-event-handler] k.c.group.GroupMetadataManager           : [GroupMetadataManager brokerId=0] Scheduling unloading of offsets and group metadata from __consumer_offsets-37
2026-01-23T16:20:30.832Z  INFO 7318 --- [r-event-handler] k.coordinator.group.GroupCoordinator     : [GroupCoordinator 0]: Resigned as the group coordinator for partition 4 in epoch OptionalInt[1]
2026-01-23T16:20:30.832Z  INFO 7318 --- [r-event-handler] k.c.group.GroupMetadataManager           : [GroupMetadataManager brokerId=0] Scheduling unloading of offsets and group metadata from __consumer_offsets-4
2026-01-23T16:20:30.832Z  INFO 7318 --- [r-event-handler] k.coordinator.group.GroupCoordinator     : [GroupCoordinator 0]: Resigned as the group coordinator for partition 33 in epoch OptionalInt[1]
2026-01-23T16:20:30.832Z  INFO 7318 --- [r-event-handler] k.c.group.GroupMetadataManager           : [GroupMetadataManager brokerId=0] Scheduling unloading of offsets and group metadata from __consumer_offsets-33
2026-01-23T16:20:30.832Z  INFO 7318 --- [r-event-handler] k.coordinator.group.GroupCoordinator     : [GroupCoordinator 0]: Resigned as the group coordinator for partition 15 in epoch OptionalInt[1]
2026-01-23T16:20:30.832Z  INFO 7318 --- [r-event-handler] k.c.group.GroupMetadataManager           : [GroupMetadataManager brokerId=0] Scheduling unloading of offsets and group metadata from __consumer_offsets-15
2026-01-23T16:20:30.832Z  INFO 7318 --- [r-event-handler] k.coordinator.group.GroupCoordinator     : [GroupCoordinator 0]: Resigned as the group coordinator for partition 48 in epoch OptionalInt[1]
2026-01-23T16:20:30.832Z  INFO 7318 --- [r-event-handler] k.c.group.GroupMetadataManager           : [GroupMetadataManager brokerId=0] Scheduling unloading of offsets and group metadata from __consumer_offsets-48
2026-01-23T16:20:30.832Z  INFO 7318 --- [r-event-handler] k.coordinator.group.GroupCoordinator     : [GroupCoordinator 0]: Resigned as the group coordinator for partition 11 in epoch OptionalInt[1]
2026-01-23T16:20:30.832Z  INFO 7318 --- [r-event-handler] k.c.group.GroupMetadataManager           : [GroupMetadataManager brokerId=0] Scheduling unloading of offsets and group metadata from __consumer_offsets-11
2026-01-23T16:20:30.832Z  INFO 7318 --- [r-event-handler] k.coordinator.group.GroupCoordinator     : [GroupCoordinator 0]: Resigned as the group coordinator for partition 44 in epoch OptionalInt[1]
2026-01-23T16:20:30.832Z  INFO 7318 --- [r-event-handler] k.c.group.GroupMetadataManager           : [GroupMetadataManager brokerId=0] Scheduling unloading of offsets and group metadata from __consumer_offsets-44
2026-01-23T16:20:30.832Z  INFO 7318 --- [r-event-handler] k.coordinator.group.GroupCoordinator     : [GroupCoordinator 0]: Resigned as the group coordinator for partition 23 in epoch OptionalInt[1]
2026-01-23T16:20:30.832Z  INFO 7318 --- [r-event-handler] k.c.group.GroupMetadataManager           : [GroupMetadataManager brokerId=0] Scheduling unloading of offsets and group metadata from __consumer_offsets-23
2026-01-23T16:20:30.832Z  INFO 7318 --- [r-event-handler] k.coordinator.group.GroupCoordinator     : [GroupCoordinator 0]: Resigned as the group coordinator for partition 19 in epoch OptionalInt[1]
2026-01-23T16:20:30.832Z  INFO 7318 --- [r-event-handler] k.c.group.GroupMetadataManager           : [GroupMetadataManager brokerId=0] Scheduling unloading of offsets and group metadata from __consumer_offsets-19
2026-01-23T16:20:30.832Z  INFO 7318 --- [r-event-handler] k.coordinator.group.GroupCoordinator     : [GroupCoordinator 0]: Resigned as the group coordinator for partition 32 in epoch OptionalInt[1]
2026-01-23T16:20:30.832Z  INFO 7318 --- [r-event-handler] k.c.group.GroupMetadataManager           : [GroupMetadataManager brokerId=0] Scheduling unloading of offsets and group metadata from __consumer_offsets-32
2026-01-23T16:20:30.832Z  INFO 7318 --- [r-event-handler] k.coordinator.group.GroupCoordinator     : [GroupCoordinator 0]: Resigned as the group coordinator for partition 28 in epoch OptionalInt[1]
2026-01-23T16:20:30.832Z  INFO 7318 --- [r-event-handler] k.c.group.GroupMetadataManager           : [GroupMetadataManager brokerId=0] Scheduling unloading of offsets and group metadata from __consumer_offsets-28
2026-01-23T16:20:30.832Z  INFO 7318 --- [r-event-handler] k.coordinator.group.GroupCoordinator     : [GroupCoordinator 0]: Resigned as the group coordinator for partition 7 in epoch OptionalInt[1]
2026-01-23T16:20:30.832Z  INFO 7318 --- [r-event-handler] k.c.group.GroupMetadataManager           : [GroupMetadataManager brokerId=0] Scheduling unloading of offsets and group metadata from __consumer_offsets-7
2026-01-23T16:20:30.832Z  INFO 7318 --- [r-event-handler] k.coordinator.group.GroupCoordinator     : [GroupCoordinator 0]: Resigned as the group coordinator for partition 40 in epoch OptionalInt[1]
2026-01-23T16:20:30.832Z  INFO 7318 --- [r-event-handler] k.c.group.GroupMetadataManager           : [GroupMetadataManager brokerId=0] Scheduling unloading of offsets and group metadata from __consumer_offsets-40
2026-01-23T16:20:30.832Z  INFO 7318 --- [r-event-handler] k.coordinator.group.GroupCoordinator     : [GroupCoordinator 0]: Resigned as the group coordinator for partition 3 in epoch OptionalInt[1]
2026-01-23T16:20:30.832Z  INFO 7318 --- [r-event-handler] k.c.group.GroupMetadataManager           : [GroupMetadataManager brokerId=0] Scheduling unloading of offsets and group metadata from __consumer_offsets-3
2026-01-23T16:20:30.832Z  INFO 7318 --- [r-event-handler] k.coordinator.group.GroupCoordinator     : [GroupCoordinator 0]: Resigned as the group coordinator for partition 36 in epoch OptionalInt[1]
2026-01-23T16:20:30.832Z  INFO 7318 --- [r-event-handler] k.c.group.GroupMetadataManager           : [GroupMetadataManager brokerId=0] Scheduling unloading of offsets and group metadata from __consumer_offsets-36
2026-01-23T16:20:30.832Z  INFO 7318 --- [r-event-handler] k.coordinator.group.GroupCoordinator     : [GroupCoordinator 0]: Resigned as the group coordinator for partition 47 in epoch OptionalInt[1]
2026-01-23T16:20:30.832Z  INFO 7318 --- [r-event-handler] k.c.group.GroupMetadataManager           : [GroupMetadataManager brokerId=0] Scheduling unloading of offsets and group metadata from __consumer_offsets-47
2026-01-23T16:20:30.832Z  INFO 7318 --- [r-event-handler] k.coordinator.group.GroupCoordinator     : [GroupCoordinator 0]: Resigned as the group coordinator for partition 14 in epoch OptionalInt[1]
2026-01-23T16:20:30.832Z  INFO 7318 --- [r-event-handler] k.c.group.GroupMetadataManager           : [GroupMetadataManager brokerId=0] Scheduling unloading of offsets and group metadata from __consumer_offsets-14
2026-01-23T16:20:30.832Z  INFO 7318 --- [r-event-handler] k.coordinator.group.GroupCoordinator     : [GroupCoordinator 0]: Resigned as the group coordinator for partition 43 in epoch OptionalInt[1]
2026-01-23T16:20:30.832Z  INFO 7318 --- [r-event-handler] k.c.group.GroupMetadataManager           : [GroupMetadataManager brokerId=0] Scheduling unloading of offsets and group metadata from __consumer_offsets-43
2026-01-23T16:20:30.832Z  INFO 7318 --- [r-event-handler] k.coordinator.group.GroupCoordinator     : [GroupCoordinator 0]: Resigned as the group coordinator for partition 10 in epoch OptionalInt[1]
2026-01-23T16:20:30.832Z  INFO 7318 --- [r-event-handler] k.c.group.GroupMetadataManager           : [GroupMetadataManager brokerId=0] Scheduling unloading of offsets and group metadata from __consumer_offsets-10
2026-01-23T16:20:30.832Z  INFO 7318 --- [r-event-handler] k.coordinator.group.GroupCoordinator     : [GroupCoordinator 0]: Resigned as the group coordinator for partition 22 in epoch OptionalInt[1]
2026-01-23T16:20:30.832Z  INFO 7318 --- [r-event-handler] k.c.group.GroupMetadataManager           : [GroupMetadataManager brokerId=0] Scheduling unloading of offsets and group metadata from __consumer_offsets-22
2026-01-23T16:20:30.832Z  INFO 7318 --- [r-event-handler] k.coordinator.group.GroupCoordinator     : [GroupCoordinator 0]: Resigned as the group coordinator for partition 18 in epoch OptionalInt[1]
2026-01-23T16:20:30.832Z  INFO 7318 --- [r-event-handler] k.c.group.GroupMetadataManager           : [GroupMetadataManager brokerId=0] Scheduling unloading of offsets and group metadata from __consumer_offsets-18
2026-01-23T16:20:30.832Z  INFO 7318 --- [r-event-handler] k.coordinator.group.GroupCoordinator     : [GroupCoordinator 0]: Resigned as the group coordinator for partition 31 in epoch OptionalInt[1]
2026-01-23T16:20:30.832Z  INFO 7318 --- [r-event-handler] k.c.group.GroupMetadataManager           : [GroupMetadataManager brokerId=0] Scheduling unloading of offsets and group metadata from __consumer_offsets-31
2026-01-23T16:20:30.832Z  INFO 7318 --- [r-event-handler] k.coordinator.group.GroupCoordinator     : [GroupCoordinator 0]: Resigned as the group coordinator for partition 27 in epoch OptionalInt[1]
2026-01-23T16:20:30.832Z  INFO 7318 --- [r-event-handler] k.c.group.GroupMetadataManager           : [GroupMetadataManager brokerId=0] Scheduling unloading of offsets and group metadata from __consumer_offsets-27
2026-01-23T16:20:30.832Z  INFO 7318 --- [r-event-handler] k.coordinator.group.GroupCoordinator     : [GroupCoordinator 0]: Resigned as the group coordinator for partition 39 in epoch OptionalInt[1]
2026-01-23T16:20:30.832Z  INFO 7318 --- [r-event-handler] k.c.group.GroupMetadataManager           : [GroupMetadataManager brokerId=0] Scheduling unloading of offsets and group metadata from __consumer_offsets-39
2026-01-23T16:20:30.832Z  INFO 7318 --- [r-event-handler] k.coordinator.group.GroupCoordinator     : [GroupCoordinator 0]: Resigned as the group coordinator for partition 6 in epoch OptionalInt[1]
2026-01-23T16:20:30.832Z  INFO 7318 --- [r-event-handler] k.c.group.GroupMetadataManager           : [GroupMetadataManager brokerId=0] Scheduling unloading of offsets and group metadata from __consumer_offsets-6
2026-01-23T16:20:30.832Z  INFO 7318 --- [r-event-handler] k.coordinator.group.GroupCoordinator     : [GroupCoordinator 0]: Resigned as the group coordinator for partition 35 in epoch OptionalInt[1]
2026-01-23T16:20:30.832Z  INFO 7318 --- [r-event-handler] k.c.group.GroupMetadataManager           : [GroupMetadataManager brokerId=0] Scheduling unloading of offsets and group metadata from __consumer_offsets-35
2026-01-23T16:20:30.832Z  INFO 7318 --- [r-event-handler] k.coordinator.group.GroupCoordinator     : [GroupCoordinator 0]: Resigned as the group coordinator for partition 2 in epoch OptionalInt[1]
2026-01-23T16:20:30.832Z  INFO 7318 --- [r-event-handler] k.c.group.GroupMetadataManager           : [GroupMetadataManager brokerId=0] Scheduling unloading of offsets and group metadata from __consumer_offsets-2
2026-01-23T16:20:30.832Z  INFO 7318 --- [adata-manager-0] k.c.group.GroupMetadataManager           : [GroupMetadataManager brokerId=0] Finished unloading __consumer_offsets-13 for coordinator epoch OptionalInt[1]. Removed 0 cached offsets and 0 cached groups.
2026-01-23T16:20:30.832Z  INFO 7318 --- [adata-manager-0] k.c.group.GroupMetadataManager           : [GroupMetadataManager brokerId=0] Finished unloading __consumer_offsets-46 for coordinator epoch OptionalInt[1]. Removed 0 cached offsets and 0 cached groups.
2026-01-23T16:20:30.832Z  INFO 7318 --- [adata-manager-0] k.c.group.GroupMetadataManager           : [GroupMetadataManager brokerId=0] Finished unloading __consumer_offsets-9 for coordinator epoch OptionalInt[1]. Removed 0 cached offsets and 0 cached groups.
2026-01-23T16:20:30.832Z  INFO 7318 --- [adata-manager-0] k.c.group.GroupMetadataManager           : [GroupMetadataManager brokerId=0] Finished unloading __consumer_offsets-42 for coordinator epoch OptionalInt[1]. Removed 0 cached offsets and 0 cached groups.
2026-01-23T16:20:30.832Z  INFO 7318 --- [adata-manager-0] k.c.group.GroupMetadataManager           : [GroupMetadataManager brokerId=0] Finished unloading __consumer_offsets-21 for coordinator epoch OptionalInt[1]. Removed 0 cached offsets and 0 cached groups.
2026-01-23T16:20:30.832Z  INFO 7318 --- [adata-manager-0] k.c.group.GroupMetadataManager           : [GroupMetadataManager brokerId=0] Finished unloading __consumer_offsets-17 for coordinator epoch OptionalInt[1]. Removed 0 cached offsets and 0 cached groups.
2026-01-23T16:20:30.832Z  INFO 7318 --- [adata-manager-0] k.c.group.GroupMetadataManager           : [GroupMetadataManager brokerId=0] Finished unloading __consumer_offsets-30 for coordinator epoch OptionalInt[1]. Removed 0 cached offsets and 0 cached groups.
2026-01-23T16:20:30.832Z  INFO 7318 --- [adata-manager-0] k.c.group.GroupMetadataManager           : [GroupMetadataManager brokerId=0] Finished unloading __consumer_offsets-26 for coordinator epoch OptionalInt[1]. Removed 0 cached offsets and 0 cached groups.
2026-01-23T16:20:30.832Z  INFO 7318 --- [adata-manager-0] k.c.group.GroupMetadataManager           : [GroupMetadataManager brokerId=0] Finished unloading __consumer_offsets-5 for coordinator epoch OptionalInt[1]. Removed 0 cached offsets and 0 cached groups.
2026-01-23T16:20:30.832Z  INFO 7318 --- [adata-manager-0] k.c.group.GroupMetadataManager           : [GroupMetadataManager brokerId=0] Finished unloading __consumer_offsets-38 for coordinator epoch OptionalInt[1]. Removed 0 cached offsets and 0 cached groups.
2026-01-23T16:20:30.832Z  INFO 7318 --- [adata-manager-0] k.c.group.GroupMetadataManager           : [GroupMetadataManager brokerId=0] Finished unloading __consumer_offsets-1 for coordinator epoch OptionalInt[1]. Removed 0 cached offsets and 0 cached groups.
2026-01-23T16:20:30.832Z  INFO 7318 --- [adata-manager-0] k.c.group.GroupMetadataManager           : [GroupMetadataManager brokerId=0] Finished unloading __consumer_offsets-34 for coordinator epoch OptionalInt[1]. Removed 0 cached offsets and 0 cached groups.
2026-01-23T16:20:30.832Z  INFO 7318 --- [adata-manager-0] k.c.group.GroupMetadataManager           : [GroupMetadataManager brokerId=0] Finished unloading __consumer_offsets-16 for coordinator epoch OptionalInt[1]. Removed 0 cached offsets and 0 cached groups.
2026-01-23T16:20:30.832Z  INFO 7318 --- [adata-manager-0] k.c.group.GroupMetadataManager           : [GroupMetadataManager brokerId=0] Finished unloading __consumer_offsets-45 for coordinator epoch OptionalInt[1]. Removed 0 cached offsets and 0 cached groups.
2026-01-23T16:20:30.832Z  INFO 7318 --- [adata-manager-0] k.c.group.GroupMetadataManager           : [GroupMetadataManager brokerId=0] Finished unloading __consumer_offsets-12 for coordinator epoch OptionalInt[1]. Removed 0 cached offsets and 0 cached groups.
2026-01-23T16:20:30.832Z  INFO 7318 --- [adata-manager-0] k.c.group.GroupMetadataManager           : [GroupMetadataManager brokerId=0] Finished unloading __consumer_offsets-41 for coordinator epoch OptionalInt[1]. Removed 0 cached offsets and 0 cached groups.
2026-01-23T16:20:30.832Z  INFO 7318 --- [adata-manager-0] k.c.group.GroupMetadataManager           : [GroupMetadataManager brokerId=0] Finished unloading __consumer_offsets-24 for coordinator epoch OptionalInt[1]. Removed 0 cached offsets and 0 cached groups.
2026-01-23T16:20:30.832Z  INFO 7318 --- [adata-manager-0] k.coordinator.group.GroupCoordinator     : [GroupCoordinator 0]: Unloading group metadata for midas-group with generation 2
2026-01-23T16:20:30.832Z  INFO 7318 --- [adata-manager-0] k.c.group.GroupMetadataManager           : [GroupMetadataManager brokerId=0] Finished unloading __consumer_offsets-20 for coordinator epoch OptionalInt[1]. Removed 1 cached offsets and 1 cached groups.
2026-01-23T16:20:30.832Z  INFO 7318 --- [adata-manager-0] k.c.group.GroupMetadataManager           : [GroupMetadataManager brokerId=0] Finished unloading __consumer_offsets-49 for coordinator epoch OptionalInt[1]. Removed 0 cached offsets and 0 cached groups.
2026-01-23T16:20:30.832Z  INFO 7318 --- [adata-manager-0] k.c.group.GroupMetadataManager           : [GroupMetadataManager brokerId=0] Finished unloading __consumer_offsets-0 for coordinator epoch OptionalInt[1]. Removed 0 cached offsets and 0 cached groups.
2026-01-23T16:20:30.832Z  INFO 7318 --- [adata-manager-0] k.c.group.GroupMetadataManager           : [GroupMetadataManager brokerId=0] Finished unloading __consumer_offsets-29 for coordinator epoch OptionalInt[1]. Removed 0 cached offsets and 0 cached groups.
2026-01-23T16:20:30.832Z  INFO 7318 --- [adata-manager-0] k.c.group.GroupMetadataManager           : [GroupMetadataManager brokerId=0] Finished unloading __consumer_offsets-25 for coordinator epoch OptionalInt[1]. Removed 0 cached offsets and 0 cached groups.
2026-01-23T16:20:30.832Z  INFO 7318 --- [adata-manager-0] k.c.group.GroupMetadataManager           : [GroupMetadataManager brokerId=0] Finished unloading __consumer_offsets-8 for coordinator epoch OptionalInt[1]. Removed 0 cached offsets and 0 cached groups.
2026-01-23T16:20:30.832Z  INFO 7318 --- [adata-manager-0] k.c.group.GroupMetadataManager           : [GroupMetadataManager brokerId=0] Finished unloading __consumer_offsets-37 for coordinator epoch OptionalInt[1]. Removed 0 cached offsets and 0 cached groups.
2026-01-23T16:20:30.833Z  INFO 7318 --- [adata-manager-0] k.c.group.GroupMetadataManager           : [GroupMetadataManager brokerId=0] Finished unloading __consumer_offsets-4 for coordinator epoch OptionalInt[1]. Removed 0 cached offsets and 0 cached groups.
2026-01-23T16:20:30.833Z  INFO 7318 --- [adata-manager-0] k.c.group.GroupMetadataManager           : [GroupMetadataManager brokerId=0] Finished unloading __consumer_offsets-33 for coordinator epoch OptionalInt[1]. Removed 0 cached offsets and 0 cached groups.
2026-01-23T16:20:30.833Z  INFO 7318 --- [adata-manager-0] k.c.group.GroupMetadataManager           : [GroupMetadataManager brokerId=0] Finished unloading __consumer_offsets-15 for coordinator epoch OptionalInt[1]. Removed 0 cached offsets and 0 cached groups.
2026-01-23T16:20:30.833Z  INFO 7318 --- [adata-manager-0] k.c.group.GroupMetadataManager           : [GroupMetadataManager brokerId=0] Finished unloading __consumer_offsets-48 for coordinator epoch OptionalInt[1]. Removed 0 cached offsets and 0 cached groups.
2026-01-23T16:20:30.833Z  INFO 7318 --- [adata-manager-0] k.c.group.GroupMetadataManager           : [GroupMetadataManager brokerId=0] Finished unloading __consumer_offsets-11 for coordinator epoch OptionalInt[1]. Removed 0 cached offsets and 0 cached groups.
2026-01-23T16:20:30.833Z  INFO 7318 --- [adata-manager-0] k.c.group.GroupMetadataManager           : [GroupMetadataManager brokerId=0] Finished unloading __consumer_offsets-44 for coordinator epoch OptionalInt[1]. Removed 0 cached offsets and 0 cached groups.
2026-01-23T16:20:30.833Z  INFO 7318 --- [adata-manager-0] k.c.group.GroupMetadataManager           : [GroupMetadataManager brokerId=0] Finished unloading __consumer_offsets-23 for coordinator epoch OptionalInt[1]. Removed 0 cached offsets and 0 cached groups.
2026-01-23T16:20:30.833Z  INFO 7318 --- [adata-manager-0] k.c.group.GroupMetadataManager           : [GroupMetadataManager brokerId=0] Finished unloading __consumer_offsets-19 for coordinator epoch OptionalInt[1]. Removed 0 cached offsets and 0 cached groups.
2026-01-23T16:20:30.833Z  INFO 7318 --- [adata-manager-0] k.c.group.GroupMetadataManager           : [GroupMetadataManager brokerId=0] Finished unloading __consumer_offsets-32 for coordinator epoch OptionalInt[1]. Removed 0 cached offsets and 0 cached groups.
2026-01-23T16:20:30.833Z  INFO 7318 --- [adata-manager-0] k.c.group.GroupMetadataManager           : [GroupMetadataManager brokerId=0] Finished unloading __consumer_offsets-28 for coordinator epoch OptionalInt[1]. Removed 0 cached offsets and 0 cached groups.
2026-01-23T16:20:30.833Z  INFO 7318 --- [adata-manager-0] k.c.group.GroupMetadataManager           : [GroupMetadataManager brokerId=0] Finished unloading __consumer_offsets-7 for coordinator epoch OptionalInt[1]. Removed 0 cached offsets and 0 cached groups.
2026-01-23T16:20:30.833Z  INFO 7318 --- [adata-manager-0] k.c.group.GroupMetadataManager           : [GroupMetadataManager brokerId=0] Finished unloading __consumer_offsets-40 for coordinator epoch OptionalInt[1]. Removed 0 cached offsets and 0 cached groups.
2026-01-23T16:20:30.833Z  INFO 7318 --- [adata-manager-0] k.c.group.GroupMetadataManager           : [GroupMetadataManager brokerId=0] Finished unloading __consumer_offsets-3 for coordinator epoch OptionalInt[1]. Removed 0 cached offsets and 0 cached groups.
2026-01-23T16:20:30.833Z  INFO 7318 --- [adata-manager-0] k.c.group.GroupMetadataManager           : [GroupMetadataManager brokerId=0] Finished unloading __consumer_offsets-36 for coordinator epoch OptionalInt[1]. Removed 0 cached offsets and 0 cached groups.
2026-01-23T16:20:30.833Z  INFO 7318 --- [adata-manager-0] k.c.group.GroupMetadataManager           : [GroupMetadataManager brokerId=0] Finished unloading __consumer_offsets-47 for coordinator epoch OptionalInt[1]. Removed 0 cached offsets and 0 cached groups.
2026-01-23T16:20:30.833Z  INFO 7318 --- [adata-manager-0] k.c.group.GroupMetadataManager           : [GroupMetadataManager brokerId=0] Finished unloading __consumer_offsets-14 for coordinator epoch OptionalInt[1]. Removed 0 cached offsets and 0 cached groups.
2026-01-23T16:20:30.833Z  INFO 7318 --- [adata-manager-0] k.c.group.GroupMetadataManager           : [GroupMetadataManager brokerId=0] Finished unloading __consumer_offsets-43 for coordinator epoch OptionalInt[1]. Removed 0 cached offsets and 0 cached groups.
2026-01-23T16:20:30.833Z  INFO 7318 --- [adata-manager-0] k.c.group.GroupMetadataManager           : [GroupMetadataManager brokerId=0] Finished unloading __consumer_offsets-10 for coordinator epoch OptionalInt[1]. Removed 0 cached offsets and 0 cached groups.
2026-01-23T16:20:30.833Z  INFO 7318 --- [adata-manager-0] k.c.group.GroupMetadataManager           : [GroupMetadataManager brokerId=0] Finished unloading __consumer_offsets-22 for coordinator epoch OptionalInt[1]. Removed 0 cached offsets and 0 cached groups.
2026-01-23T16:20:30.833Z  INFO 7318 --- [adata-manager-0] k.c.group.GroupMetadataManager           : [GroupMetadataManager brokerId=0] Finished unloading __consumer_offsets-18 for coordinator epoch OptionalInt[1]. Removed 0 cached offsets and 0 cached groups.
2026-01-23T16:20:30.833Z  INFO 7318 --- [adata-manager-0] k.c.group.GroupMetadataManager           : [GroupMetadataManager brokerId=0] Finished unloading __consumer_offsets-31 for coordinator epoch OptionalInt[1]. Removed 0 cached offsets and 0 cached groups.
2026-01-23T16:20:30.833Z  INFO 7318 --- [adata-manager-0] k.c.group.GroupMetadataManager           : [GroupMetadataManager brokerId=0] Finished unloading __consumer_offsets-27 for coordinator epoch OptionalInt[1]. Removed 0 cached offsets and 0 cached groups.
2026-01-23T16:20:30.833Z  INFO 7318 --- [adata-manager-0] k.c.group.GroupMetadataManager           : [GroupMetadataManager brokerId=0] Finished unloading __consumer_offsets-39 for coordinator epoch OptionalInt[1]. Removed 0 cached offsets and 0 cached groups.
2026-01-23T16:20:30.833Z  INFO 7318 --- [adata-manager-0] k.c.group.GroupMetadataManager           : [GroupMetadataManager brokerId=0] Finished unloading __consumer_offsets-6 for coordinator epoch OptionalInt[1]. Removed 0 cached offsets and 0 cached groups.
2026-01-23T16:20:30.833Z  INFO 7318 --- [adata-manager-0] k.c.group.GroupMetadataManager           : [GroupMetadataManager brokerId=0] Finished unloading __consumer_offsets-35 for coordinator epoch OptionalInt[1]. Removed 0 cached offsets and 0 cached groups.
2026-01-23T16:20:30.833Z  INFO 7318 --- [adata-manager-0] k.c.group.GroupMetadataManager           : [GroupMetadataManager brokerId=0] Finished unloading __consumer_offsets-2 for coordinator epoch OptionalInt[1]. Removed 0 cached offsets and 0 cached groups.
2026-01-23T16:20:30.881Z  INFO 7318 --- [0-event-handler] o.a.k.controller.BrokerHeartbeatManager  : [QuorumController id=0] The request from broker 0 to shut down has been granted since the lowest active offset 9223372036854775807 is now greater than the broker's controlled shutdown offset 122.
2026-01-23T16:20:30.882Z  INFO 7318 --- [0-event-handler] o.a.k.controller.ClusterControlManager   : [QuorumController id=0] Replayed BrokerRegistrationChangeRecord modifying the registration for broker 0: BrokerRegistrationChangeRecord(brokerId=0, brokerEpoch=5, fenced=1, inControlledShutdown=0)
2026-01-23T16:20:30.910Z  INFO 7318 --- [channel-manager] kafka.server.BrokerLifecycleManager      : [BrokerLifecycleManager id=0] The controller has asked us to exit controlled shutdown.
2026-01-23T16:20:30.910Z  INFO 7318 --- [channel-manager] org.apache.kafka.queue.KafkaEventQueue   : [BrokerLifecycleManager id=0] beginShutdown: shutting down event queue.
2026-01-23T16:20:30.910Z  INFO 7318 --- [r-event-handler] kafka.server.BrokerLifecycleManager      : [BrokerLifecycleManager id=0] Transitioning from PENDING_CONTROLLED_SHUTDOWN to SHUTTING_DOWN.
2026-01-23T16:20:30.910Z  INFO 7318 --- [r-event-handler] k.s.BrokerToControllerRequestThread      : [broker-0-to-controller-heartbeat-channel-manager]: Shutting down
2026-01-23T16:20:30.910Z  INFO 7318 --- [channel-manager] k.s.BrokerToControllerRequestThread      : [broker-0-to-controller-heartbeat-channel-manager]: Stopped
2026-01-23T16:20:30.910Z  INFO 7318 --- [r-event-handler] k.s.BrokerToControllerRequestThread      : [broker-0-to-controller-heartbeat-channel-manager]: Shutdown completed
2026-01-23T16:20:30.910Z  INFO 7318 --- [-kit-executor-4] kafka.network.SocketServer               : [SocketServer listenerType=BROKER, nodeId=0] Stopping socket server request processors
2026-01-23T16:20:30.911Z  INFO 7318 --- [r-event-handler] k.s.BrokerToControllerChannelManagerImpl : Broker to controller channel manager for heartbeat shutdown
2026-01-23T16:20:30.913Z  INFO 7318 --- [-kit-executor-4] kafka.network.SocketServer               : [SocketServer listenerType=BROKER, nodeId=0] Stopped socket server request processors
2026-01-23T16:20:30.913Z  INFO 7318 --- [-kit-executor-4] kafka.server.KafkaRequestHandlerPool     : [data-plane Kafka Request Handler on Broker 0], shutting down
2026-01-23T16:20:30.914Z  INFO 7318 --- [-kit-executor-4] kafka.server.KafkaRequestHandlerPool     : [data-plane Kafka Request Handler on Broker 0], shut down completely
2026-01-23T16:20:30.914Z  INFO 7318 --- [-kit-executor-4] perationPurgatory$ExpiredOperationReaper : [ExpirationReaper-0-AlterAcls]: Shutting down
2026-01-23T16:20:30.914Z  INFO 7318 --- [-kit-executor-4] perationPurgatory$ExpiredOperationReaper : [ExpirationReaper-0-AlterAcls]: Shutdown completed
2026-01-23T16:20:30.914Z  INFO 7318 --- [per-0-AlterAcls] perationPurgatory$ExpiredOperationReaper : [ExpirationReaper-0-AlterAcls]: Stopped
2026-01-23T16:20:30.914Z  INFO 7318 --- [-kit-executor-4] kafka.server.KafkaApis                   : [KafkaApi-0] Shutdown complete.
2026-01-23T16:20:30.915Z  INFO 7318 --- [-kit-executor-4] k.c.transaction.TransactionCoordinator   : [TransactionCoordinator id=0] Shutting down.
2026-01-23T16:20:30.915Z  INFO 7318 --- [-kit-executor-4] k.c.transaction.TransactionStateManager  : [Transaction State Manager 0]: Shutdown complete
2026-01-23T16:20:30.915Z  INFO 7318 --- [-kit-executor-4] k.c.t.TransactionMarkerChannelManager    : [TxnMarkerSenderThread-0]: Shutting down
2026-01-23T16:20:30.915Z  INFO 7318 --- [rSenderThread-0] k.c.t.TransactionMarkerChannelManager    : [TxnMarkerSenderThread-0]: Stopped
2026-01-23T16:20:30.915Z  INFO 7318 --- [-kit-executor-4] k.c.t.TransactionMarkerChannelManager    : [TxnMarkerSenderThread-0]: Shutdown completed
2026-01-23T16:20:30.916Z  INFO 7318 --- [-kit-executor-4] k.c.transaction.TransactionCoordinator   : [TransactionCoordinator id=0] Shutdown complete.
2026-01-23T16:20:30.916Z  INFO 7318 --- [-kit-executor-4] k.coordinator.group.GroupCoordinator     : [GroupCoordinator 0]: Shutting down.
2026-01-23T16:20:30.916Z  INFO 7318 --- [-kit-executor-4] perationPurgatory$ExpiredOperationReaper : [ExpirationReaper-0-Heartbeat]: Shutting down
2026-01-23T16:20:30.916Z  INFO 7318 --- [per-0-Heartbeat] perationPurgatory$ExpiredOperationReaper : [ExpirationReaper-0-Heartbeat]: Stopped
2026-01-23T16:20:30.916Z  INFO 7318 --- [-kit-executor-4] perationPurgatory$ExpiredOperationReaper : [ExpirationReaper-0-Heartbeat]: Shutdown completed
2026-01-23T16:20:30.916Z  INFO 7318 --- [-kit-executor-4] perationPurgatory$ExpiredOperationReaper : [ExpirationReaper-0-Rebalance]: Shutting down
2026-01-23T16:20:30.916Z  INFO 7318 --- [per-0-Rebalance] perationPurgatory$ExpiredOperationReaper : [ExpirationReaper-0-Rebalance]: Stopped
2026-01-23T16:20:30.916Z  INFO 7318 --- [-kit-executor-4] perationPurgatory$ExpiredOperationReaper : [ExpirationReaper-0-Rebalance]: Shutdown completed
2026-01-23T16:20:30.916Z  INFO 7318 --- [-kit-executor-4] k.coordinator.group.GroupCoordinator     : [GroupCoordinator 0]: Shutdown complete.
2026-01-23T16:20:30.916Z  INFO 7318 --- [-kit-executor-4] kafka.server.ReplicaManager              : [ReplicaManager broker=0] Shutting down
2026-01-23T16:20:30.916Z  INFO 7318 --- [-kit-executor-4] k.s.ReplicaManager$LogDirFailureHandler  : [LogDirFailureHandler]: Shutting down
2026-01-23T16:20:30.916Z  INFO 7318 --- [rFailureHandler] k.s.ReplicaManager$LogDirFailureHandler  : [LogDirFailureHandler]: Stopped
2026-01-23T16:20:30.916Z  INFO 7318 --- [-kit-executor-4] k.s.ReplicaManager$LogDirFailureHandler  : [LogDirFailureHandler]: Shutdown completed
2026-01-23T16:20:30.916Z  INFO 7318 --- [-kit-executor-4] kafka.server.ReplicaFetcherManager       : [ReplicaFetcherManager on broker 0] shutting down
2026-01-23T16:20:30.917Z  INFO 7318 --- [-kit-executor-4] kafka.server.ReplicaFetcherManager       : [ReplicaFetcherManager on broker 0] shutdown completed
2026-01-23T16:20:30.917Z  INFO 7318 --- [-kit-executor-4] k.server.ReplicaAlterLogDirsManager      : [ReplicaAlterLogDirsManager on broker 0] shutting down
2026-01-23T16:20:30.917Z  INFO 7318 --- [-kit-executor-4] k.server.ReplicaAlterLogDirsManager      : [ReplicaAlterLogDirsManager on broker 0] shutdown completed
2026-01-23T16:20:30.917Z  INFO 7318 --- [-kit-executor-4] perationPurgatory$ExpiredOperationReaper : [ExpirationReaper-0-Fetch]: Shutting down
2026-01-23T16:20:30.917Z  INFO 7318 --- [nReaper-0-Fetch] perationPurgatory$ExpiredOperationReaper : [ExpirationReaper-0-Fetch]: Stopped
2026-01-23T16:20:30.917Z  INFO 7318 --- [-kit-executor-4] perationPurgatory$ExpiredOperationReaper : [ExpirationReaper-0-Fetch]: Shutdown completed
2026-01-23T16:20:30.917Z  INFO 7318 --- [-kit-executor-4] perationPurgatory$ExpiredOperationReaper : [ExpirationReaper-0-RemoteFetch]: Shutting down
2026-01-23T16:20:30.917Z  INFO 7318 --- [r-0-RemoteFetch] perationPurgatory$ExpiredOperationReaper : [ExpirationReaper-0-RemoteFetch]: Stopped
2026-01-23T16:20:30.917Z  INFO 7318 --- [-kit-executor-4] perationPurgatory$ExpiredOperationReaper : [ExpirationReaper-0-RemoteFetch]: Shutdown completed
2026-01-23T16:20:30.917Z  INFO 7318 --- [-kit-executor-4] perationPurgatory$ExpiredOperationReaper : [ExpirationReaper-0-Produce]: Shutting down
2026-01-23T16:20:30.917Z  INFO 7318 --- [eaper-0-Produce] perationPurgatory$ExpiredOperationReaper : [ExpirationReaper-0-Produce]: Stopped
2026-01-23T16:20:30.917Z  INFO 7318 --- [-kit-executor-4] perationPurgatory$ExpiredOperationReaper : [ExpirationReaper-0-Produce]: Shutdown completed
2026-01-23T16:20:30.917Z  INFO 7318 --- [-kit-executor-4] perationPurgatory$ExpiredOperationReaper : [ExpirationReaper-0-DeleteRecords]: Shutting down
2026-01-23T16:20:30.917Z  INFO 7318 --- [0-DeleteRecords] perationPurgatory$ExpiredOperationReaper : [ExpirationReaper-0-DeleteRecords]: Stopped
2026-01-23T16:20:30.917Z  INFO 7318 --- [-kit-executor-4] perationPurgatory$ExpiredOperationReaper : [ExpirationReaper-0-DeleteRecords]: Shutdown completed
2026-01-23T16:20:30.917Z  INFO 7318 --- [-kit-executor-4] perationPurgatory$ExpiredOperationReaper : [ExpirationReaper-0-ElectLeader]: Shutting down
2026-01-23T16:20:30.917Z  INFO 7318 --- [r-0-ElectLeader] perationPurgatory$ExpiredOperationReaper : [ExpirationReaper-0-ElectLeader]: Stopped
2026-01-23T16:20:30.917Z  INFO 7318 --- [-kit-executor-4] perationPurgatory$ExpiredOperationReaper : [ExpirationReaper-0-ElectLeader]: Shutdown completed
2026-01-23T16:20:30.923Z  INFO 7318 --- [-kit-executor-4] kafka.server.AddPartitionsToTxnManager   : [AddPartitionsToTxnSenderThread-0]: Shutting down
2026-01-23T16:20:30.923Z  INFO 7318 --- [-kit-executor-4] kafka.server.AddPartitionsToTxnManager   : [AddPartitionsToTxnSenderThread-0]: Shutdown completed
2026-01-23T16:20:30.923Z  INFO 7318 --- [nSenderThread-0] kafka.server.AddPartitionsToTxnManager   : [AddPartitionsToTxnSenderThread-0]: Stopped
2026-01-23T16:20:30.923Z  INFO 7318 --- [-kit-executor-4] kafka.server.ReplicaManager              : [ReplicaManager broker=0] Shut down completely
2026-01-23T16:20:30.923Z  INFO 7318 --- [-kit-executor-4] k.s.BrokerToControllerRequestThread      : [broker-0-to-controller-alter-partition-channel-manager]: Shutting down
2026-01-23T16:20:30.923Z  INFO 7318 --- [channel-manager] k.s.BrokerToControllerRequestThread      : [broker-0-to-controller-alter-partition-channel-manager]: Stopped
2026-01-23T16:20:30.923Z  INFO 7318 --- [-kit-executor-4] k.s.BrokerToControllerRequestThread      : [broker-0-to-controller-alter-partition-channel-manager]: Shutdown completed
2026-01-23T16:20:30.923Z  INFO 7318 --- [-kit-executor-4] k.s.BrokerToControllerChannelManagerImpl : Broker to controller channel manager for alter-partition shutdown
2026-01-23T16:20:30.923Z  INFO 7318 --- [-kit-executor-4] k.s.BrokerToControllerRequestThread      : [broker-0-to-controller-forwarding-channel-manager]: Shutting down
2026-01-23T16:20:30.923Z  INFO 7318 --- [channel-manager] k.s.BrokerToControllerRequestThread      : [broker-0-to-controller-forwarding-channel-manager]: Stopped
2026-01-23T16:20:30.923Z  INFO 7318 --- [-kit-executor-4] k.s.BrokerToControllerRequestThread      : [broker-0-to-controller-forwarding-channel-manager]: Shutdown completed
2026-01-23T16:20:30.923Z  INFO 7318 --- [-kit-executor-4] k.s.BrokerToControllerChannelManagerImpl : Broker to controller channel manager for forwarding shutdown
2026-01-23T16:20:30.923Z  INFO 7318 --- [-kit-executor-4] kafka.log.LogManager                     : Shutting down.
2026-01-23T16:20:30.924Z  INFO 7318 --- [-kit-executor-4] kafka.log.LogCleaner                     : Shutting down the log cleaner.
2026-01-23T16:20:30.924Z  INFO 7318 --- [-kit-executor-4] kafka.log.LogCleaner$CleanerThread       : [kafka-log-cleaner-thread-0]: Shutting down
2026-01-23T16:20:30.924Z  INFO 7318 --- [leaner-thread-0] kafka.log.LogCleaner$CleanerThread       : [kafka-log-cleaner-thread-0]: Stopped
2026-01-23T16:20:30.924Z  INFO 7318 --- [-kit-executor-4] kafka.log.LogCleaner$CleanerThread       : [kafka-log-cleaner-thread-0]: Shutdown completed
2026-01-23T16:20:31.074Z  INFO 7318 --- [/broker_0_data0] o.a.k.s.i.log.ProducerStateManager       : [ProducerStateManager partition=__consumer_offsets-20]Wrote producer snapshot at offset 3 with 0 producer ids in 5 ms.
2026-01-23T16:20:31.090Z  INFO 7318 --- [/broker_0_data0] o.a.k.s.i.log.ProducerStateManager       : [ProducerStateManager partition=trader-updates-0]Wrote producer snapshot at offset 22 with 1 producer ids in 4 ms.
2026-01-23T16:20:31.184Z  INFO 7318 --- [-kit-executor-4] kafka.log.LogManager                     : Shutdown complete.
2026-01-23T16:20:31.184Z  INFO 7318 --- [-kit-executor-4] lientQuotaManager$ThrottledChannelReaper : [broker-0-ThrottledChannelReaper-Fetch]: Shutting down
2026-01-23T16:20:31.186Z  INFO 7318 --- [-kit-executor-4] lientQuotaManager$ThrottledChannelReaper : [broker-0-ThrottledChannelReaper-Fetch]: Shutdown completed
2026-01-23T16:20:31.186Z  INFO 7318 --- [nelReaper-Fetch] lientQuotaManager$ThrottledChannelReaper : [broker-0-ThrottledChannelReaper-Fetch]: Stopped
2026-01-23T16:20:31.186Z  INFO 7318 --- [-kit-executor-4] lientQuotaManager$ThrottledChannelReaper : [broker-0-ThrottledChannelReaper-Produce]: Shutting down
2026-01-23T16:20:31.186Z  INFO 7318 --- [lReaper-Produce] lientQuotaManager$ThrottledChannelReaper : [broker-0-ThrottledChannelReaper-Produce]: Stopped
2026-01-23T16:20:31.186Z  INFO 7318 --- [-kit-executor-4] lientQuotaManager$ThrottledChannelReaper : [broker-0-ThrottledChannelReaper-Produce]: Shutdown completed
2026-01-23T16:20:31.186Z  INFO 7318 --- [-kit-executor-4] lientQuotaManager$ThrottledChannelReaper : [broker-0-ThrottledChannelReaper-Request]: Shutting down
2026-01-23T16:20:31.186Z  INFO 7318 --- [lReaper-Request] lientQuotaManager$ThrottledChannelReaper : [broker-0-ThrottledChannelReaper-Request]: Stopped
2026-01-23T16:20:31.186Z  INFO 7318 --- [-kit-executor-4] lientQuotaManager$ThrottledChannelReaper : [broker-0-ThrottledChannelReaper-Request]: Shutdown completed
2026-01-23T16:20:31.186Z  INFO 7318 --- [-kit-executor-4] lientQuotaManager$ThrottledChannelReaper : [broker-0-ThrottledChannelReaper-ControllerMutation]: Shutting down
2026-01-23T16:20:31.186Z  INFO 7318 --- [trollerMutation] lientQuotaManager$ThrottledChannelReaper : [broker-0-ThrottledChannelReaper-ControllerMutation]: Stopped
2026-01-23T16:20:31.186Z  INFO 7318 --- [-kit-executor-4] lientQuotaManager$ThrottledChannelReaper : [broker-0-ThrottledChannelReaper-ControllerMutation]: Shutdown completed
2026-01-23T16:20:31.187Z  INFO 7318 --- [-kit-executor-4] kafka.network.SocketServer               : [SocketServer listenerType=BROKER, nodeId=0] Shutting down socket server
2026-01-23T16:20:31.194Z  INFO 7318 --- [-kit-executor-4] kafka.network.SocketServer               : [SocketServer listenerType=BROKER, nodeId=0] Shutdown completed
2026-01-23T16:20:31.195Z  INFO 7318 --- [-kit-executor-4] kafka.server.BrokerTopicStats            : Broker and topic stats closed
2026-01-23T16:20:31.195Z  INFO 7318 --- [-kit-executor-4] org.apache.kafka.queue.KafkaEventQueue   : [BrokerLifecycleManager id=0] closed event queue.
2026-01-23T16:20:31.195Z  INFO 7318 --- [-kit-executor-4] kafka.server.BrokerServer                : [BrokerServer id=0] shut down completed
2026-01-23T16:20:31.195Z  INFO 7318 --- [-kit-executor-4] kafka.server.BrokerServer                : [BrokerServer id=0] Transition from SHUTTING_DOWN to SHUTDOWN
2026-01-23T16:20:31.195Z  INFO 7318 --- [-kit-executor-1] kafka.server.ControllerServer            : [ControllerServer id=0] shutting down
2026-01-23T16:20:31.195Z  INFO 7318 --- [-kit-executor-1] ExpirationService$ExpiredOperationReaper : [raft-expiration-reaper]: Shutting down
2026-01-23T16:20:31.329Z  INFO 7318 --- [piration-reaper] ExpirationService$ExpiredOperationReaper : [raft-expiration-reaper]: Stopped
2026-01-23T16:20:31.329Z  INFO 7318 --- [-kit-executor-1] ExpirationService$ExpiredOperationReaper : [raft-expiration-reaper]: Shutdown completed
2026-01-23T16:20:31.330Z  INFO 7318 --- [-kit-executor-1] k.raft.KafkaRaftManager$RaftIoThread     : [kafka-0-raft-io-thread]: Shutting down
2026-01-23T16:20:31.330Z  INFO 7318 --- [-kit-executor-1] org.apache.kafka.raft.KafkaRaftClient    : [RaftManager id=0] Beginning graceful shutdown
2026-01-23T16:20:31.331Z  INFO 7318 --- [-raft-io-thread] org.apache.kafka.raft.KafkaRaftClient    : [RaftManager id=0] Graceful shutdown completed
2026-01-23T16:20:31.332Z  INFO 7318 --- [-raft-io-thread] k.raft.KafkaRaftManager$RaftIoThread     : [kafka-0-raft-io-thread]: Stopped
2026-01-23T16:20:31.332Z  INFO 7318 --- [-kit-executor-1] k.raft.KafkaRaftManager$RaftIoThread     : [kafka-0-raft-io-thread]: Completed graceful shutdown of RaftClient
2026-01-23T16:20:31.332Z  INFO 7318 --- [-kit-executor-1] k.raft.KafkaRaftManager$RaftIoThread     : [kafka-0-raft-io-thread]: Shutdown completed
2026-01-23T16:20:31.339Z  INFO 7318 --- [-kit-executor-1] kafka.raft.RaftSendThread                : [kafka-0-raft-outbound-request-thread]: Shutting down
2026-01-23T16:20:31.339Z  INFO 7318 --- [-request-thread] kafka.raft.RaftSendThread                : [kafka-0-raft-outbound-request-thread]: Stopped
2026-01-23T16:20:31.339Z  INFO 7318 --- [-kit-executor-1] kafka.raft.RaftSendThread                : [kafka-0-raft-outbound-request-thread]: Shutdown completed
2026-01-23T16:20:31.345Z  INFO 7318 --- [-kit-executor-1] o.a.k.s.i.log.ProducerStateManager       : [ProducerStateManager partition=__cluster_metadata-0]Wrote producer snapshot at offset 125 with 0 producer ids in 5 ms.
2026-01-23T16:20:31.354Z  INFO 7318 --- [-kit-executor-1] kafka.network.SocketServer               : [SocketServer listenerType=CONTROLLER, nodeId=0] Stopping socket server request processors
2026-01-23T16:20:31.358Z  INFO 7318 --- [-kit-executor-1] kafka.network.SocketServer               : [SocketServer listenerType=CONTROLLER, nodeId=0] Stopped socket server request processors
2026-01-23T16:20:31.359Z  INFO 7318 --- [-kit-executor-1] org.apache.kafka.queue.KafkaEventQueue   : [QuorumController id=0] QuorumController#beginShutdown: shutting down event queue.
2026-01-23T16:20:31.359Z  INFO 7318 --- [-kit-executor-1] kafka.network.SocketServer               : [SocketServer listenerType=CONTROLLER, nodeId=0] Shutting down socket server
2026-01-23T16:20:31.360Z  INFO 7318 --- [0-event-handler] o.a.kafka.controller.QuorumController    : [QuorumController id=0] writeNoOpRecord: event unable to start processing because of RejectedExecutionException (treated as TimeoutException).
2026-01-23T16:20:31.360Z  INFO 7318 --- [0-event-handler] o.a.kafka.controller.QuorumController    : [QuorumController id=0] maybeBalancePartitionLeaders: event unable to start processing because of RejectedExecutionException (treated as TimeoutException).
2026-01-23T16:20:31.361Z  INFO 7318 --- [-kit-executor-1] kafka.network.SocketServer               : [SocketServer listenerType=CONTROLLER, nodeId=0] Shutdown completed
2026-01-23T16:20:31.362Z  INFO 7318 --- [-kit-executor-1] kafka.server.KafkaRequestHandlerPool     : [data-plane Kafka Request Handler on Broker 0], shutting down
2026-01-23T16:20:31.362Z  INFO 7318 --- [-kit-executor-1] kafka.server.KafkaRequestHandlerPool     : [data-plane Kafka Request Handler on Broker 0], shut down completely
2026-01-23T16:20:31.362Z  INFO 7318 --- [-kit-executor-1] perationPurgatory$ExpiredOperationReaper : [ExpirationReaper-0-AlterAcls]: Shutting down
2026-01-23T16:20:31.362Z  INFO 7318 --- [per-0-AlterAcls] perationPurgatory$ExpiredOperationReaper : [ExpirationReaper-0-AlterAcls]: Stopped
2026-01-23T16:20:31.362Z  INFO 7318 --- [-kit-executor-1] perationPurgatory$ExpiredOperationReaper : [ExpirationReaper-0-AlterAcls]: Shutdown completed
2026-01-23T16:20:31.363Z  INFO 7318 --- [-kit-executor-1] lientQuotaManager$ThrottledChannelReaper : [controller-0-ThrottledChannelReaper-Fetch]: Shutting down
2026-01-23T16:20:31.363Z  INFO 7318 --- [nelReaper-Fetch] lientQuotaManager$ThrottledChannelReaper : [controller-0-ThrottledChannelReaper-Fetch]: Stopped
2026-01-23T16:20:31.363Z  INFO 7318 --- [-kit-executor-1] lientQuotaManager$ThrottledChannelReaper : [controller-0-ThrottledChannelReaper-Fetch]: Shutdown completed
2026-01-23T16:20:31.363Z  INFO 7318 --- [-kit-executor-1] lientQuotaManager$ThrottledChannelReaper : [controller-0-ThrottledChannelReaper-Produce]: Shutting down
2026-01-23T16:20:31.363Z  INFO 7318 --- [lReaper-Produce] lientQuotaManager$ThrottledChannelReaper : [controller-0-ThrottledChannelReaper-Produce]: Stopped
2026-01-23T16:20:31.363Z  INFO 7318 --- [-kit-executor-1] lientQuotaManager$ThrottledChannelReaper : [controller-0-ThrottledChannelReaper-Produce]: Shutdown completed
2026-01-23T16:20:31.363Z  INFO 7318 --- [-kit-executor-1] lientQuotaManager$ThrottledChannelReaper : [controller-0-ThrottledChannelReaper-Request]: Shutting down
2026-01-23T16:20:31.363Z  INFO 7318 --- [lReaper-Request] lientQuotaManager$ThrottledChannelReaper : [controller-0-ThrottledChannelReaper-Request]: Stopped
2026-01-23T16:20:31.363Z  INFO 7318 --- [-kit-executor-1] lientQuotaManager$ThrottledChannelReaper : [controller-0-ThrottledChannelReaper-Request]: Shutdown completed
2026-01-23T16:20:31.363Z  INFO 7318 --- [-kit-executor-1] lientQuotaManager$ThrottledChannelReaper : [controller-0-ThrottledChannelReaper-ControllerMutation]: Shutting down
2026-01-23T16:20:31.363Z  INFO 7318 --- [trollerMutation] lientQuotaManager$ThrottledChannelReaper : [controller-0-ThrottledChannelReaper-ControllerMutation]: Stopped
2026-01-23T16:20:31.363Z  INFO 7318 --- [-kit-executor-1] lientQuotaManager$ThrottledChannelReaper : [controller-0-ThrottledChannelReaper-ControllerMutation]: Shutdown completed
2026-01-23T16:20:31.363Z  INFO 7318 --- [-kit-executor-1] org.apache.kafka.queue.KafkaEventQueue   : [QuorumController id=0] closed event queue.
2026-01-23T16:20:31.364Z  INFO 7318 --- [-kit-executor-1] kafka.server.SharedServer                : [SharedServer id=0] Stopping SharedServer
2026-01-23T16:20:31.364Z  INFO 7318 --- [-kit-executor-1] org.apache.kafka.queue.KafkaEventQueue   : [MetadataLoader id=0] beginShutdown: shutting down event queue.
2026-01-23T16:20:31.364Z  INFO 7318 --- [r-event-handler] org.apache.kafka.queue.KafkaEventQueue   : [SnapshotGenerator id=0] close: shutting down event queue.
2026-01-23T16:20:31.364Z  INFO 7318 --- [r-event-handler] org.apache.kafka.queue.KafkaEventQueue   : [SnapshotGenerator id=0] closed event queue.
2026-01-23T16:20:31.364Z  INFO 7318 --- [-kit-executor-1] org.apache.kafka.queue.KafkaEventQueue   : [MetadataLoader id=0] closed event queue.
2026-01-23T16:20:31.364Z  INFO 7318 --- [-kit-executor-1] org.apache.kafka.queue.KafkaEventQueue   : [SnapshotGenerator id=0] closed event queue.
2026-01-23T16:20:31.365Z  INFO 7318 --- [-kit-executor-1] o.apache.kafka.common.metrics.Metrics    : Metrics scheduler closed
2026-01-23T16:20:31.365Z  INFO 7318 --- [-kit-executor-1] o.apache.kafka.common.metrics.Metrics    : Closing reporter org.apache.kafka.common.metrics.JmxReporter
2026-01-23T16:20:31.365Z  INFO 7318 --- [-kit-executor-1] o.apache.kafka.common.metrics.Metrics    : Metrics reporters closed
2026-01-23T16:20:31.365Z  INFO 7318 --- [-kit-executor-1] o.a.kafka.common.utils.AppInfoParser     : App info kafka.server for 0 unregistered
2026-01-23T16:20:31.390Z  INFO 7318 --- [           main] j.LocalContainerEntityManagerFactoryBean : Closing JPA EntityManagerFactory for persistence unit 'default'
2026-01-23T16:20:31.393Z  INFO 7318 --- [           main] com.zaxxer.hikari.HikariDataSource       : HikariPool-1 - Shutdown initiated...
2026-01-23T16:20:31.393Z  INFO 7318 --- [           main] com.zaxxer.hikari.HikariDataSource       : HikariPool-1 - Shutdown completed.
[INFO] Tests run: 1, Failures: 0, Errors: 0, Skipped: 0, Time elapsed: 4.950 s -- in com.jpmc.midascore.TaskFiveTests
[INFO] 
[INFO] Results:
[INFO] 
[INFO] Tests run: 1, Failures: 0, Errors: 0, Skipped: 0
[INFO] 
[INFO] ------------------------------------------------------------------------
[INFO] BUILD SUCCESS
[INFO] ------------------------------------------------------------------------
[INFO] Total time:  5.541 s
[INFO] Finished at: 2026-01-23T16:20:31Z
[INFO] ------------------------------------------------------------------------
